<html>
<body>
<pre>
<h1>µVision Build Log</h1>
<h2>Tool Versions:</h2>
IDE-Version: ¦ÌVision V5.27.1.0
Copyright (C) 2019 ARM Ltd and ARM Germany GmbH. All rights reserved.
License Information: chenhui Microsoft, Microsoft, LIC=21ETG-V0FKG-KBPER-KC204-4RU7H-AGX8D
 
Tool Versions:
Toolchain:       MDK-ARM Plus  Version: 5.27.1.0
Toolchain Path:  C:\Program Files\Keil_v5\ARM\ARMCC\Bin
C Compiler:      Armcc.exe V5.06 update 6 (build 750)
Assembler:       Armasm.exe V5.06 update 6 (build 750)
Linker/Locator:  ArmLink.exe V5.06 update 6 (build 750)
Library Manager: ArmAr.exe V5.06 update 6 (build 750)
Hex Converter:   FromElf.exe V5.06 update 6 (build 750)
CPU DLL:         SARMCM3.DLL V5.27.1.0
Dialog DLL:      DCM.DLL V1.17.2.0
Target DLL:      lmidk-agdi.dll V???
Dialog DLL:      TCM.DLL V1.36.1.0
 
<h2>Project:</h2>
C:\Users\Chenhui\Documents\Ti\TivaWare_C_Series-2.1.4.178\examples\boards\dk-tm4c129x\freertos_demo\freertos_demo.uvprojx
Project File Date:  11/02/2019

<h2>Output:</h2>
*** Using Compiler 'V5.06 update 6 (build 750)', folder: 'C:\Program Files\Keil_v5\ARM\ARMCC\Bin'
Build target 'freertos_demo'
compiling croutine.c...
compiling display_task.c...
compiling cgifuncs.c...
compiling frame.c...
compiling heap_2.c...
compiling freertos_demo.c...
freertos_demo.c(159): warning:  #177-D: variable "sContext"  was declared but never referenced
      tContext sContext;
freertos_demo.c: 1 warning, 0 errors
compiling idle_task.c...
compiling httpd.c...
compiling images.c...
compiling led_task.c...
led_task.c(60): warning:  #550-D: variable "ui32LastTime"  was set but never used
      portTickType ui32LastTime;
led_task.c: 1 warning, 0 errors
compiling kentec320x240x16_ssd2119.c...
compiling list.c...
compiling fs.c...
compiling locator.c...
compiling lwip_task.c...
compiling pinout.c...
compiling port.c...
compiling queue.c...
compiling random.c...
assembling startup_rvmdk.S...
compiling spider_task.c...
compiling timers.c...
compiling tasks.c...
compiling touch.c...
compiling ustdlib.c...
compiling lwiplib.c...
..\..\..\..\third_party/lwip-1.4.1/src/core/tcp_out.c(845): warning:  #550-D: variable "tcphdr"  was set but never used
    struct tcp_hdr *tcphdr;
..\..\..\..\third_party/lwip-1.4.1/src/core/tcp_out.c(1367): warning:  #550-D: variable "tcphdr"  was set but never used
    struct tcp_hdr *tcphdr;
..\..\..\..\third_party/lwip-1.4.1/ports/tiva-tm4c129/sys_arch.c(589): warning:  #167-D: argument of type "signed char *" is incompatible with parameter of type "const char *const"
    if(xTaskCreate(sys_arch_thread, (signed portCHAR *)name,
..\..\..\..\utils\lwiplib.c(727): warning:  #167-D: argument of type "signed char *" is incompatible with parameter of type "const char *const"
      xTaskCreate(lwIPInterruptTask, (signed portCHAR *)"eth_int",
..\..\..\..\utils\lwiplib.c: 4 warnings, 0 errors
linking...
Program Size: Code=9396 RO-data=3284 RW-data=384 ZI-data=135880  
After Build - User command #1: fromelf --bin --output .\rvmdk\freertos_demo.bin .\rvmdk\freertos_demo.axf
".\rvmdk\freertos_demo.axf" - 0 Error(s), 6 Warning(s).

<h2>Software Packages used:</h2>

Package Vendor: ARM
                http://www.keil.com/pack/ARM.CMSIS.5.5.1.pack
                ARM.CMSIS.5.5.1
                CMSIS (Cortex Microcontroller Software Interface Standard)
   * Component: CORE Version: 5.2.0

Package Vendor: Keil
                http://www.keil.com/pack/Keil.TM4C_DFP.1.1.0.pack
                Keil.TM4C_DFP.1.1.0
                Texas Instruments Tiva C Series Device Support and Examples

<h2>Collection of Component include folders:</h2>
  .\RTE\_freertos_demo
  C:\Users\Chenhui\AppData\Local\Arm\Packs\ARM\CMSIS\5.5.1\CMSIS\Core\Include
  C:\Users\Chenhui\AppData\Local\Arm\Packs\Keil\TM4C_DFP\1.1.0\Device\Include\TM4C129

<h2>Collection of Component Files used:</h2>

   * Component: ARM::CMSIS:CORE:5.2.0
Build Time Elapsed:  00:00:05
</pre>
</body>
</html>
