Component: ARM Compiler 5.06 update 6 (build 750) Tool: armlink [4d35ed]

==============================================================================

Section Cross References

    cgifuncs.o(i.DecodeFormString) refers to cgifuncs.o(i.DecodeHexEscape) for DecodeHexEscape
    cgifuncs.o(i.DecodeHexEscape) refers to cgifuncs.o(i.IsValidHexDigit) for IsValidHexDigit
    cgifuncs.o(i.DecodeHexEscape) refers to cgifuncs.o(i.HexDigit) for HexDigit
    cgifuncs.o(i.EncodeFormString) refers to ustdlib.o(i.usnprintf) for usnprintf
    cgifuncs.o(i.FindCGIParameter) refers to strcmp.o(.text) for strcmp
    cgifuncs.o(i.GetCGIParam) refers to cgifuncs.o(i.FindCGIParameter) for FindCGIParameter
    cgifuncs.o(i.GetCGIParam) refers to cgifuncs.o(i.CheckDecimalParam) for CheckDecimalParam
    display_task.o(i.DisplayDraw) refers to queue.o(i.xQueueGenericSend) for xQueueGenericSend
    display_task.o(i.DisplayDraw) refers to display_task.o(.data) for .data
    display_task.o(i.DisplayImage) refers to queue.o(i.xQueueGenericSend) for xQueueGenericSend
    display_task.o(i.DisplayImage) refers to display_task.o(.data) for .data
    display_task.o(i.DisplayMove) refers to queue.o(i.xQueueGenericSend) for xQueueGenericSend
    display_task.o(i.DisplayMove) refers to display_task.o(.data) for .data
    display_task.o(i.DisplayString) refers to queue.o(i.xQueueGenericSend) for xQueueGenericSend
    display_task.o(i.DisplayString) refers to display_task.o(.data) for .data
    display_task.o(i.DisplayTask) refers to context.o(i.GrContextInit) for GrContextInit
    display_task.o(i.DisplayTask) refers to string.o(i.GrContextFontSet) for GrContextFontSet
    display_task.o(i.DisplayTask) refers to queue.o(i.xQueueGenericReceive) for xQueueGenericReceive
    display_task.o(i.DisplayTask) refers to line.o(i.GrLineDraw) for GrLineDraw
    display_task.o(i.DisplayTask) refers to image.o(i.GrImageDraw) for GrImageDraw
    display_task.o(i.DisplayTask) refers to string.o(i.GrStringDraw) for GrStringDraw
    display_task.o(i.DisplayTask) refers to kentec320x240x16_ssd2119.o(.constdata) for g_sKentec320x240x16_SSD2119
    display_task.o(i.DisplayTask) refers to fontfixed6x8.o(.constdata) for g_sFontFixed6x8
    display_task.o(i.DisplayTask) refers to display_task.o(.data) for .data
    display_task.o(i.DisplayTaskInit) refers to queue.o(i.xQueueGenericCreate) for xQueueGenericCreate
    display_task.o(i.DisplayTaskInit) refers to tasks.o(i.xTaskGenericCreate) for xTaskGenericCreate
    display_task.o(i.DisplayTaskInit) refers to display_task.o(.data) for .data
    display_task.o(i.DisplayTaskInit) refers to display_task.o(i.DisplayTask) for DisplayTask
    frame.o(i.FrameDraw) refers to context.o(i.GrContextClipRegionSet) for GrContextClipRegionSet
    frame.o(i.FrameDraw) refers to image.o(i.GrImageDraw) for GrImageDraw
    frame.o(i.FrameDraw) refers to string.o(i.GrContextFontSet) for GrContextFontSet
    frame.o(i.FrameDraw) refers to string.o(i.GrFontBaselineGet) for GrFontBaselineGet
    frame.o(i.FrameDraw) refers to string.o(i.GrStringWidthGet) for GrStringWidthGet
    frame.o(i.FrameDraw) refers to string.o(i.GrStringDraw) for GrStringDraw
    frame.o(i.FrameDraw) refers to frame.o(.constdata) for .constdata
    frame.o(i.FrameDraw) refers to fontcmss18b.o(.constdata) for g_sFontCmss18b
    freertos_demo.o(i.main) refers to sysctl.o(i.SysCtlClockFreqSet) for SysCtlClockFreqSet
    freertos_demo.o(i.main) refers to pinout.o(i.PinoutSet) for PinoutSet
    freertos_demo.o(i.main) refers to sysctl.o(i.SysCtlMOSCConfigSet) for SysCtlMOSCConfigSet
    freertos_demo.o(i.main) refers to led_task.o(i.LEDTaskInit) for LEDTaskInit
    freertos_demo.o(i.main) refers to tasks.o(i.vTaskStartScheduler) for vTaskStartScheduler
    freertos_demo.o(i.main) refers to freertos_demo.o(.data) for .data
    freertos_demo.o(i.vApplicationStackOverflowHook) refers to context.o(i.GrContextInit) for GrContextInit
    freertos_demo.o(i.vApplicationStackOverflowHook) refers to string.o(i.GrContextFontSet) for GrContextFontSet
    freertos_demo.o(i.vApplicationStackOverflowHook) refers to string.o(i.GrFontBaselineGet) for GrFontBaselineGet
    freertos_demo.o(i.vApplicationStackOverflowHook) refers to string.o(i.GrStringWidthGet) for GrStringWidthGet
    freertos_demo.o(i.vApplicationStackOverflowHook) refers to string.o(i.GrStringDraw) for GrStringDraw
    freertos_demo.o(i.vApplicationStackOverflowHook) refers to kentec320x240x16_ssd2119.o(.constdata) for g_sKentec320x240x16_SSD2119
    freertos_demo.o(i.vApplicationStackOverflowHook) refers to fontcm20.o(.constdata) for g_sFontCm20
    fs.o(i.fs_close) refers to lwiplib.o(i.mem_free) for mem_free
    fs.o(i.fs_open) refers to lwiplib.o(i.mem_malloc) for mem_malloc
    fs.o(i.fs_open) refers to strncmp.o(.text) for strncmp
    fs.o(i.fs_open) refers to lwiplib.o(i.mem_free) for mem_free
    fs.o(i.fs_open) refers to fs.o(.constdata) for .constdata
[...]
    Removing lwiplib.o(i.pbuf_alloc), (284 bytes).
    Removing lwiplib.o(i.pbuf_cat), (40 bytes).
    Removing lwiplib.o(i.pbuf_chain), (18 bytes).
    Removing lwiplib.o(i.pbuf_clen), (18 bytes).
    Removing lwiplib.o(i.pbuf_coalesce), (44 bytes).
    Removing lwiplib.o(i.pbuf_copy), (154 bytes).
    Removing lwiplib.o(i.pbuf_copy_partial), (104 bytes).
    Removing lwiplib.o(i.pbuf_dechain), (38 bytes).
    Removing lwiplib.o(i.pbuf_free), (82 bytes).
    Removing lwiplib.o(i.pbuf_free_callback), (16 bytes).
    Removing lwiplib.o(i.pbuf_free_int), (4 bytes).
    Removing lwiplib.o(i.pbuf_free_ooseq_callback), (44 bytes).
    Removing lwiplib.o(i.pbuf_get_at), (24 bytes).
    Removing lwiplib.o(i.pbuf_header), (96 bytes).
    Removing lwiplib.o(i.pbuf_memcmp), (68 bytes).
    Removing lwiplib.o(i.pbuf_memfind), (60 bytes).
    Removing lwiplib.o(i.pbuf_pool_is_empty), (64 bytes).
    Removing lwiplib.o(i.pbuf_realloc), (78 bytes).
    Removing lwiplib.o(i.pbuf_ref), (26 bytes).
    Removing lwiplib.o(i.pbuf_strstr), (52 bytes).
    Removing lwiplib.o(i.pbuf_take), (78 bytes).
    Removing lwiplib.o(i.perf_init), (2 bytes).
    Removing lwiplib.o(i.plug_holes), (84 bytes).
    Removing lwiplib.o(i.raw_bind), (10 bytes).
    Removing lwiplib.o(i.raw_connect), (10 bytes).
    Removing lwiplib.o(i.raw_input), (112 bytes).
    Removing lwiplib.o(i.raw_new), (44 bytes).
    Removing lwiplib.o(i.raw_recv), (6 bytes).
    Removing lwiplib.o(i.raw_remove), (44 bytes).
    Removing lwiplib.o(i.raw_send), (6 bytes).
    Removing lwiplib.o(i.raw_sendto), (144 bytes).
    Removing lwiplib.o(i.stats_init), (2 bytes).
    Removing lwiplib.o(i.sys_arch_mbox_fetch), (80 bytes).
    Removing lwiplib.o(i.sys_arch_mbox_tryfetch), (30 bytes).
    Removing lwiplib.o(i.sys_arch_protect), (10 bytes).
    Removing lwiplib.o(i.sys_arch_sem_wait), (66 bytes).
    Removing lwiplib.o(i.sys_arch_thread), (48 bytes).
    Removing lwiplib.o(i.sys_arch_unprotect), (4 bytes).
    Removing lwiplib.o(i.sys_init), (76 bytes).
    Removing lwiplib.o(i.sys_mbox_free), (48 bytes).
    Removing lwiplib.o(i.sys_mbox_new), (124 bytes).
    Removing lwiplib.o(i.sys_mbox_post), (26 bytes).
    Removing lwiplib.o(i.sys_mbox_trypost), (44 bytes).
    Removing lwiplib.o(i.sys_mbox_valid), (10 bytes).
    Removing lwiplib.o(i.sys_msleep), (34 bytes).
    Removing lwiplib.o(i.sys_sem_free), (24 bytes).
    Removing lwiplib.o(i.sys_sem_new), (136 bytes).
    Removing lwiplib.o(i.sys_sem_signal), (16 bytes).
    Removing lwiplib.o(i.sys_thread_new), (140 bytes).
    Removing lwiplib.o(i.sys_timeout), (92 bytes).
    Removing lwiplib.o(i.sys_timeouts_init), (68 bytes).
    Removing lwiplib.o(i.sys_timeouts_mbox_fetch), (100 bytes).
    Removing lwiplib.o(i.sys_untimeout), (72 bytes).
    Removing lwiplib.o(i.tcp_abandon), (148 bytes).
    Removing lwiplib.o(i.tcp_abort), (6 bytes).
    Removing lwiplib.o(i.tcp_accept), (4 bytes).
    Removing lwiplib.o(i.tcp_accept_null), (6 bytes).
    Removing lwiplib.o(i.tcp_alloc), (280 bytes).
    Removing lwiplib.o(i.tcp_arg), (4 bytes).
    Removing lwiplib.o(i.tcp_bind), (128 bytes).
    Removing lwiplib.o(i.tcp_close), (20 bytes).
    Removing lwiplib.o(i.tcp_close_shutdown), (292 bytes).
    Removing lwiplib.o(i.tcp_connect), (252 bytes).
    Removing lwiplib.o(i.tcp_create_segment), (160 bytes).
    Removing lwiplib.o(i.tcp_debug_state_str), (12 bytes).
    Removing lwiplib.o(i.tcp_eff_send_mss), (32 bytes).
    Removing lwiplib.o(i.tcp_enqueue_flags), (208 bytes).
    Removing lwiplib.o(i.tcp_err), (6 bytes).
    Removing lwiplib.o(i.tcp_fasttmr), (92 bytes).
    Removing lwiplib.o(i.tcp_init), (2 bytes).
    Removing lwiplib.o(i.tcp_input), (812 bytes).
    Removing lwiplib.o(i.tcp_keepalive), (72 bytes).
    Removing lwiplib.o(i.tcp_listen_input), (232 bytes).
    Removing lwiplib.o(i.tcp_listen_with_backlog), (136 bytes).
    Removing lwiplib.o(i.tcp_new), (6 bytes).
    Removing lwiplib.o(i.tcp_new_port), (92 bytes).
    Removing lwiplib.o(i.tcp_next_iss), (16 bytes).
    Removing lwiplib.o(i.tcp_oos_insert_segment), (112 bytes).
    Removing lwiplib.o(i.tcp_output), (340 bytes).
    Removing lwiplib.o(i.tcp_output_alloc_header), (88 bytes).
    Removing lwiplib.o(i.tcp_output_segment), (180 bytes).
    Removing lwiplib.o(i.tcp_parseopt), (116 bytes).
    Removing lwiplib.o(i.tcp_pbuf_prealloc), (78 bytes).
    Removing lwiplib.o(i.tcp_pcb_purge), (66 bytes).
    Removing lwiplib.o(i.tcp_pcb_remove), (88 bytes).
    Removing lwiplib.o(i.tcp_poll), (10 bytes).
    Removing lwiplib.o(i.tcp_process), (784 bytes).
    Removing lwiplib.o(i.tcp_process_refused_data), (102 bytes).
    Removing lwiplib.o(i.tcp_receive), (1620 bytes).
    Removing lwiplib.o(i.tcp_recv), (6 bytes).
    Removing lwiplib.o(i.tcp_recv_null), (36 bytes).
    Removing lwiplib.o(i.tcp_recved), (54 bytes).
    Removing lwiplib.o(i.tcp_rexmit), (68 bytes).
    Removing lwiplib.o(i.tcp_rexmit_fast), (88 bytes).
    Removing lwiplib.o(i.tcp_rexmit_rto), (46 bytes).
    Removing lwiplib.o(i.tcp_rst), (116 bytes).
    Removing lwiplib.o(i.tcp_seg_copy), (36 bytes).
    Removing lwiplib.o(i.tcp_seg_free), (28 bytes).
    Removing lwiplib.o(i.tcp_segs_free), (18 bytes).
    Removing lwiplib.o(i.tcp_send_empty_ack), (66 bytes).
    Removing lwiplib.o(i.tcp_send_fin), (50 bytes).
    Removing lwiplib.o(i.tcp_sent), (4 bytes).
    Removing lwiplib.o(i.tcp_setprio), (4 bytes).
    Removing lwiplib.o(i.tcp_shutdown), (78 bytes).
    Removing lwiplib.o(i.tcp_slowtmr), (640 bytes).
    Removing lwiplib.o(i.tcp_timer_needed), (40 bytes).
    Removing lwiplib.o(i.tcp_timewait_input), (96 bytes).
    Removing lwiplib.o(i.tcp_tmr), (32 bytes).
    Removing lwiplib.o(i.tcp_update_rcv_ann_wnd), (52 bytes).
    Removing lwiplib.o(i.tcp_write), (756 bytes).
    Removing lwiplib.o(i.tcp_zero_window_probe), (144 bytes).
    Removing lwiplib.o(i.tcpip_callback_with_block), (92 bytes).
    Removing lwiplib.o(i.tcpip_callbackmsg_delete), (8 bytes).
    Removing lwiplib.o(i.tcpip_callbackmsg_new), (26 bytes).
    Removing lwiplib.o(i.tcpip_init), (72 bytes).
    Removing lwiplib.o(i.tcpip_input), (76 bytes).
    Removing lwiplib.o(i.tcpip_tcp_timer), (44 bytes).
    Removing lwiplib.o(i.tcpip_thread), (124 bytes).
    Removing lwiplib.o(i.tcpip_timeout), (64 bytes).
    Removing lwiplib.o(i.tcpip_trycallback), (32 bytes).
    Removing lwiplib.o(i.tcpip_untimeout), (60 bytes).
    Removing lwiplib.o(i.tivaif_hwinit), (188 bytes).
    Removing lwiplib.o(i.tivaif_init), (52 bytes).
    Removing lwiplib.o(i.tivaif_interrupt), (72 bytes).
    Removing lwiplib.o(i.tivaif_process_phy_interrupt), (136 bytes).
    Removing lwiplib.o(i.tivaif_process_transmit), (88 bytes).
    Removing lwiplib.o(i.tivaif_receive), (412 bytes).
    Removing lwiplib.o(i.tivaif_transmit), (320 bytes).
    Removing lwiplib.o(i.udp_bind), (152 bytes).
    Removing lwiplib.o(i.udp_connect), (76 bytes).
    Removing lwiplib.o(i.udp_disconnect), (16 bytes).
    Removing lwiplib.o(i.udp_init), (2 bytes).
    Removing lwiplib.o(i.udp_input), (420 bytes).
    Removing lwiplib.o(i.udp_new), (26 bytes).
    Removing lwiplib.o(i.udp_recv), (6 bytes).
    Removing lwiplib.o(i.udp_remove), (44 bytes).
    Removing lwiplib.o(i.udp_send), (8 bytes).
    Removing lwiplib.o(i.udp_sendto), (56 bytes).
    Removing lwiplib.o(i.udp_sendto_if), (184 bytes).
    Removing lwiplib.o(.bss), (44 bytes).
    Removing lwiplib.o(.constdata), (144 bytes).
    Removing lwiplib.o(.conststring), (118 bytes).
    Removing port.o(i.vPortEndScheduler), (2 bytes).
    Removing queue.o(i.prvCopyDataFromQueue), (38 bytes).
    Removing queue.o(i.ucQueueGetQueueType), (6 bytes).
    Removing queue.o(i.uxQueueGetQueueNumber), (4 bytes).
    Removing queue.o(i.uxQueueMessagesWaiting), (18 bytes).
    Removing queue.o(i.uxQueueMessagesWaitingFromISR), (4 bytes).
    Removing queue.o(i.uxQueueSpacesAvailable), (22 bytes).
    Removing queue.o(i.vQueueAddToRegistry), (36 bytes).
    Removing queue.o(i.vQueueDelete), (18 bytes).
    Removing queue.o(i.vQueueSetQueueNumber), (4 bytes).
    Removing queue.o(i.vQueueUnregisterQueue), (36 bytes).
    Removing queue.o(i.xQueueCreateMutex), (74 bytes).
    Removing queue.o(i.xQueueGenericCreate), (72 bytes).
    Removing queue.o(i.xQueueGenericReceive), (300 bytes).
    Removing queue.o(i.xQueueGenericReset), (112 bytes).
    Removing queue.o(i.xQueueGiveFromISR), (86 bytes).
    Removing queue.o(i.xQueueGiveMutexRecursive), (42 bytes).
    Removing queue.o(i.xQueueIsQueueEmptyFromISR), (12 bytes).
    Removing queue.o(i.xQueueIsQueueFullFromISR), (16 bytes).
    Removing queue.o(i.xQueuePeekFromISR), (44 bytes).
    Removing queue.o(i.xQueueReceiveFromISR), (88 bytes).
    Removing queue.o(i.xQueueTakeMutexRecursive), (50 bytes).
    Removing queue.o(.bss), (80 bytes).
    Removing random.o(i.RandomAddEntropy), (28 bytes).
    Removing random.o(i.RandomNumber), (28 bytes).
    Removing random.o(i.RandomSeed), (356 bytes).
    Removing random.o(.bss), (64 bytes).
    Removing random.o(.data), (8 bytes).
    Removing spider_task.o(i.ControlTask), (140 bytes).
    Removing spider_task.o(i.ControlTouchCallback), (44 bytes).
    Removing spider_task.o(i.CreateSpider), (140 bytes).
    Removing spider_task.o(i.SpiderCollide), (104 bytes).
    Removing spider_task.o(i.SpiderSpeedSet), (40 bytes).
    Removing spider_task.o(i.SpiderTask), (356 bytes).
    Removing spider_task.o(i.SpiderTaskInit), (140 bytes).
    Removing spider_task.o(i.SpiderTouchCollide), (240 bytes).
    Removing spider_task.o(.bss), (256 bytes).
    Removing spider_task.o(.constdata), (64 bytes).
    Removing spider_task.o(.data), (88 bytes).
    Removing startup_rvmdk.o(HEAP), (0 bytes).
    Removing startup_rvmdk.o(.text), (0 bytes).
    Removing tasks.o(i.prvListTaskWithinSingleList), (126 bytes).
    Removing tasks.o(i.prvTaskCheckFreeStackSpace), (20 bytes).
    Removing tasks.o(i.prvTaskIsTaskSuspended), (32 bytes).
    Removing tasks.o(i.pvTaskIncrementMutexHeldCount), (24 bytes).
    Removing tasks.o(i.ulTaskNotifyTake), (156 bytes).
    Removing tasks.o(i.uxTaskGetStackHighWaterMark), (16 bytes).
    Removing tasks.o(i.uxTaskGetSystemState), (152 bytes).
    Removing tasks.o(i.uxTaskGetTaskNumber), (8 bytes).
    Removing tasks.o(i.uxTaskPriorityGet), (28 bytes).
    Removing tasks.o(i.uxTaskPriorityGetFromISR), (36 bytes).
    Removing tasks.o(i.uxTaskResetEventItemValue), (24 bytes).
    Removing tasks.o(i.vTaskDelayUntil), (112 bytes).
    Removing tasks.o(i.vTaskDelete), (144 bytes).
    Removing tasks.o(i.vTaskEndScheduler), (28 bytes).
    Removing tasks.o(i.vTaskNotifyGiveFromISR), (132 bytes).
    Removing tasks.o(i.vTaskPlaceOnUnorderedEventList), (88 bytes).
    Removing tasks.o(i.vTaskPriorityInherit), (132 bytes).
    Removing tasks.o(i.vTaskPrioritySet), (180 bytes).
    Removing tasks.o(i.vTaskResume), (112 bytes).
    Removing tasks.o(i.vTaskSetTaskNumber), (8 bytes).
    Removing tasks.o(i.vTaskSuspend), (160 bytes).
    Removing tasks.o(i.xTaskGenericNotify), (164 bytes).
    Removing tasks.o(i.xTaskGenericNotifyFromISR), (184 bytes).
    Removing tasks.o(i.xTaskGetCurrentTaskHandle), (12 bytes).
    Removing tasks.o(i.xTaskGetTickCountFromISR), (12 bytes).
    Removing tasks.o(i.xTaskNotifyStateClear), (48 bytes).
    Removing tasks.o(i.xTaskNotifyWait), (184 bytes).
    Removing tasks.o(i.xTaskRemoveFromUnorderedEventList), (80 bytes).
    Removing tasks.o(i.xTaskResumeFromISR), (120 bytes).
    Removing touch.o(i.TouchScreenCallbackSet), (12 bytes).
    Removing touch.o(i.TouchScreenInit), (204 bytes).
    Removing touch.o(.constdata), (28 bytes).
    Removing ustdlib.o(i.ucmptime), (82 bytes).
    Removing ustdlib.o(i.ulocaltime), (164 bytes).
    Removing ustdlib.o(i.umktime), (58 bytes).
    Removing ustdlib.o(i.urand), (28 bytes).
    Removing ustdlib.o(i.usnprintf), (18 bytes).
    Removing ustdlib.o(i.usprintf), (22 bytes).
    Removing ustdlib.o(i.usrand), (12 bytes).
    Removing ustdlib.o(i.ustrcasecmp), (8 bytes).
    Removing ustdlib.o(i.ustrcmp), (8 bytes).
    Removing ustdlib.o(i.ustrlen), (16 bytes).
    Removing ustdlib.o(i.ustrncasecmp), (70 bytes).
    Removing ustdlib.o(i.ustrncmp), (46 bytes).
    Removing ustdlib.o(i.ustrncpy), (36 bytes).
    Removing ustdlib.o(i.ustrstr), (42 bytes).
    Removing ustdlib.o(i.ustrtof), (316 bytes).
    Removing ustdlib.o(i.ustrtoul), (158 bytes).
    Removing ustdlib.o(i.uvsnprintf), (592 bytes).
    Removing ustdlib.o(.constdata), (76 bytes).
    Removing ustdlib.o(.conststring), (17 bytes).
    Removing ustdlib.o(.data), (4 bytes).
    Removing emac.o(i.EMACAddrFilterGet), (12 bytes).
    Removing emac.o(i.EMACAddrFilterSet), (18 bytes).
    Removing emac.o(i.EMACAddrGet), (30 bytes).
    Removing emac.o(i.EMACAddrSet), (34 bytes).
    Removing emac.o(i.EMACConfigGet), (68 bytes).
    Removing emac.o(i.EMACConfigSet), (56 bytes).
    Removing emac.o(i.EMACDMAStateGet), (16 bytes).
    Removing emac.o(i.EMACFrameFilterGet), (12 bytes).
    Removing emac.o(i.EMACFrameFilterSet), (16 bytes).
    Removing emac.o(i.EMACHashFilterBitCalculate), (36 bytes).
    Removing emac.o(i.EMACHashFilterGet), (10 bytes).
    Removing emac.o(i.EMACHashFilterSet), (6 bytes).
    Removing emac.o(i.EMACInit), (136 bytes).
    Removing emac.o(i.EMACIntClear), (60 bytes).
    Removing emac.o(i.EMACIntDisable), (60 bytes).
    Removing emac.o(i.EMACIntEnable), (66 bytes).
    Removing emac.o(i.EMACIntRegister), (18 bytes).
    Removing emac.o(i.EMACIntUnregister), (18 bytes).
    Removing emac.o(i.EMACLPIConfig), (26 bytes).
    Removing emac.o(i.EMACLPIEnter), (10 bytes).
    Removing emac.o(i.EMACLPILinkClear), (10 bytes).
    Removing emac.o(i.EMACLPILinkSet), (10 bytes).
    Removing emac.o(i.EMACLPIStatus), (6 bytes).
    Removing emac.o(i.EMACNumAddrGet), (4 bytes).
    Removing emac.o(i.EMACPHYConfigSet), (112 bytes).
    Removing emac.o(i.EMACPHYExtendedRead), (64 bytes).
    Removing emac.o(i.EMACPHYExtendedWrite), (68 bytes).
    Removing emac.o(i.EMACPHYMMDRead), (62 bytes).
    Removing emac.o(i.EMACPHYMMDWrite), (66 bytes).
    Removing emac.o(i.EMACPHYPowerOff), (34 bytes).
    Removing emac.o(i.EMACPHYPowerOn), (34 bytes).
    Removing emac.o(i.EMACPHYRead), (42 bytes).
    Removing emac.o(i.EMACPHYWrite), (42 bytes).
    Removing emac.o(i.EMACPowerManagementControlGet), (10 bytes).
    Removing emac.o(i.EMACPowerManagementControlSet), (16 bytes).
    Removing emac.o(i.EMACRemoteWakeUpFrameFilterGet), (24 bytes).
    Removing emac.o(i.EMACRemoteWakeUpFrameFilterSet), (24 bytes).
    Removing emac.o(i.EMACReset), (24 bytes).
    Removing emac.o(i.EMACRxDMACurrentBufferGet), (6 bytes).
    Removing emac.o(i.EMACRxDMACurrentDescriptorGet), (6 bytes).
    Removing emac.o(i.EMACRxDMADescriptorListGet), (6 bytes).
    Removing emac.o(i.EMACRxDMADescriptorListSet), (6 bytes).
    Removing emac.o(i.EMACRxDMAPollDemand), (8 bytes).
    Removing emac.o(i.EMACRxDisable), (22 bytes).
    Removing emac.o(i.EMACRxEnable), (22 bytes).
    Removing emac.o(i.EMACRxWatchdogTimerSet), (6 bytes).
    Removing emac.o(i.EMACStatusGet), (4 bytes).
    Removing emac.o(i.EMACTimestampAddendSet), (28 bytes).
    Removing emac.o(i.EMACTimestampConfigGet), (14 bytes).
    Removing emac.o(i.EMACTimestampConfigSet), (24 bytes).
    Removing emac.o(i.EMACTimestampDisable), (14 bytes).
    Removing emac.o(i.EMACTimestampEnable), (38 bytes).
    Removing emac.o(i.EMACTimestampPPSCommand), (20 bytes).
    Removing emac.o(i.EMACTimestampPPSCommandModeSet), (20 bytes).
    Removing emac.o(i.EMACTimestampPPSPeriodSet), (10 bytes).
    Removing emac.o(i.EMACTimestampPPSSimpleModeSet), (22 bytes).
    Removing emac.o(i.EMACTimestampSysTimeGet), (22 bytes).
    Removing emac.o(i.EMACTimestampSysTimeSet), (32 bytes).
    Removing emac.o(i.EMACTimestampSysTimeUpdate), (44 bytes).
    Removing emac.o(i.EMACTimestampTargetIntDisable), (14 bytes).
    Removing emac.o(i.EMACTimestampTargetIntEnable), (14 bytes).
    Removing emac.o(i.EMACTimestampTargetSet), (20 bytes).
    Removing emac.o(i.EMACTxDMACurrentBufferGet), (6 bytes).
    Removing emac.o(i.EMACTxDMACurrentDescriptorGet), (6 bytes).
    Removing emac.o(i.EMACTxDMADescriptorListGet), (6 bytes).
    Removing emac.o(i.EMACTxDMADescriptorListSet), (6 bytes).
    Removing emac.o(i.EMACTxDMAPollDemand), (8 bytes).
    Removing emac.o(i.EMACTxDisable), (22 bytes).
    Removing emac.o(i.EMACTxEnable), (22 bytes).
    Removing emac.o(i.EMACTxFlush), (34 bytes).
    Removing emac.o(i.EMACVLANHashFilterBitCalculate), (36 bytes).
    Removing emac.o(i.EMACVLANHashFilterGet), (6 bytes).
    Removing emac.o(i.EMACVLANHashFilterSet), (6 bytes).
    Removing emac.o(i.EMACVLANRxConfigGet), (10 bytes).
    Removing emac.o(i.EMACVLANRxConfigSet), (6 bytes).
    Removing emac.o(i.EMACVLANTxConfigGet), (12 bytes).
    Removing emac.o(i.EMACVLANTxConfigSet), (8 bytes).
    Removing emac.o(i.EMACWoLEnter), (50 bytes).
    Removing emac.o(.constdata), (24 bytes).
    Removing gpio.o(i.GPIOADCTriggerDisable), (14 bytes).
    Removing gpio.o(i.GPIOADCTriggerEnable), (12 bytes).
    Removing gpio.o(i.GPIODMATriggerDisable), (14 bytes).
    Removing gpio.o(i.GPIODMATriggerEnable), (12 bytes).
    Removing gpio.o(i.GPIODirModeGet), (34 bytes).
    Removing gpio.o(i.GPIODirModeSet), (40 bytes).
    Removing gpio.o(i.GPIOIntClear), (6 bytes).
    Removing gpio.o(i.GPIOIntDisable), (14 bytes).
    Removing gpio.o(i.GPIOIntEnable), (12 bytes).
    Removing gpio.o(i.GPIOIntRegister), (26 bytes).
    Removing gpio.o(i.GPIOIntRegisterPin), (30 bytes).
    Removing gpio.o(i.GPIOIntStatus), (14 bytes).
    Removing gpio.o(i.GPIOIntTypeGet), (68 bytes).
    Removing gpio.o(i.GPIOIntTypeSet), (80 bytes).
    Removing gpio.o(i.GPIOIntUnregister), (22 bytes).
    Removing gpio.o(i.GPIOIntUnregisterPin), (26 bytes).
    Removing gpio.o(i.GPIOPadConfigGet), (204 bytes).
    Removing gpio.o(i.GPIOPadConfigSet), (312 bytes).
    Removing gpio.o(i.GPIOPinConfigure), (68 bytes).
    Removing gpio.o(i.GPIOPinRead), (6 bytes).
    Removing gpio.o(i.GPIOPinTypeADC), (28 bytes).
    Removing gpio.o(i.GPIOPinTypeCAN), (28 bytes).
    Removing gpio.o(i.GPIOPinTypeComparator), (28 bytes).
    Removing gpio.o(i.GPIOPinTypeComparatorOutput), (28 bytes).
    Removing gpio.o(i.GPIOPinTypeDIVSCLK), (28 bytes).
    Removing gpio.o(i.GPIOPinTypeEPI), (28 bytes).
    Removing gpio.o(i.GPIOPinTypeEthernetLED), (28 bytes).
    Removing gpio.o(i.GPIOPinTypeEthernetMII), (28 bytes).
    Removing gpio.o(i.GPIOPinTypeGPIOInput), (28 bytes).
    Removing gpio.o(i.GPIOPinTypeGPIOOutput), (28 bytes).
    Removing gpio.o(i.GPIOPinTypeGPIOOutputOD), (28 bytes).
    Removing gpio.o(i.GPIOPinTypeHibernateRTCCLK), (28 bytes).
    Removing gpio.o(i.GPIOPinTypeI2C), (28 bytes).
    Removing gpio.o(i.GPIOPinTypeI2CSCL), (28 bytes).
    Removing gpio.o(i.GPIOPinTypeLCD), (28 bytes).
    Removing gpio.o(i.GPIOPinTypeOneWire), (28 bytes).
    Removing gpio.o(i.GPIOPinTypePWM), (28 bytes).
    Removing gpio.o(i.GPIOPinTypeQEI), (28 bytes).
    Removing gpio.o(i.GPIOPinTypeSSI), (28 bytes).
    Removing gpio.o(i.GPIOPinTypeTimer), (28 bytes).
    Removing gpio.o(i.GPIOPinTypeTrace), (28 bytes).
    Removing gpio.o(i.GPIOPinTypeUART), (28 bytes).
    Removing gpio.o(i.GPIOPinTypeUSBAnalog), (28 bytes).
    Removing gpio.o(i.GPIOPinTypeUSBDigital), (28 bytes).
    Removing gpio.o(i.GPIOPinTypeWakeHigh), (30 bytes).
    Removing gpio.o(i.GPIOPinTypeWakeLow), (30 bytes).
    Removing gpio.o(i.GPIOPinWakeStatus), (6 bytes).
    Removing gpio.o(i.GPIOPinWrite), (6 bytes).
    Removing gpio.o(i._GPIOIntNumberGet), (80 bytes).
    Removing gpio.o(.constdata), (552 bytes).
    Removing interrupt.o(i.IntDisable), (100 bytes).
    Removing interrupt.o(i.IntEnable), (100 bytes).
    Removing interrupt.o(i.IntIsEnabled), (96 bytes).
    Removing interrupt.o(i.IntMasterDisable), (14 bytes).
    Removing interrupt.o(i.IntMasterEnable), (14 bytes).
    Removing interrupt.o(i.IntPendClear), (68 bytes).
    Removing interrupt.o(i.IntPendSet), (84 bytes).
    Removing interrupt.o(i.IntPriorityGet), (28 bytes).
    Removing interrupt.o(i.IntPriorityGroupingGet), (36 bytes).
    Removing interrupt.o(i.IntPriorityGroupingSet), (28 bytes).
    Removing interrupt.o(i.IntPriorityMaskGet), (4 bytes).
    Removing interrupt.o(i.IntPriorityMaskSet), (4 bytes).
    Removing interrupt.o(i.IntPrioritySet), (40 bytes).
    Removing interrupt.o(i.IntRegister), (52 bytes).
    Removing interrupt.o(i.IntTrigger), (12 bytes).
    Removing interrupt.o(i.IntUnregister), (20 bytes).
    Removing interrupt.o(i._IntDefaultHandler), (2 bytes).
    Removing interrupt.o(.constdata), (268 bytes).
    Removing interrupt.o(vtable), (620 bytes).
    Removing lcd.o(i.LCDClockReset), (32 bytes).
    Removing lcd.o(i.LCDDMAConfigSet), (4 bytes).
    Removing lcd.o(i.LCDIDDConfigSet), (4 bytes).
    Removing lcd.o(i.LCDIDDDMADisable), (10 bytes).
    Removing lcd.o(i.LCDIDDDMAWrite), (48 bytes).
    Removing lcd.o(i.LCDIDDDataRead), (14 bytes).
    Removing lcd.o(i.LCDIDDIndexedRead), (22 bytes).
    Removing lcd.o(i.LCDIDDIndexedWrite), (20 bytes).
    Removing lcd.o(i.LCDIDDStatusRead), (14 bytes).
    Removing lcd.o(i.LCDIDDTimingSet), (60 bytes).
    Removing lcd.o(i.LCDIntClear), (4 bytes).
    Removing lcd.o(i.LCDIntDisable), (4 bytes).
    Removing lcd.o(i.LCDIntEnable), (4 bytes).
    Removing lcd.o(i.LCDIntRegister), (18 bytes).
    Removing lcd.o(i.LCDIntStatus), (10 bytes).
    Removing lcd.o(i.LCDIntUnregister), (18 bytes).
    Removing lcd.o(i.LCDModeSet), (38 bytes).
    Removing lcd.o(i.LCDRasterACBiasIntCountSet), (20 bytes).
    Removing lcd.o(i.LCDRasterConfigSet), (8 bytes).
    Removing lcd.o(i.LCDRasterDisable), (10 bytes).
    Removing lcd.o(i.LCDRasterEnable), (40 bytes).
    Removing lcd.o(i.LCDRasterEnabled), (8 bytes).
    Removing lcd.o(i.LCDRasterFrameBufferSet), (18 bytes).
    Removing lcd.o(i.LCDRasterPaletteSet), (102 bytes).
    Removing lcd.o(i.LCDRasterSubPanelConfigSet), (52 bytes).
    Removing lcd.o(i.LCDRasterSubPanelDisable), (10 bytes).
    Removing lcd.o(i.LCDRasterSubPanelEnable), (10 bytes).
    Removing lcd.o(i.LCDRasterTimingSet), (156 bytes).
    Removing sysctl.o(.emb_text), (6 bytes).
    Removing sysctl.o(i.SysCtlAltClkConfig), (12 bytes).
    Removing sysctl.o(i.SysCtlClockGet), (340 bytes).
    Removing sysctl.o(i.SysCtlClockOutConfig), (20 bytes).
    Removing sysctl.o(i.SysCtlClockSet), (288 bytes).
    Removing sysctl.o(i.SysCtlDeepSleep), (32 bytes).
    Removing sysctl.o(i.SysCtlDeepSleepClockConfigSet), (112 bytes).
    Removing sysctl.o(i.SysCtlDeepSleepClockSet), (12 bytes).
    Removing sysctl.o(i.SysCtlDeepSleepPowerSet), (12 bytes).
    Removing sysctl.o(i.SysCtlFlashSectorSizeGet), (56 bytes).
    Removing sysctl.o(i.SysCtlFlashSizeGet), (56 bytes).
    Removing sysctl.o(i.SysCtlGPIOAHBDisable), (28 bytes).
    Removing sysctl.o(i.SysCtlGPIOAHBEnable), (24 bytes).
    Removing sysctl.o(i.SysCtlIntClear), (12 bytes).
    Removing sysctl.o(i.SysCtlIntDisable), (16 bytes).
    Removing sysctl.o(i.SysCtlIntEnable), (16 bytes).
    Removing sysctl.o(i.SysCtlIntRegister), (20 bytes).
    Removing sysctl.o(i.SysCtlIntStatus), (16 bytes).
    Removing sysctl.o(i.SysCtlIntUnregister), (18 bytes).
    Removing sysctl.o(i.SysCtlLDODeepSleepGet), (12 bytes).
    Removing sysctl.o(i.SysCtlLDODeepSleepSet), (12 bytes).
    Removing sysctl.o(i.SysCtlLDOSleepGet), (12 bytes).
    Removing sysctl.o(i.SysCtlLDOSleepSet), (12 bytes).
    Removing sysctl.o(i.SysCtlNMIClear), (16 bytes).
    Removing sysctl.o(i.SysCtlNMIStatus), (12 bytes).
    Removing sysctl.o(i.SysCtlPIOSCCalibrate), (76 bytes).
    Removing sysctl.o(i.SysCtlPWMClockGet), (24 bytes).
    Removing sysctl.o(i.SysCtlPWMClockSet), (20 bytes).
    Removing sysctl.o(i.SysCtlPeripheralClockGating), (68 bytes).
    Removing sysctl.o(i.SysCtlPeripheralDeepSleepDisable), (40 bytes).
    Removing sysctl.o(i.SysCtlPeripheralDeepSleepEnable), (40 bytes).
    Removing sysctl.o(i.SysCtlPeripheralDisable), (40 bytes).
    Removing sysctl.o(i.SysCtlPeripheralEnable), (40 bytes).
    Removing sysctl.o(i.SysCtlPeripheralPowerOff), (40 bytes).
    Removing sysctl.o(i.SysCtlPeripheralPowerOn), (40 bytes).
    Removing sysctl.o(i.SysCtlPeripheralPresent), (44 bytes).
    Removing sysctl.o(i.SysCtlPeripheralReady), (44 bytes).
    Removing sysctl.o(i.SysCtlPeripheralReset), (60 bytes).
    Removing sysctl.o(i.SysCtlPeripheralSleepDisable), (40 bytes).
    Removing sysctl.o(i.SysCtlPeripheralSleepEnable), (40 bytes).
    Removing sysctl.o(i.SysCtlReset), (16 bytes).
    Removing sysctl.o(i.SysCtlResetBehaviorGet), (12 bytes).
    Removing sysctl.o(i.SysCtlResetBehaviorSet), (12 bytes).
    Removing sysctl.o(i.SysCtlResetCauseClear), (16 bytes).
    Removing sysctl.o(i.SysCtlResetCauseGet), (12 bytes).
    Removing sysctl.o(i.SysCtlSRAMSizeGet), (16 bytes).
    Removing sysctl.o(i.SysCtlSleep), (4 bytes).
    Removing sysctl.o(i.SysCtlSleepPowerSet), (12 bytes).
    Removing sysctl.o(i.SysCtlUSBPLLDisable), (16 bytes).
    Removing sysctl.o(i.SysCtlUSBPLLEnable), (16 bytes).
    Removing sysctl.o(i.SysCtlVCOGet), (120 bytes).
    Removing sysctl.o(i.SysCtlVoltageEventClear), (16 bytes).
    Removing sysctl.o(i.SysCtlVoltageEventConfig), (12 bytes).
    Removing sysctl.o(i.SysCtlVoltageEventStatus), (12 bytes).
    Removing timer.o(i.TimerADCEventGet), (4 bytes).
    Removing timer.o(i.TimerADCEventSet), (4 bytes).
    Removing timer.o(i.TimerClockSourceGet), (6 bytes).
    Removing timer.o(i.TimerClockSourceSet), (6 bytes).
    Removing timer.o(i.TimerConfigure), (96 bytes).
    Removing timer.o(i.TimerControlEvent), (18 bytes).
    Removing timer.o(i.TimerControlLevel), (22 bytes).
    Removing timer.o(i.TimerControlStall), (22 bytes).
    Removing timer.o(i.TimerControlTrigger), (80 bytes).
    Removing timer.o(i.TimerControlWaitOnTrigger), (48 bytes).
    Removing timer.o(i.TimerDMAEventGet), (4 bytes).
    Removing timer.o(i.TimerDMAEventSet), (4 bytes).
    Removing timer.o(i.TimerDisable), (16 bytes).
    Removing timer.o(i.TimerEnable), (14 bytes).
    Removing timer.o(i.TimerIntClear), (4 bytes).
    Removing timer.o(i.TimerIntDisable), (10 bytes).
    Removing timer.o(i.TimerIntEnable), (8 bytes).
    Removing timer.o(i.TimerIntRegister), (104 bytes).
    Removing timer.o(i.TimerIntStatus), (10 bytes).
    Removing timer.o(i.TimerIntUnregister), (104 bytes).
    Removing timer.o(i.TimerLoadGet), (10 bytes).
    Removing timer.o(i.TimerLoadGet64), (14 bytes).
    Removing timer.o(i.TimerLoadSet), (18 bytes).
    Removing timer.o(i.TimerLoadSet64), (6 bytes).
    Removing timer.o(i.TimerMatchGet), (10 bytes).
    Removing timer.o(i.TimerMatchGet64), (14 bytes).
    Removing timer.o(i.TimerMatchSet), (18 bytes).
    Removing timer.o(i.TimerMatchSet64), (6 bytes).
    Removing timer.o(i.TimerPrescaleGet), (10 bytes).
    Removing timer.o(i.TimerPrescaleMatchGet), (10 bytes).
    Removing timer.o(i.TimerPrescaleMatchSet), (18 bytes).
    Removing timer.o(i.TimerPrescaleSet), (18 bytes).
    Removing timer.o(i.TimerRTCDisable), (10 bytes).
    Removing timer.o(i.TimerRTCEnable), (10 bytes).
    Removing timer.o(i.TimerSynchronize), (4 bytes).
    Removing timer.o(i.TimerUpdateMode), (42 bytes).
    Removing timer.o(i.TimerValueGet), (10 bytes).
    Removing timer.o(i.TimerValueGet64), (14 bytes).
    Removing timer.o(.constdata), (160 bytes).
    Removing context.o(i.GrContextClipRegionSet), (112 bytes).
    Removing context.o(i.GrLibInit), (12 bytes).
    Removing fontcmss18b.o(.constdata), (1922 bytes).
    Removing fontcmss18b.o(.constdata), (200 bytes).
    Removing fontfixed6x8.o(.constdata), (760 bytes).
    Removing fontfixed6x8.o(.constdata), (200 bytes).
    Removing image.o(i.GrImageDraw), (24 bytes).
    Removing image.o(i.GrTransparentImageDraw), (22 bytes).
    Removing image.o(i.InternalImageDraw), (896 bytes).
    Removing image.o(i.PixelTransparentDraw), (662 bytes).
    Removing image.o(.bss), (32 bytes).
    Removing line.o(i.GrLineDraw), (638 bytes).
    Removing line.o(i.GrLineDrawH), (76 bytes).
    Removing line.o(i.GrLineDrawV), (76 bytes).
    Removing string.o(i.GrCodepageMapTableSet), (10 bytes).
    Removing string.o(i.GrFontBlockCodepointsGet), (84 bytes).
    Removing string.o(i.GrFontCodepageGet), (32 bytes).
    Removing string.o(i.GrFontHeightGet), (44 bytes).
    Removing string.o(i.GrFontInfoGet), (48 bytes).
    Removing string.o(i.GrFontMaxWidthGet), (44 bytes).
    Removing string.o(i.GrFontNumBlocksGet), (32 bytes).
    Removing string.o(i.GrStringCodepageSet), (6 bytes).
    Removing string.o(i.GrStringGet), (596 bytes).
    Removing string.o(i.GrStringLanguageSet), (48 bytes).
    Removing string.o(i.GrStringNextCharGet), (52 bytes).
    Removing string.o(i.GrStringTableSet), (36 bytes).
    Removing string.o(.data), (20 bytes).
    Removing cpu.o(.emb_text), (38 bytes).
    Removing sw_crc.o(i.Crc16), (212 bytes).
    Removing sw_crc.o(i.Crc16Array), (8 bytes).
    Removing sw_crc.o(i.Crc16Array3), (152 bytes).
    Removing sw_crc.o(i.Crc32), (212 bytes).
    Removing sw_crc.o(i.Crc8CCITT), (156 bytes).
    Removing sw_crc.o(.constdata), (1792 bytes).
    Removing charmap.o(i.GrMapISO8859_10_Unicode), (32 bytes).
    Removing charmap.o(i.GrMapISO8859_11_Unicode), (16 bytes).
    Removing charmap.o(i.GrMapISO8859_13_Unicode), (32 bytes).
    Removing charmap.o(i.GrMapISO8859_14_Unicode), (96 bytes).
    Removing charmap.o(i.GrMapISO8859_15_Unicode), (88 bytes).
    Removing charmap.o(i.GrMapISO8859_16_Unicode), (32 bytes).
    Removing charmap.o(i.GrMapISO8859_2_Unicode), (32 bytes).
    Removing charmap.o(i.GrMapISO8859_3_Unicode), (32 bytes).
    Removing charmap.o(i.GrMapISO8859_4_Unicode), (32 bytes).
    Removing charmap.o(i.GrMapISO8859_5_Unicode), (16 bytes).
    Removing charmap.o(i.GrMapISO8859_6_Unicode), (22 bytes).
    Removing charmap.o(i.GrMapISO8859_7_Unicode), (44 bytes).
    Removing charmap.o(i.GrMapISO8859_8_Unicode), (38 bytes).
    Removing charmap.o(i.GrMapISO8859_9_Unicode), (68 bytes).
    Removing charmap.o(i.GrMapUTF16BE_Unicode), (6 bytes).
    Removing charmap.o(i.GrMapUTF16LE_Unicode), (6 bytes).
    Removing charmap.o(i.GrMapUTF16_Unicode), (120 bytes).
    Removing charmap.o(i.GrMapUTF8_Unicode), (146 bytes).
    Removing charmap.o(i.GrMapUnicode_Unicode), (22 bytes).
    Removing charmap.o(i.GrMapWIN1250_Unicode), (32 bytes).
    Removing charmap.o(i.GrMapWIN1251_Unicode), (48 bytes).
    Removing charmap.o(i.GrMapWIN1252_Unicode), (40 bytes).
    Removing charmap.o(i.GrMapWIN1253_Unicode), (48 bytes).
    Removing charmap.o(i.GrMapWIN1254_Unicode), (96 bytes).
    Removing charmap.o(.constdata), (1900 bytes).

810 unused section(s) (total 466898 bytes) removed from the image.

==============================================================================

Image Symbol Table

    Local Symbols

    Symbol Name                              Value     Ov Type        Size  Object(Section)

    RESET                                    0x00000000   Section      540  startup_rvmdk.o(RESET)
    ../clib/../cmprslib/zerorunl2.c          0x00000000   Number         0  __dczerorl2.o ABSOLUTE
    ../clib/microlib/init/entry.s            0x00000000   Number         0  entry7a.o ABSOLUTE
    ../clib/microlib/init/entry.s            0x00000000   Number         0  entry10b.o ABSOLUTE
    ../clib/microlib/init/entry.s            0x00000000   Number         0  entry11a.o ABSOLUTE
    ../clib/microlib/init/entry.s            0x00000000   Number         0  entry11b.o ABSOLUTE
    ../clib/microlib/init/entry.s            0x00000000   Number         0  entry2.o ABSOLUTE
    ../clib/microlib/init/entry.s            0x00000000   Number         0  entry10a.o ABSOLUTE
    ../clib/microlib/init/entry.s            0x00000000   Number         0  entry8b.o ABSOLUTE
    ../clib/microlib/init/entry.s            0x00000000   Number         0  entry8a.o ABSOLUTE
    ../clib/microlib/init/entry.s            0x00000000   Number         0  entry9b.o ABSOLUTE
    ../clib/microlib/init/entry.s            0x00000000   Number         0  entry5.o ABSOLUTE
    ../clib/microlib/init/entry.s            0x00000000   Number         0  entry9a.o ABSOLUTE
    ../clib/microlib/init/entry.s            0x00000000   Number         0  entry7b.o ABSOLUTE
    ../clib/microlib/init/entry.s            0x00000000   Number         0  entry.o ABSOLUTE
    ../clib/microlib/string/memcmp.c         0x00000000   Number         0  memcmp.o ABSOLUTE
    ../clib/microlib/string/memcpy.c         0x00000000   Number         0  memcpyb.o ABSOLUTE
    ../clib/microlib/string/memcpy.c         0x00000000   Number         0  memcpya.o ABSOLUTE
    ../clib/microlib/string/memset.c         0x00000000   Number         0  memseta.o ABSOLUTE
    ../clib/microlib/string/strchr.c         0x00000000   Number         0  strchr.o ABSOLUTE
    ../clib/microlib/string/strcmp.c         0x00000000   Number         0  strcmp.o ABSOLUTE
    ../clib/microlib/string/strlen.c         0x00000000   Number         0  strlen.o ABSOLUTE
    ../clib/microlib/string/strncmp.c        0x00000000   Number         0  strncmp.o ABSOLUTE
    ../clib/microlib/string/strstr.c         0x00000000   Number         0  strstr.o ABSOLUTE
    ..\..\..\..\third_party\FreeRTOS\Source\croutine.c 0x00000000   Number         0  croutine.o ABSOLUTE
    ..\..\..\..\third_party\FreeRTOS\Source\list.c 0x00000000   Number         0  list.o ABSOLUTE
    ..\..\..\..\third_party\FreeRTOS\Source\portable\MemMang\heap_2.c 0x00000000   Number         0  heap_2.o ABSOLUTE
    ..\..\..\..\third_party\FreeRTOS\Source\portable\RVDS\ARM_CM4F\port.c 0x00000000   Number         0  port.o ABSOLUTE
    ..\..\..\..\third_party\FreeRTOS\Source\queue.c 0x00000000   Number         0  queue.o ABSOLUTE
    ..\..\..\..\third_party\FreeRTOS\Source\tasks.c 0x00000000   Number         0  tasks.o ABSOLUTE
    ..\..\..\..\third_party\FreeRTOS\Source\timers.c 0x00000000   Number         0  timers.o ABSOLUTE
    ..\..\..\..\third_party\lwip-1.4.1\apps\httpserver_raw\httpd.c 0x00000000   Number         0  httpd.o ABSOLUTE
    ..\..\..\..\utils\locator.c              0x00000000   Number         0  locator.o ABSOLUTE
    ..\..\..\..\utils\lwiplib.c              0x00000000   Number         0  lwiplib.o ABSOLUTE
    ..\..\..\..\utils\ustdlib.c              0x00000000   Number         0  ustdlib.o ABSOLUTE
    ..\\..\\..\\..\\third_party\\FreeRTOS\\Source\\portable\\RVDS\\ARM_CM4F\\port.c 0x00000000   Number         0  port.o ABSOLUTE
    ..\drivers\frame.c                       0x00000000   Number         0  frame.o ABSOLUTE
    ..\drivers\kentec320x240x16_ssd2119.c    0x00000000   Number         0  kentec320x240x16_ssd2119.o ABSOLUTE
    ..\drivers\pinout.c                      0x00000000   Number         0  pinout.o ABSOLUTE
    ..\drivers\touch.c                       0x00000000   Number         0  touch.o ABSOLUTE
    cgifuncs.c                               0x00000000   Number         0  cgifuncs.o ABSOLUTE
    charmap.c                                0x00000000   Number         0  charmap.o ABSOLUTE
    context.c                                0x00000000   Number         0  context.o ABSOLUTE
    cpu.c                                    0x00000000   Number         0  cpu.o ABSOLUTE
    cpu.c                                    0x00000000   Number         0  cpu.o ABSOLUTE
    dc.s                                     0x00000000   Number         0  dc.o ABSOLUTE
    display_task.c                           0x00000000   Number         0  display_task.o ABSOLUTE
    emac.c                                   0x00000000   Number         0  emac.o ABSOLUTE
    fonts\fontcm20.c                         0x00000000   Number         0  fontcm20.o ABSOLUTE
    fonts\fontcmss18b.c                      0x00000000   Number         0  fontcmss18b.o ABSOLUTE
    fonts\fontfixed6x8.c                     0x00000000   Number         0  fontfixed6x8.o ABSOLUTE
    freertos_demo.c                          0x00000000   Number         0  freertos_demo.o ABSOLUTE
    fs.c                                     0x00000000   Number         0  fs.o ABSOLUTE
    gpio.c                                   0x00000000   Number         0  gpio.o ABSOLUTE
    handlers.s                               0x00000000   Number         0  handlers.o ABSOLUTE
    idle_task.c                              0x00000000   Number         0  idle_task.o ABSOLUTE
    image.c                                  0x00000000   Number         0  image.o ABSOLUTE
    images.c                                 0x00000000   Number         0  images.o ABSOLUTE
    init.s                                   0x00000000   Number         0  init.o ABSOLUTE
    interrupt.c                              0x00000000   Number         0  interrupt.o ABSOLUTE
    lcd.c                                    0x00000000   Number         0  lcd.o ABSOLUTE
    led_task.c                               0x00000000   Number         0  led_task.o ABSOLUTE
    line.c                                   0x00000000   Number         0  line.o ABSOLUTE
    lwip_task.c                              0x00000000   Number         0  lwip_task.o ABSOLUTE
    random.c                                 0x00000000   Number         0  random.o ABSOLUTE
    spider_task.c                            0x00000000   Number         0  spider_task.o ABSOLUTE
    startup_rvmdk.S                          0x00000000   Number         0  startup_rvmdk.o ABSOLUTE
    string.c                                 0x00000000   Number         0  string.o ABSOLUTE
    sw_crc.c                                 0x00000000   Number         0  sw_crc.o ABSOLUTE
    sysctl.c                                 0x00000000   Number         0  sysctl.o ABSOLUTE
    sysctl.c                                 0x00000000   Number         0  sysctl.o ABSOLUTE
    timer.c                                  0x00000000   Number         0  timer.o ABSOLUTE
    $v0                                      0x00000200   Number         0  startup_rvmdk.o(RESET)
    NmiSR                                    0x00000215   Thumb Code     0  startup_rvmdk.o(RESET)
    FaultISR                                 0x00000217   Thumb Code     0  startup_rvmdk.o(RESET)
    IntDefaultHandler                        0x00000219   Thumb Code     0  startup_rvmdk.o(RESET)
    .ARM.Collect$$$$00000000                 0x0000021c   Section        0  entry.o(.ARM.Collect$$$$00000000)
    .ARM.Collect$$$$00000001                 0x0000021c   Section        4  entry2.o(.ARM.Collect$$$$00000001)
    .ARM.Collect$$$$00000004                 0x00000220   Section        4  entry5.o(.ARM.Collect$$$$00000004)
    .ARM.Collect$$$$00000008                 0x00000224   Section        0  entry7b.o(.ARM.Collect$$$$00000008)
    .ARM.Collect$$$$0000000A                 0x00000224   Section        0  entry8b.o(.ARM.Collect$$$$0000000A)
    .ARM.Collect$$$$0000000B                 0x00000224   Section        8  entry9a.o(.ARM.Collect$$$$0000000B)
    .ARM.Collect$$$$0000000D                 0x0000022c   Section        0  entry10a.o(.ARM.Collect$$$$0000000D)
    .ARM.Collect$$$$0000000F                 0x0000022c   Section        0  entry11a.o(.ARM.Collect$$$$0000000F)
    .ARM.Collect$$$$00002712                 0x0000022c   Section        4  entry2.o(.ARM.Collect$$$$00002712)
    __lit__00000000                          0x0000022c   Data           4  entry2.o(.ARM.Collect$$$$00002712)
    .emb_text                                0x00000230   Section      182  port.o(.emb_text)
    $v0                                      0x00000230   Number         0  port.o(.emb_text)
    .text                                    0x000002e6   Section        0  memcpya.o(.text)
    .text                                    0x0000030a   Section        0  memseta.o(.text)
    .text                                    0x00000330   Section       36  init.o(.text)
    .text                                    0x00000354   Section        0  __dczerorl2.o(.text)
    i.DisplayDraw                            0x000003ac   Section        0  display_task.o(i.DisplayDraw)
    i.DisplayIP                              0x000003d0   Section        0  idle_task.o(i.DisplayIP)
    DisplayIP                                0x000003d1   Thumb Code   162  idle_task.o(i.DisplayIP)
    i.DisplayMove                            0x0000048c   Section        0  display_task.o(i.DisplayMove)
    i.DisplayString                          0x000004b0   Section        0  display_task.o(i.DisplayString)
    i.DisplayValue                           0x000004d4   Section        0  idle_task.o(i.DisplayValue)
    DisplayValue                             0x000004d5   Thumb Code   388  idle_task.o(i.DisplayValue)
    i.EMACIntStatus                          0x0000065c   Section        0  emac.o(i.EMACIntStatus)
    i.EMACPowerManagementStatusGet           0x0000068a   Section        0  emac.o(i.EMACPowerManagementStatusGet)
    i.EMACTimestampIntStatus                 0x00000692   Section        0  emac.o(i.EMACTimestampIntStatus)
    i.GrContextFontSet                       0x00000698   Section        0  string.o(i.GrContextFontSet)
    i.GrContextInit                          0x000006a0   Section        0  context.o(i.GrContextInit)
    i.GrDefaultStringRenderer                0x00000704   Section        0  string.o(i.GrDefaultStringRenderer)
    i.GrFontBaselineGet                      0x0000081c   Section        0  string.o(i.GrFontBaselineGet)
    i.GrFontGlyphDataGet                     0x00000848   Section        0  string.o(i.GrFontGlyphDataGet)
    i.GrFontGlyphRender                      0x000008ee   Section        0  string.o(i.GrFontGlyphRender)
    i.GrMapISO8859_1_Unicode                 0x00000b74   Section        0  charmap.o(i.GrMapISO8859_1_Unicode)
    i.GrStringDraw                           0x00000b7c   Section        0  string.o(i.GrStringDraw)
    i.GrStringWidthGet                       0x00000b9c   Section        0  string.o(i.GrStringWidthGet)
    i.Kentec320x240x16_SSD2119ColorTranslate 0x00000c5c   Section        0  kentec320x240x16_ssd2119.o(i.Kentec320x240x16_SSD2119ColorTranslate)
    Kentec320x240x16_SSD2119ColorTranslate   0x00000c5d   Thumb Code    26  kentec320x240x16_ssd2119.o(i.Kentec320x240x16_SSD2119ColorTranslate)
    i.Kentec320x240x16_SSD2119Flush          0x00000c76   Section        0  kentec320x240x16_ssd2119.o(i.Kentec320x240x16_SSD2119Flush)
    Kentec320x240x16_SSD2119Flush            0x00000c77   Thumb Code     2  kentec320x240x16_ssd2119.o(i.Kentec320x240x16_SSD2119Flush)
    i.Kentec320x240x16_SSD2119LineDrawH      0x00000c78   Section        0  kentec320x240x16_ssd2119.o(i.Kentec320x240x16_SSD2119LineDrawH)
    Kentec320x240x16_SSD2119LineDrawH        0x00000c79   Thumb Code    76  kentec320x240x16_ssd2119.o(i.Kentec320x240x16_SSD2119LineDrawH)
    i.Kentec320x240x16_SSD2119LineDrawV      0x00000cc4   Section        0  kentec320x240x16_ssd2119.o(i.Kentec320x240x16_SSD2119LineDrawV)
    Kentec320x240x16_SSD2119LineDrawV        0x00000cc5   Thumb Code    76  kentec320x240x16_ssd2119.o(i.Kentec320x240x16_SSD2119LineDrawV)
    i.Kentec320x240x16_SSD2119PixelDraw      0x00000d10   Section        0  kentec320x240x16_ssd2119.o(i.Kentec320x240x16_SSD2119PixelDraw)
    Kentec320x240x16_SSD2119PixelDraw        0x00000d11   Thumb Code    48  kentec320x240x16_ssd2119.o(i.Kentec320x240x16_SSD2119PixelDraw)
    i.Kentec320x240x16_SSD2119PixelDrawMultiple 0x00000d40   Section        0  kentec320x240x16_ssd2119.o(i.Kentec320x240x16_SSD2119PixelDrawMultiple)
    Kentec320x240x16_SSD2119PixelDrawMultiple 0x00000d41   Thumb Code   278  kentec320x240x16_ssd2119.o(i.Kentec320x240x16_SSD2119PixelDrawMultiple)
    i.Kentec320x240x16_SSD2119RectFill       0x00000e56   Section        0  kentec320x240x16_ssd2119.o(i.Kentec320x240x16_SSD2119RectFill)
    Kentec320x240x16_SSD2119RectFill         0x00000e57   Thumb Code   176  kentec320x240x16_ssd2119.o(i.Kentec320x240x16_SSD2119RectFill)
    i.LCDIDDCommandWrite                     0x00000f06   Section        0  lcd.o(i.LCDIDDCommandWrite)
    i.LCDIDDDataWrite                        0x00000f12   Section        0  lcd.o(i.LCDIDDDataWrite)
    i.LEDTask                                0x00000f20   Section        0  led_task.o(i.LEDTask)
    LEDTask                                  0x00000f21   Thumb Code    52  led_task.o(i.LEDTask)
    i.LEDTaskInit                            0x00000f58   Section        0  led_task.o(i.LEDTaskInit)
    i.PinoutSet                              0x00000f9c   Section        0  pinout.o(i.PinoutSet)
    i.SysCtlClockFreqSet                     0x00000fac   Section        0  sysctl.o(i.SysCtlClockFreqSet)
    i.SysCtlMOSCConfigSet                    0x00001298   Section        0  sysctl.o(i.SysCtlMOSCConfigSet)
    i.TouchScreenDebouncer                   0x000012a4   Section        0  touch.o(i.TouchScreenDebouncer)
    TouchScreenDebouncer                     0x000012a5   Thumb Code   326  touch.o(i.TouchScreenDebouncer)
    i.TouchScreenIntHandler                  0x00001400   Section        0  touch.o(i.TouchScreenIntHandler)
    i.UpdateContextCharMapping               0x0000154c   Section        0  string.o(i.UpdateContextCharMapping)
    UpdateContextCharMapping                 0x0000154d   Thumb Code   108  string.o(i.UpdateContextCharMapping)
    i.WriteCommand                           0x000015b8   Section        0  kentec320x240x16_ssd2119.o(i.WriteCommand)
    WriteCommand                             0x000015b9   Thumb Code    10  kentec320x240x16_ssd2119.o(i.WriteCommand)
    i.WriteData                              0x000015c8   Section        0  kentec320x240x16_ssd2119.o(i.WriteData)
    WriteData                                0x000015c9   Thumb Code    30  kentec320x240x16_ssd2119.o(i.WriteData)
    i.__scatterload_copy                     0x000015ec   Section       14  handlers.o(i.__scatterload_copy)
    i.__scatterload_null                     0x000015fa   Section        2  handlers.o(i.__scatterload_null)
    i.__scatterload_zeroinit                 0x000015fc   Section       14  handlers.o(i.__scatterload_zeroinit)
    i.lwIPEthernetIntHandler                 0x0000160c   Section        0  lwiplib.o(i.lwIPEthernetIntHandler)
    i.lwIPLocalIPAddrGet                     0x000016ac   Section        0  lwiplib.o(i.lwIPLocalIPAddrGet)
    i.main                                   0x000016c8   Section        0  freertos_demo.o(i.main)
    i.prvAddCurrentTaskToDelayedList         0x000016f8   Section        0  tasks.o(i.prvAddCurrentTaskToDelayedList)
    prvAddCurrentTaskToDelayedList           0x000016f9   Thumb Code    48  tasks.o(i.prvAddCurrentTaskToDelayedList)
    i.prvCheckTasksWaitingTermination        0x0000172c   Section        0  tasks.o(i.prvCheckTasksWaitingTermination)
    prvCheckTasksWaitingTermination          0x0000172d   Thumb Code    80  tasks.o(i.prvCheckTasksWaitingTermination)
    i.prvCopyDataToQueue                     0x00001784   Section        0  queue.o(i.prvCopyDataToQueue)
    prvCopyDataToQueue                       0x00001785   Thumb Code   110  queue.o(i.prvCopyDataToQueue)
    i.prvIdleTask                            0x000017f2   Section        0  tasks.o(i.prvIdleTask)
    prvIdleTask                              0x000017f3   Thumb Code    10  tasks.o(i.prvIdleTask)
    i.prvResetNextTaskUnblockTime            0x000017fc   Section        0  tasks.o(i.prvResetNextTaskUnblockTime)
    prvResetNextTaskUnblockTime              0x000017fd   Thumb Code    26  tasks.o(i.prvResetNextTaskUnblockTime)
    i.prvTaskExitError                       0x0000181c   Section        0  port.o(i.prvTaskExitError)
    prvTaskExitError                         0x0000181d   Thumb Code    16  port.o(i.prvTaskExitError)
    i.prvUnlockQueue                         0x0000182c   Section        0  queue.o(i.prvUnlockQueue)
    prvUnlockQueue                           0x0000182d   Thumb Code   100  queue.o(i.prvUnlockQueue)
    i.pvPortMalloc                           0x00001890   Section        0  heap_2.o(i.pvPortMalloc)
    i.pxPortInitialiseStack                  0x00001944   Section        0  port.o(i.pxPortInitialiseStack)
    i.uxListRemove                           0x0000196c   Section        0  list.o(i.uxListRemove)
    i.uxTaskGetNumberOfTasks                 0x00001990   Section        0  tasks.o(i.uxTaskGetNumberOfTasks)
    i.vApplicationIdleHook                   0x0000199c   Section        0  idle_task.o(i.vApplicationIdleHook)
    i.vApplicationStackOverflowHook          0x00001bc0   Section        0  freertos_demo.o(i.vApplicationStackOverflowHook)
    i.vListInitialise                        0x00001c5c   Section        0  list.o(i.vListInitialise)
    i.vListInitialiseItem                    0x00001c72   Section        0  list.o(i.vListInitialiseItem)
    i.vListInsert                            0x00001c78   Section        0  list.o(i.vListInsert)
    i.vListInsertEnd                         0x00001ca8   Section        0  list.o(i.vListInsertEnd)
    i.vPortEnterCritical                     0x00001cc0   Section        0  port.o(i.vPortEnterCritical)
    i.vPortExitCritical                      0x00001cdc   Section        0  port.o(i.vPortExitCritical)
    i.vPortFree                              0x00001cf0   Section        0  heap_2.o(i.vPortFree)
    i.vPortSetupTimerInterrupt               0x00001d2c   Section        0  port.o(i.vPortSetupTimerInterrupt)
    i.vTaskDelay                             0x00001d40   Section        0  tasks.o(i.vTaskDelay)
    i.vTaskMissedYield                       0x00001d94   Section        0  tasks.o(i.vTaskMissedYield)
    i.vTaskPlaceOnEventList                  0x00001da0   Section        0  tasks.o(i.vTaskPlaceOnEventList)
    i.vTaskSetTimeOutState                   0x00001df0   Section        0  tasks.o(i.vTaskSetTimeOutState)
    i.vTaskStartScheduler                    0x00001e00   Section        0  tasks.o(i.vTaskStartScheduler)
    i.vTaskSuspendAll                        0x00001e54   Section        0  tasks.o(i.vTaskSuspendAll)
    i.vTaskSwitchContext                     0x00001e64   Section        0  tasks.o(i.vTaskSwitchContext)
    i.xPortStartScheduler                    0x00001ed4   Section        0  port.o(i.xPortStartScheduler)
    i.xPortSysTickHandler                    0x00001f14   Section        0  port.o(i.xPortSysTickHandler)
    i.xQueueGenericSend                      0x00001f40   Section        0  queue.o(i.xQueueGenericSend)
    i.xQueueGenericSendFromISR               0x00002040   Section        0  queue.o(i.xQueueGenericSendFromISR)
    i.xTaskCheckForTimeOut                   0x000020a0   Section        0  tasks.o(i.xTaskCheckForTimeOut)
    i.xTaskGenericCreate                     0x000020e8   Section        0  tasks.o(i.xTaskGenericCreate)
    i.xTaskGetTickCount                      0x00002270   Section        0  tasks.o(i.xTaskGetTickCount)
    i.xTaskIncrementTick                     0x0000227c   Section        0  tasks.o(i.xTaskIncrementTick)
    i.xTaskPriorityDisinherit                0x00002330   Section        0  tasks.o(i.xTaskPriorityDisinherit)
    i.xTaskRemoveFromEventList               0x000023a0   Section        0  tasks.o(i.xTaskRemoveFromEventList)
    i.xTaskResumeAll                         0x00002404   Section        0  tasks.o(i.xTaskResumeAll)
    .constdata                               0x000024b4   Section       40  kentec320x240x16_ssd2119.o(.constdata)
    .constdata                               0x000024dc   Section      596  sysctl.o(.constdata)
    g_pui32VCOFrequencies                    0x000024dc   Data           8  sysctl.o(.constdata)
    g_pui32Xtals                             0x000024e4   Data         108  sysctl.o(.constdata)
    g_pppui32XTALtoVCO                       0x00002550   Data         432  sysctl.o(.constdata)
    g_sXTALtoMEMTIM                          0x00002700   Data          48  sysctl.o(.constdata)
    .constdata                               0x00002730   Section       16  context.o(.constdata)
    .constdata                               0x00002740   Section     2398  fontcm20.o(.constdata)
    g_pui8Cm20Data                           0x00002740   Data        2398  fontcm20.o(.constdata)
    .constdata                               0x000030a0   Section      200  fontcm20.o(.constdata)
    .data                                    0x20000000   Section       16  display_task.o(.data)
    g_pDisplayQueue                          0x20000004   Data           4  display_task.o(.data)
    g_ui32DisplayX                           0x20000008   Data           4  display_task.o(.data)
    g_ui32DisplayY                           0x2000000c   Data           4  display_task.o(.data)
    .data                                    0x20000010   Section        4  freertos_demo.o(.data)
    .data                                    0x20000014   Section       24  heap_2.o(.data)
    xFreeBytesRemaining                      0x20000014   Data           4  heap_2.o(.data)
    xHeapHasBeenInitialised                  0x20000018   Data           4  heap_2.o(.data)
    xStart                                   0x2000001c   Data           8  heap_2.o(.data)
    xEnd                                     0x20000024   Data           8  heap_2.o(.data)
    .data                                    0x2000002c   Section       44  idle_task.o(.data)
    g_ui32Seconds                            0x2000002c   Data           4  idle_task.o(.data)
    g_ui32IPAddress                          0x20000030   Data           4  idle_task.o(.data)
    g_ui32TXPackets                          0x20000034   Data           4  idle_task.o(.data)
    g_ui32RXPackets                          0x20000038   Data           4  idle_task.o(.data)
    g_ui32Tasks                              0x2000003c   Data           4  idle_task.o(.data)
    g_ui32PreviousTasks                      0x20000040   Data           4  idle_task.o(.data)
    g_pcTaskString                           0x20000044   Data           4  idle_task.o(.data)
    g_pcTxString                             0x20000048   Data           8  idle_task.o(.data)
    g_pcRxString                             0x20000050   Data           8  idle_task.o(.data)
    .data                                    0x20000058   Section      200  lwiplib.o(.data)
    g_bLinkActive                            0x20000058   Data           1  lwiplib.o(.data)
    netif_num                                0x20000059   Data           1  lwiplib.o(.data)
    tcp_timer                                0x2000005c   Data           1  lwiplib.o(.data)
    tcp_timer_ctr                            0x2000005d   Data           1  lwiplib.o(.data)
    flags                                    0x2000005e   Data           1  lwiplib.o(.data)
    recv_flags                               0x2000005f   Data           1  lwiplib.o(.data)
    etharp_cached_entry                      0x20000060   Data           1  lwiplib.o(.data)
    tcp_port                                 0x20000062   Data           2  lwiplib.o(.data)
    udp_port                                 0x20000064   Data           2  lwiplib.o(.data)
    tcplen                                   0x20000066   Data           2  lwiplib.o(.data)
    ip_id                                    0x20000068   Data           2  lwiplib.o(.data)
    g_ui32IPMode                             0x2000006c   Data           4  lwiplib.o(.data)
    xid                                      0x20000070   Data           4  lwiplib.o(.data)
    iss                                      0x20000074   Data           4  lwiplib.o(.data)
    pBuf                                     0x20000078   Data           4  lwiplib.o(.data)
    tcpip_init_done                          0x2000007c   Data           4  lwiplib.o(.data)
    tcpip_init_done_arg                      0x20000080   Data           4  lwiplib.o(.data)
    ram                                      0x20000084   Data           4  lwiplib.o(.data)
    ram_end                                  0x20000088   Data           4  lwiplib.o(.data)
    lfree                                    0x2000008c   Data           4  lwiplib.o(.data)
    raw_pcbs                                 0x20000098   Data           4  lwiplib.o(.data)
    tcphdr                                   0x200000b4   Data           4  lwiplib.o(.data)
    iphdr                                    0x200000b8   Data           4  lwiplib.o(.data)
    seqno                                    0x200000bc   Data           4  lwiplib.o(.data)
    ackno                                    0x200000c0   Data           4  lwiplib.o(.data)
    recv_data                                0x200000c4   Data           4  lwiplib.o(.data)
    next_timeout                             0x200000cc   Data           4  lwiplib.o(.data)
    tcpip_tcp_timer_active                   0x200000d0   Data           4  lwiplib.o(.data)
    g_ui32IPAddr                             0x200000f4   Data           4  lwiplib.o(.data)
    g_ui32NetMask                            0x200000f8   Data           4  lwiplib.o(.data)
    g_ui32GWAddr                             0x200000fc   Data           4  lwiplib.o(.data)
    g_pInterrupt                             0x20000100   Data           4  lwiplib.o(.data)
    g_StellarisIFData                        0x20000114   Data          12  lwiplib.o(.data)
    .data                                    0x20000120   Section       16  lwiplib.o(.data)
    .data                                    0x20000130   Section        4  port.o(.data)
    uxCriticalNesting                        0x20000130   Data           4  port.o(.data)
    .data                                    0x20000134   Section       56  tasks.o(.data)
    uxTasksDeleted                           0x20000138   Data           4  tasks.o(.data)
    uxCurrentNumberOfTasks                   0x2000013c   Data           4  tasks.o(.data)
    xTickCount                               0x20000140   Data           4  tasks.o(.data)
    uxTopReadyPriority                       0x20000144   Data           4  tasks.o(.data)
    xSchedulerRunning                        0x20000148   Data           4  tasks.o(.data)
    uxPendedTicks                            0x2000014c   Data           4  tasks.o(.data)
    xYieldPending                            0x20000150   Data           4  tasks.o(.data)
    xNumOfOverflows                          0x20000154   Data           4  tasks.o(.data)
    uxTaskNumber                             0x20000158   Data           4  tasks.o(.data)
    xNextTaskUnblockTime                     0x2000015c   Data           4  tasks.o(.data)
    uxSchedulerSuspended                     0x20000160   Data           4  tasks.o(.data)
    pxDelayedTaskList                        0x20000164   Data           4  tasks.o(.data)
    pxOverflowDelayedTaskList                0x20000168   Data           4  tasks.o(.data)
    .data                                    0x2000016c   Section       16  touch.o(.data)
    g_ui8State                               0x2000016c   Data           1  touch.o(.data)
    g_i8Index                                0x2000016d   Data           1  touch.o(.data)
    g_ui32TSState                            0x20000174   Data           4  touch.o(.data)
    g_pfnTSHandler                           0x20000178   Data           4  touch.o(.data)
    .data                                    0x2000017c   Section        4  context.o(.data)
    g_psGrLibDefaults                        0x2000017c   Data           4  context.o(.data)
    .bss                                     0x20000180   Section    20240  heap_2.o(.bss)
    ucHeap                                   0x20000180   Data       20240  heap_2.o(.bss)
    .bss                                     0x20005090   Section       36  idle_task.o(.bss)
    g_pcTimeString                           0x20005090   Data          12  idle_task.o(.bss)
    g_pcIPString                             0x2000509c   Data          24  idle_task.o(.bss)
    .bss                                     0x200050b4   Section    111072  lwiplib.o(.bss)
    str                                      0x200050b4   Data          16  lwiplib.o(.bss)
    mbox                                     0x200050c4   Data         136  lwiplib.o(.bss)
    mem_mutex                                0x2001519c   Data          12  lwiplib.o(.bss)
    memp_tab                                 0x200151a8   Data          40  lwiplib.o(.bss)
    memp_memory                              0x200151d0   Data       42611  lwiplib.o(.bss)
    inseg                                    0x2001fa64   Data          16  lwiplib.o(.bss)
    arp_table                                0x2001fa74   Data         200  lwiplib.o(.bss)
    sems                                     0x2001fb3c   Data          48  lwiplib.o(.bss)
    mboxes                                   0x2001fb6c   Data         544  lwiplib.o(.bss)
    threads                                  0x2001fd8c   Data          80  lwiplib.o(.bss)
    g_sNetIF                                 0x2002025c   Data          56  lwiplib.o(.bss)
    .bss                                     0x20020294   Section      420  tasks.o(.bss)
    pxReadyTasksLists                        0x20020294   Data         320  tasks.o(.bss)
    xDelayedTaskList1                        0x200203d4   Data          20  tasks.o(.bss)
    xDelayedTaskList2                        0x200203e8   Data          20  tasks.o(.bss)
    xPendingReadyList                        0x200203fc   Data          20  tasks.o(.bss)
    xTasksWaitingTermination                 0x20020410   Data          20  tasks.o(.bss)
    xSuspendedTaskList                       0x20020424   Data          20  tasks.o(.bss)
    .bss                                     0x20020438   Section       16  touch.o(.bss)
    g_pi16Samples                            0x20020438   Data          16  touch.o(.bss)
    STACK                                    0x20020448   Section     4096  startup_rvmdk.o(STACK)
    StackMem                                 0x20020448   Data           0  startup_rvmdk.o(STACK)

    Global Symbols

    Symbol Name                              Value     Ov Type        Size  Object(Section)

    BuildAttributes$$THM_ISAv4$E$P$D$K$B$S$7EM$VFPi3$EXTD16$VFPS$VFMA$PE$A:L22UL41UL21$X:L11$S22US41US21$IEEE1$IW$USESV6$~STKCKD$USESV7$~SHL$OTIME$EBA8$MICROLIB$REQ8$PRES8$EABIv2 0x00000000   Number         0  anon$$obj.o ABSOLUTE
    __ARM_use_no_argv                        0x00000000   Number         0  freertos_demo.o ABSOLUTE
    __Vectors                                0x00000000   Data           0  startup_rvmdk.o(RESET)
    __cpp_initialize__aeabi_                  - Undefined Weak Reference
    __cxa_finalize                            - Undefined Weak Reference
    _clock_init                               - Undefined Weak Reference
    _microlib_exit                            - Undefined Weak Reference
    Reset_Handler                            0x00000201   Thumb Code     0  startup_rvmdk.o(RESET)
    __main                                   0x0000021d   Thumb Code     0  entry.o(.ARM.Collect$$$$00000000)
    _main_stk                                0x0000021d   Thumb Code     0  entry2.o(.ARM.Collect$$$$00000001)
    _main_scatterload                        0x00000221   Thumb Code     0  entry5.o(.ARM.Collect$$$$00000004)
    __main_after_scatterload                 0x00000225   Thumb Code     0  entry5.o(.ARM.Collect$$$$00000004)
    _main_clock                              0x00000225   Thumb Code     0  entry7b.o(.ARM.Collect$$$$00000008)
    _main_cpp_init                           0x00000225   Thumb Code     0  entry8b.o(.ARM.Collect$$$$0000000A)
    _main_init                               0x00000225   Thumb Code     0  entry9a.o(.ARM.Collect$$$$0000000B)
    __rt_final_cpp                           0x0000022d   Thumb Code     0  entry10a.o(.ARM.Collect$$$$0000000D)
    __rt_final_exit                          0x0000022d   Thumb Code     0  entry11a.o(.ARM.Collect$$$$0000000F)
    vPortSVCHandler                          0x00000231   Thumb Code    28  port.o(.emb_text)
    __asm___6_port_c_39a90d8d__prvStartFirstTask 0x00000251   Thumb Code    28  port.o(.emb_text)
    __asm___6_port_c_39a90d8d__prvEnableVFP  0x00000271   Thumb Code    16  port.o(.emb_text)
    xPortPendSVHandler                       0x00000285   Thumb Code    88  port.o(.emb_text)
    vPortGetIPSR                             0x000002e1   Thumb Code     6  port.o(.emb_text)
    __aeabi_memcpy                           0x000002e7   Thumb Code    36  memcpya.o(.text)
    __aeabi_memcpy4                          0x000002e7   Thumb Code     0  memcpya.o(.text)
    __aeabi_memcpy8                          0x000002e7   Thumb Code     0  memcpya.o(.text)
    __aeabi_memset                           0x0000030b   Thumb Code    14  memseta.o(.text)
    __aeabi_memset4                          0x0000030b   Thumb Code     0  memseta.o(.text)
    __aeabi_memset8                          0x0000030b   Thumb Code     0  memseta.o(.text)
    __aeabi_memclr                           0x00000319   Thumb Code     4  memseta.o(.text)
    __aeabi_memclr4                          0x00000319   Thumb Code     0  memseta.o(.text)
    __aeabi_memclr8                          0x00000319   Thumb Code     0  memseta.o(.text)
    _memset$wrapper                          0x0000031d   Thumb Code    18  memseta.o(.text)
    __scatterload                            0x00000331   Thumb Code    28  init.o(.text)
    __scatterload_rt2                        0x00000331   Thumb Code     0  init.o(.text)
    __decompress                             0x00000355   Thumb Code     0  __dczerorl2.o(.text)
    __decompress1                            0x00000355   Thumb Code    86  __dczerorl2.o(.text)
    DisplayDraw                              0x000003ad   Thumb Code    30  display_task.o(i.DisplayDraw)
    DisplayMove                              0x0000048d   Thumb Code    30  display_task.o(i.DisplayMove)
    DisplayString                            0x000004b1   Thumb Code    32  display_task.o(i.DisplayString)
    EMACIntStatus                            0x0000065d   Thumb Code    46  emac.o(i.EMACIntStatus)
    EMACPowerManagementStatusGet             0x0000068b   Thumb Code     8  emac.o(i.EMACPowerManagementStatusGet)
    EMACTimestampIntStatus                   0x00000693   Thumb Code     6  emac.o(i.EMACTimestampIntStatus)
    GrContextFontSet                         0x00000699   Thumb Code     6  string.o(i.GrContextFontSet)
    GrContextInit                            0x000006a1   Thumb Code    88  context.o(i.GrContextInit)
    GrDefaultStringRenderer                  0x00000705   Thumb Code   280  string.o(i.GrDefaultStringRenderer)
    GrFontBaselineGet                        0x0000081d   Thumb Code    44  string.o(i.GrFontBaselineGet)
    GrFontGlyphDataGet                       0x00000849   Thumb Code   166  string.o(i.GrFontGlyphDataGet)
    GrFontGlyphRender                        0x000008ef   Thumb Code   646  string.o(i.GrFontGlyphRender)
    GrMapISO8859_1_Unicode                   0x00000b75   Thumb Code     8  charmap.o(i.GrMapISO8859_1_Unicode)
    GrStringDraw                             0x00000b7d   Thumb Code    32  string.o(i.GrStringDraw)
    GrStringWidthGet                         0x00000b9d   Thumb Code   192  string.o(i.GrStringWidthGet)
    LCDIDDCommandWrite                       0x00000f07   Thumb Code    12  lcd.o(i.LCDIDDCommandWrite)
    LCDIDDDataWrite                          0x00000f13   Thumb Code    12  lcd.o(i.LCDIDDDataWrite)
    LEDTaskInit                              0x00000f59   Thumb Code    54  led_task.o(i.LEDTaskInit)
    PinoutSet                                0x00000f9d   Thumb Code    12  pinout.o(i.PinoutSet)
    SysCtlClockFreqSet                       0x00000fad   Thumb Code   706  sysctl.o(i.SysCtlClockFreqSet)
    SysCtlMOSCConfigSet                      0x00001299   Thumb Code     6  sysctl.o(i.SysCtlMOSCConfigSet)
    TouchScreenIntHandler                    0x00001401   Thumb Code   290  touch.o(i.TouchScreenIntHandler)
    __scatterload_copy                       0x000015ed   Thumb Code    14  handlers.o(i.__scatterload_copy)
    __scatterload_null                       0x000015fb   Thumb Code     2  handlers.o(i.__scatterload_null)
    __scatterload_zeroinit                   0x000015fd   Thumb Code    14  handlers.o(i.__scatterload_zeroinit)
    lwIPEthernetIntHandler                   0x0000160d   Thumb Code   142  lwiplib.o(i.lwIPEthernetIntHandler)
    lwIPLocalIPAddrGet                       0x000016ad   Thumb Code    18  lwiplib.o(i.lwIPLocalIPAddrGet)
    main                                     0x000016c9   Thumb Code    36  freertos_demo.o(i.main)
    pvPortMalloc                             0x00001891   Thumb Code   172  heap_2.o(i.pvPortMalloc)
    pxPortInitialiseStack                    0x00001945   Thumb Code    36  port.o(i.pxPortInitialiseStack)
    uxListRemove                             0x0000196d   Thumb Code    36  list.o(i.uxListRemove)
    uxTaskGetNumberOfTasks                   0x00001991   Thumb Code     6  tasks.o(i.uxTaskGetNumberOfTasks)
    vApplicationIdleHook                     0x0000199d   Thumb Code   500  idle_task.o(i.vApplicationIdleHook)
    vApplicationStackOverflowHook            0x00001bc1   Thumb Code   122  freertos_demo.o(i.vApplicationStackOverflowHook)
    vListInitialise                          0x00001c5d   Thumb Code    22  list.o(i.vListInitialise)
    vListInitialiseItem                      0x00001c73   Thumb Code     6  list.o(i.vListInitialiseItem)
    vListInsert                              0x00001c79   Thumb Code    48  list.o(i.vListInsert)
    vListInsertEnd                           0x00001ca9   Thumb Code    24  list.o(i.vListInsertEnd)
    vPortEnterCritical                       0x00001cc1   Thumb Code    24  port.o(i.vPortEnterCritical)
    vPortExitCritical                        0x00001cdd   Thumb Code    16  port.o(i.vPortExitCritical)
    vPortFree                                0x00001cf1   Thumb Code    56  heap_2.o(i.vPortFree)
    vPortSetupTimerInterrupt                 0x00001d2d   Thumb Code    14  port.o(i.vPortSetupTimerInterrupt)
    vTaskDelay                               0x00001d41   Thumb Code    74  tasks.o(i.vTaskDelay)
    vTaskMissedYield                         0x00001d95   Thumb Code     8  tasks.o(i.vTaskMissedYield)
    vTaskPlaceOnEventList                    0x00001da1   Thumb Code    70  tasks.o(i.vTaskPlaceOnEventList)
    vTaskSetTimeOutState                     0x00001df1   Thumb Code    12  tasks.o(i.vTaskSetTimeOutState)
    vTaskStartScheduler                      0x00001e01   Thumb Code    66  tasks.o(i.vTaskStartScheduler)
    vTaskSuspendAll                          0x00001e55   Thumb Code    10  tasks.o(i.vTaskSuspendAll)
    vTaskSwitchContext                       0x00001e65   Thumb Code   104  tasks.o(i.vTaskSwitchContext)
    xPortStartScheduler                      0x00001ed5   Thumb Code    52  port.o(i.xPortStartScheduler)
    xPortSysTickHandler                      0x00001f15   Thumb Code    38  port.o(i.xPortSysTickHandler)
    xQueueGenericSend                        0x00001f41   Thumb Code   252  queue.o(i.xQueueGenericSend)
    xQueueGenericSendFromISR                 0x00002041   Thumb Code    96  queue.o(i.xQueueGenericSendFromISR)
    xTaskCheckForTimeOut                     0x000020a1   Thumb Code    66  tasks.o(i.xTaskCheckForTimeOut)
    xTaskGenericCreate                       0x000020e9   Thumb Code   376  tasks.o(i.xTaskGenericCreate)
    xTaskGetTickCount                        0x00002271   Thumb Code     6  tasks.o(i.xTaskGetTickCount)
    xTaskIncrementTick                       0x0000227d   Thumb Code   172  tasks.o(i.xTaskIncrementTick)
    xTaskPriorityDisinherit                  0x00002331   Thumb Code   102  tasks.o(i.xTaskPriorityDisinherit)
    xTaskRemoveFromEventList                 0x000023a1   Thumb Code    88  tasks.o(i.xTaskRemoveFromEventList)
    xTaskResumeAll                           0x00002405   Thumb Code   164  tasks.o(i.xTaskResumeAll)
    g_sKentec320x240x16_SSD2119              0x000024b4   Data          40  kentec320x240x16_ssd2119.o(.constdata)
    g_psDefaultCodePointMapTable             0x00002730   Data          16  context.o(.constdata)
    g_sFontCm20                              0x000030a0   Data         200  fontcm20.o(.constdata)
    Region$$Table$$Base                      0x00003168   Number         0  anon$$obj.o(Region$$Table)
    Region$$Table$$Limit                     0x00003188   Number         0  anon$$obj.o(Region$$Table)
    g_sDisplayTask                           0x20000000   Data           4  display_task.o(.data)
    g_ui32SysClock                           0x20000010   Data           4  freertos_demo.o(.data)
    pbuf_free_ooseq_pending                  0x2000005a   Data           1  lwiplib.o(.data)
    tcp_active_pcbs_changed                  0x2000005b   Data           1  lwiplib.o(.data)
    netif_list                               0x20000090   Data           4  lwiplib.o(.data)
    netif_default                            0x20000094   Data           4  lwiplib.o(.data)
    tcp_ticks                                0x2000009c   Data           4  lwiplib.o(.data)
    tcp_bound_pcbs                           0x200000a0   Data           4  lwiplib.o(.data)
    tcp_listen_pcbs                          0x200000a4   Data           4  lwiplib.o(.data)
    tcp_active_pcbs                          0x200000a8   Data           4  lwiplib.o(.data)
    tcp_tw_pcbs                              0x200000ac   Data           4  lwiplib.o(.data)
    tcp_tmp_pcb                              0x200000b0   Data           4  lwiplib.o(.data)
    tcp_input_pcb                            0x200000c8   Data           4  lwiplib.o(.data)
    udp_pcbs                                 0x200000d4   Data           4  lwiplib.o(.data)
    current_netif                            0x200000d8   Data           4  lwiplib.o(.data)
    current_header                           0x200000dc   Data           4  lwiplib.o(.data)
    current_iphdr_src                        0x200000e0   Data           4  lwiplib.o(.data)
    current_iphdr_dest                       0x200000e4   Data           4  lwiplib.o(.data)
    g_ui32NormalInts                         0x200000e8   Data           4  lwiplib.o(.data)
    g_ui32AbnormalInts                       0x200000ec   Data           4  lwiplib.o(.data)
    g_pfnTimerHandler                        0x200000f0   Data           4  lwiplib.o(.data)
    g_TxDescList                             0x20000104   Data          16  lwiplib.o(.data)
    g_RxDescList                             0x20000120   Data          16  lwiplib.o(.data)
    pxCurrentTCB                             0x20000134   Data           4  tasks.o(.data)
    g_i16TouchMin                            0x2000016e   Data           2  touch.o(.data)
    g_i16TouchX                              0x20000170   Data           2  touch.o(.data)
    g_i16TouchY                              0x20000172   Data           2  touch.o(.data)
    dhcp_rx_options_val                      0x2000514c   Data          40  lwiplib.o(.bss)
    dhcp_rx_options_given                    0x20005174   Data          10  lwiplib.o(.bss)
    ram_heap                                 0x2000517e   Data       65564  lwiplib.o(.bss)
    lwip_stats                               0x2001f844   Data         544  lwiplib.o(.bss)
    g_pTxDescriptors                         0x2001fddc   Data         864  lwiplib.o(.bss)
    g_pRxDescriptors                         0x2002013c   Data         288  lwiplib.o(.bss)
    __initial_sp                             0x20021448   Data           0  startup_rvmdk.o(STACK)



==============================================================================

Memory Map of the image

  Image Entry point : 0x00000201

  Load Region LR_IROM (Base: 0x00000000, Size: 0x00003308, Max: 0x00100000, ABSOLUTE, COMPRESSED[0x000031b8])

    Execution Region ER_IROM (Exec base: 0x00000000, Load base: 0x00000000, Size: 0x00003188, Max: 0x00100000, ABSOLUTE)

    Exec Addr    Load Addr    Size         Type   Attr      Idx    E Section Name        Object

    0x00000000   0x00000000   0x0000021c   Code   RO         3005  * RESET               startup_rvmdk.o
    0x0000021c   0x0000021c   0x00000000   Code   RO         5670  * .ARM.Collect$$$$00000000  mc_w.l(entry.o)
    0x0000021c   0x0000021c   0x00000004   Code   RO         5691    .ARM.Collect$$$$00000001  mc_w.l(entry2.o)
    0x00000220   0x00000220   0x00000004   Code   RO         5694    .ARM.Collect$$$$00000004  mc_w.l(entry5.o)
    0x00000224   0x00000224   0x00000000   Code   RO         5696    .ARM.Collect$$$$00000008  mc_w.l(entry7b.o)
    0x00000224   0x00000224   0x00000000   Code   RO         5698    .ARM.Collect$$$$0000000A  mc_w.l(entry8b.o)
    0x00000224   0x00000224   0x00000008   Code   RO         5699    .ARM.Collect$$$$0000000B  mc_w.l(entry9a.o)
    0x0000022c   0x0000022c   0x00000000   Code   RO         5701    .ARM.Collect$$$$0000000D  mc_w.l(entry10a.o)
    0x0000022c   0x0000022c   0x00000000   Code   RO         5703    .ARM.Collect$$$$0000000F  mc_w.l(entry11a.o)
    0x0000022c   0x0000022c   0x00000004   Code   RO         5692    .ARM.Collect$$$$00002712  mc_w.l(entry2.o)
    0x00000230   0x00000230   0x000000b6   Code   RO         2672    .emb_text           port.o
    0x000002e6   0x000002e6   0x00000024   Code   RO         5673    .text               mc_w.l(memcpya.o)
    0x0000030a   0x0000030a   0x00000024   Code   RO         5675    .text               mc_w.l(memseta.o)
    0x0000032e   0x0000032e   0x00000002   PAD
    0x00000330   0x00000330   0x00000024   Code   RO         5705    .text               mc_w.l(init.o)
    0x00000354   0x00000354   0x00000056   Code   RO         5715    .text               mc_w.l(__dczerorl2.o)
    0x000003aa   0x000003aa   0x00000002   PAD
    0x000003ac   0x000003ac   0x00000024   Code   RO          119    i.DisplayDraw       display_task.o
    0x000003d0   0x000003d0   0x000000bc   Code   RO          633    i.DisplayIP         idle_task.o
    0x0000048c   0x0000048c   0x00000024   Code   RO          121    i.DisplayMove       display_task.o
    0x000004b0   0x000004b0   0x00000024   Code   RO          122    i.DisplayString     display_task.o
    0x000004d4   0x000004d4   0x00000188   Code   RO          634    i.DisplayValue      idle_task.o
    0x0000065c   0x0000065c   0x0000002e   Code   RO         3487    i.EMACIntStatus     driverlib.lib(emac.o)
    0x0000068a   0x0000068a   0x00000008   Code   RO         3506    i.EMACPowerManagementStatusGet  driverlib.lib(emac.o)
    0x00000692   0x00000692   0x00000006   Code   RO         3524    i.EMACTimestampIntStatus  driverlib.lib(emac.o)
    0x00000698   0x00000698   0x00000006   Code   RO         5340    i.GrContextFontSet  grlib.lib(string.o)
    0x0000069e   0x0000069e   0x00000002   PAD
    0x000006a0   0x000006a0   0x00000064   Code   RO         5201    i.GrContextInit     grlib.lib(context.o)
    0x00000704   0x00000704   0x00000118   Code   RO         5341    i.GrDefaultStringRenderer  grlib.lib(string.o)
    0x0000081c   0x0000081c   0x0000002c   Code   RO         5342    i.GrFontBaselineGet  grlib.lib(string.o)
    0x00000848   0x00000848   0x000000a6   Code   RO         5345    i.GrFontGlyphDataGet  grlib.lib(string.o)
    0x000008ee   0x000008ee   0x00000286   Code   RO         5346    i.GrFontGlyphRender  grlib.lib(string.o)
    0x00000b74   0x00000b74   0x00000008   Code   RO         5518    i.GrMapISO8859_1_Unicode  grlib.lib(charmap.o)
    0x00000b7c   0x00000b7c   0x00000020   Code   RO         5352    i.GrStringDraw      grlib.lib(string.o)
    0x00000b9c   0x00000b9c   0x000000c0   Code   RO         5357    i.GrStringWidthGet  grlib.lib(string.o)
    0x00000c5c   0x00000c5c   0x0000001a   Code   RO          695    i.Kentec320x240x16_SSD2119ColorTranslate  kentec320x240x16_ssd2119.o
    0x00000c76   0x00000c76   0x00000002   Code   RO          696    i.Kentec320x240x16_SSD2119Flush  kentec320x240x16_ssd2119.o
    0x00000c78   0x00000c78   0x0000004c   Code   RO          698    i.Kentec320x240x16_SSD2119LineDrawH  kentec320x240x16_ssd2119.o
    0x00000cc4   0x00000cc4   0x0000004c   Code   RO          699    i.Kentec320x240x16_SSD2119LineDrawV  kentec320x240x16_ssd2119.o
    0x00000d10   0x00000d10   0x00000030   Code   RO          700    i.Kentec320x240x16_SSD2119PixelDraw  kentec320x240x16_ssd2119.o
    0x00000d40   0x00000d40   0x00000116   Code   RO          701    i.Kentec320x240x16_SSD2119PixelDrawMultiple  kentec320x240x16_ssd2119.o
    0x00000e56   0x00000e56   0x000000b0   Code   RO          702    i.Kentec320x240x16_SSD2119RectFill  kentec320x240x16_ssd2119.o
    0x00000f06   0x00000f06   0x0000000c   Code   RO         4423    i.LCDIDDCommandWrite  driverlib.lib(lcd.o)
    0x00000f12   0x00000f12   0x0000000c   Code   RO         4428    i.LCDIDDDataWrite   driverlib.lib(lcd.o)
    0x00000f1e   0x00000f1e   0x00000002   PAD
    0x00000f20   0x00000f20   0x00000038   Code   RO          782    i.LEDTask           led_task.o
    0x00000f58   0x00000f58   0x00000044   Code   RO          783    i.LEDTaskInit       led_task.o
    0x00000f9c   0x00000f9c   0x00000010   Code   RO         2657    i.PinoutSet         pinout.o
    0x00000fac   0x00000fac   0x000002ec   Code   RO         4615    i.SysCtlClockFreqSet  driverlib.lib(sysctl.o)
    0x00001298   0x00001298   0x0000000c   Code   RO         4637    i.SysCtlMOSCConfigSet  driverlib.lib(sysctl.o)
    0x000012a4   0x000012a4   0x0000015c   Code   RO         3312    i.TouchScreenDebouncer  touch.o
    0x00001400   0x00001400   0x0000014c   Code   RO         3314    i.TouchScreenIntHandler  touch.o
    0x0000154c   0x0000154c   0x0000006c   Code   RO         5358    i.UpdateContextCharMapping  grlib.lib(string.o)
    0x000015b8   0x000015b8   0x00000010   Code   RO          703    i.WriteCommand      kentec320x240x16_ssd2119.o
    0x000015c8   0x000015c8   0x00000024   Code   RO          704    i.WriteData         kentec320x240x16_ssd2119.o
    0x000015ec   0x000015ec   0x0000000e   Code   RO         5709    i.__scatterload_copy  mc_w.l(handlers.o)
    0x000015fa   0x000015fa   0x00000002   Code   RO         5710    i.__scatterload_null  mc_w.l(handlers.o)
    0x000015fc   0x000015fc   0x0000000e   Code   RO         5711    i.__scatterload_zeroinit  mc_w.l(handlers.o)
    0x0000160a   0x0000160a   0x00000002   PAD
    0x0000160c   0x0000160c   0x000000a0   Code   RO         1022    i.lwIPEthernetIntHandler  lwiplib.o
    0x000016ac   0x000016ac   0x0000001c   Code   RO         1027    i.lwIPLocalIPAddrGet  lwiplib.o
    0x000016c8   0x000016c8   0x00000030   Code   RO          204    i.main              freertos_demo.o
    0x000016f8   0x000016f8   0x00000034   Code   RO         3009    i.prvAddCurrentTaskToDelayedList  tasks.o
    0x0000172c   0x0000172c   0x00000058   Code   RO         3010    i.prvCheckTasksWaitingTermination  tasks.o
    0x00001784   0x00001784   0x0000006e   Code   RO         2742    i.prvCopyDataToQueue  queue.o
    0x000017f2   0x000017f2   0x0000000a   Code   RO         3011    i.prvIdleTask       tasks.o
    0x000017fc   0x000017fc   0x00000020   Code   RO         3013    i.prvResetNextTaskUnblockTime  tasks.o
    0x0000181c   0x0000181c   0x00000010   Code   RO         2673    i.prvTaskExitError  port.o
    0x0000182c   0x0000182c   0x00000064   Code   RO         2743    i.prvUnlockQueue    queue.o
    0x00001890   0x00001890   0x000000b4   Code   RO          459    i.pvPortMalloc      heap_2.o
    0x00001944   0x00001944   0x00000028   Code   RO         2674    i.pxPortInitialiseStack  port.o
    0x0000196c   0x0000196c   0x00000024   Code   RO          805    i.uxListRemove      list.o
    0x00001990   0x00001990   0x0000000c   Code   RO         3018    i.uxTaskGetNumberOfTasks  tasks.o
    0x0000199c   0x0000199c   0x00000224   Code   RO          635    i.vApplicationIdleHook  idle_task.o
    0x00001bc0   0x00001bc0   0x0000009c   Code   RO          205    i.vApplicationStackOverflowHook  freertos_demo.o
    0x00001c5c   0x00001c5c   0x00000016   Code   RO          806    i.vListInitialise   list.o
    0x00001c72   0x00001c72   0x00000006   Code   RO          807    i.vListInitialiseItem  list.o
    0x00001c78   0x00001c78   0x00000030   Code   RO          808    i.vListInsert       list.o
    0x00001ca8   0x00001ca8   0x00000018   Code   RO          809    i.vListInsertEnd    list.o
    0x00001cc0   0x00001cc0   0x0000001c   Code   RO         2676    i.vPortEnterCritical  port.o
    0x00001cdc   0x00001cdc   0x00000014   Code   RO         2677    i.vPortExitCritical  port.o
    0x00001cf0   0x00001cf0   0x0000003c   Code   RO          460    i.vPortFree         heap_2.o
    0x00001d2c   0x00001d2c   0x00000014   Code   RO         2678    i.vPortSetupTimerInterrupt  port.o
    0x00001d40   0x00001d40   0x00000054   Code   RO         3025    i.vTaskDelay        tasks.o
    0x00001d94   0x00001d94   0x0000000c   Code   RO         3029    i.vTaskMissedYield  tasks.o
    0x00001da0   0x00001da0   0x00000050   Code   RO         3031    i.vTaskPlaceOnEventList  tasks.o
    0x00001df0   0x00001df0   0x00000010   Code   RO         3037    i.vTaskSetTimeOutState  tasks.o
    0x00001e00   0x00001e00   0x00000054   Code   RO         3038    i.vTaskStartScheduler  tasks.o
    0x00001e54   0x00001e54   0x00000010   Code   RO         3040    i.vTaskSuspendAll   tasks.o
    0x00001e64   0x00001e64   0x00000070   Code   RO         3041    i.vTaskSwitchContext  tasks.o
    0x00001ed4   0x00001ed4   0x00000040   Code   RO         2679    i.xPortStartScheduler  port.o
    0x00001f14   0x00001f14   0x0000002c   Code   RO         2680    i.xPortSysTickHandler  port.o
    0x00001f40   0x00001f40   0x00000100   Code   RO         2757    i.xQueueGenericSend  queue.o
    0x00002040   0x00002040   0x00000060   Code   RO         2758    i.xQueueGenericSendFromISR  queue.o
    0x000020a0   0x000020a0   0x00000048   Code   RO         3042    i.xTaskCheckForTimeOut  tasks.o
    0x000020e8   0x000020e8   0x00000188   Code   RO         3043    i.xTaskGenericCreate  tasks.o
    0x00002270   0x00002270   0x0000000c   Code   RO         3047    i.xTaskGetTickCount  tasks.o
    0x0000227c   0x0000227c   0x000000b4   Code   RO         3049    i.xTaskIncrementTick  tasks.o
    0x00002330   0x00002330   0x00000070   Code   RO         3052    i.xTaskPriorityDisinherit  tasks.o
    0x000023a0   0x000023a0   0x00000064   Code   RO         3053    i.xTaskRemoveFromEventList  tasks.o
    0x00002404   0x00002404   0x000000b0   Code   RO         3055    i.xTaskResumeAll    tasks.o
    0x000024b4   0x000024b4   0x00000028   Data   RO          705    .constdata          kentec320x240x16_ssd2119.o
    0x000024dc   0x000024dc   0x00000254   Data   RO         4669    .constdata          driverlib.lib(sysctl.o)
    0x00002730   0x00002730   0x00000010   Data   RO         5203    .constdata          grlib.lib(context.o)
    0x00002740   0x00002740   0x0000095e   Data   RO         5241    .constdata          grlib.lib(fontcm20.o)
    0x0000309e   0x0000309e   0x00000002   PAD
    0x000030a0   0x000030a0   0x000000c8   Data   RO         5242    .constdata          grlib.lib(fontcm20.o)
    0x00003168   0x00003168   0x00000020   Data   RO         5707    Region$$Table       anon$$obj.o


    Execution Region RW_IRAM (Exec base: 0x20000000, Load base: 0x00003188, Size: 0x00021448, Max: 0x00040000, ABSOLUTE, COMPRESSED[0x00000030])

    Exec Addr    Load Addr    Size         Type   Attr      Idx    E Section Name        Object

    0x20000000   COMPRESSED   0x00000010   Data   RW          125    .data               display_task.o
    0x20000010   COMPRESSED   0x00000004   Data   RW          206    .data               freertos_demo.o
    0x20000014   COMPRESSED   0x00000018   Data   RW          464    .data               heap_2.o
    0x2000002c   COMPRESSED   0x0000002c   Data   RW          638    .data               idle_task.o
    0x20000058   COMPRESSED   0x000000c8   Data   RW         1206    .data               lwiplib.o
    0x20000120   COMPRESSED   0x00000010   Data   RW         1207    .data               lwiplib.o
    0x20000130   COMPRESSED   0x00000004   Data   RW         2681    .data               port.o
    0x20000134   COMPRESSED   0x00000038   Data   RW         3058    .data               tasks.o
    0x2000016c   COMPRESSED   0x00000010   Data   RW         3317    .data               touch.o
    0x2000017c   COMPRESSED   0x00000004   Data   RW         5204    .data               grlib.lib(context.o)
    0x20000180        -       0x00004f10   Zero   RW          463    .bss                heap_2.o
    0x20005090        -       0x00000024   Zero   RW          637    .bss                idle_task.o
    0x200050b4        -       0x0001b1e0   Zero   RW         1202    .bss                lwiplib.o
    0x20020294        -       0x000001a4   Zero   RW         3057    .bss                tasks.o
    0x20020438        -       0x00000010   Zero   RW         3315    .bss                touch.o
    0x20020448        -       0x00001000   Zero   RW         3003    STACK               startup_rvmdk.o


==============================================================================

Image component sizes


      Code (inc. data)   RO Data    RW Data    ZI Data      Debug   Object Name

         0          0          0          0          0       4532   cgifuncs.o
         0          0          0          0          0      10588   croutine.o
       108         16          0         16          0      31397   display_task.o
       204         46          0          4          0       2508   freertos_demo.o
         0          0          0          0          0       5784   fs.o
       240         12          0         24      20240       5191   heap_2.o
      1128         78          0         44         36       3958   idle_task.o
       734         12         40          0          0       9538   kentec320x240x16_ssd2119.o
       124         18          0          0          0       1182   led_task.o
       136          0          0          0          0       3842   list.o
       188         28          0        216     111072      67469   lwiplib.o
        16          4          0          0          0        496   pinout.o
       414         52          0          4          0      16652   port.o
       562          4          0          0          0      14855   queue.o
       540        514          0          0       4096        296   startup_rvmdk.o
      1642        154          0         56        420      19321   tasks.o
       680         70          0         16         16       3562   touch.o

    ----------------------------------------------------------------------
      6716       1008         72        380     135880     201171   Object Totals
         0          0         32          0          0          0   (incl. Generated)
         0          0          0          0          0          0   (incl. Padding)

    ----------------------------------------------------------------------

      Code (inc. data)   RO Data    RW Data    ZI Data      Debug   Library Member Name

        60          0          0          0          0       4804   emac.o
        24          0          0          0          0       1151   lcd.o
       760         48        596          0          0       4831   sysctl.o
         8          0          0          0          0       1418   charmap.o
       100         12         16          4          0      29435   context.o
         0          0       2598          0          0      25638   fontcm20.o
      1474          0          0          0          0       9206   string.o
        86          0          0          0          0          0   __dczerorl2.o
         0          0          0          0          0          0   entry.o
         0          0          0          0          0          0   entry10a.o
         0          0          0          0          0          0   entry11a.o
         8          4          0          0          0          0   entry2.o
         4          0          0          0          0          0   entry5.o
         0          0          0          0          0          0   entry7b.o
         0          0          0          0          0          0   entry8b.o
         8          4          0          0          0          0   entry9a.o
        30          0          0          0          0          0   handlers.o
        36          8          0          0          0         68   init.o
        36          0          0          0          0         68   memcpya.o
        36          0          0          0          0        108   memseta.o

    ----------------------------------------------------------------------
      2680         76       3212          4          0      76727   Library Totals
        10          0          2          0          0          0   (incl. Padding)

    ----------------------------------------------------------------------

      Code (inc. data)   RO Data    RW Data    ZI Data      Debug   Library Name

       844         48        596          0          0      10786   driverlib.lib
      1582         12       2614          4          0      65697   grlib.lib
       244         16          0          0          0        244   mc_w.l

    ----------------------------------------------------------------------
      2680         76       3212          4          0      76727   Library Totals

    ----------------------------------------------------------------------

==============================================================================


      Code (inc. data)   RO Data    RW Data    ZI Data      Debug   

      9396       1084       3284        384     135880     270930   Grand Totals
      9396       1084       3284         48     135880     270930   ELF Image Totals (compressed)
      9396       1084       3284         48          0          0   ROM Totals

==============================================================================

    Total RO  Size (Code + RO Data)                12680 (  12.38kB)
    Total RW  Size (RW Data + ZI Data)            136264 ( 133.07kB)
    Total ROM Size (Code + RO Data + RW Data)      12728 (  12.43kB)

==============================================================================

