<html>
<body>
<pre>
<h1>µVision Build Log</h1>
<h2>Tool Versions:</h2>
IDE-Version: ¦ÌVision V5.29.0.0
Copyright (C) 2019 ARM Ltd and ARM Germany GmbH. All rights reserved.
License Information: chenhui Microsoft, Microsoft, LIC=47GX7-EFXI0-45PT5-G4204-0IQFW-TE52H
 
Tool Versions:
Toolchain:       MDK-ARM Plus  Version: 5.29.0.0
Toolchain Path:  C:\Program Files\Keil_v5\ARM\ARMCC\Bin
C Compiler:      Armcc.exe V5.06 update 6 (build 750)
Assembler:       Armasm.exe V5.06 update 6 (build 750)
Linker/Locator:  ArmLink.exe V5.06 update 6 (build 750)
Library Manager: ArmAr.exe V5.06 update 6 (build 750)
Hex Converter:   FromElf.exe V5.06 update 6 (build 750)
CPU DLL:         SARMCM3.DLL V5.29.0.0
Dialog DLL:      DCM.DLL V1.17.3.0
Target DLL:      lmidk-agdi.dll V???
Dialog DLL:      TCM.DLL V1.36.5.0
 
<h2>Project:</h2>
C:\Users\Chenhui\Documents\Ti\MP3 Player\Project\MP3_Player.uvprojx
Project File Date:  12/17/2019

<h2>Output:</h2>
*** Using Compiler 'V5.06 update 6 (build 750)', folder: 'C:\Program Files\Keil_v5\ARM\ARMCC\Bin'
Build target 'Target 1'
compiling application.c...
..\Application\KalmanFilter.h(17): warning:  #1-D: last line of file ends without a newline
  #endif
..\Application\bmp.h(55): warning:  #1-D: last line of file ends without a newline
  #endif
..\Bsp\i2c.h(11): warning:  #1-D: last line of file ends without a newline
  #endif
..\Bsp\pn532.h(14): warning:  #1295-D: Deprecated declaration PN532_Init - give arg types
  void PN532_Init();
..\Bsp\pn532.h(15): warning:  #1295-D: Deprecated declaration PN532_Active - give arg types
  int PN532_Active();
..\Bsp\pn532.h(16): warning:  #1295-D: Deprecated declaration PN532_Clearbuffer - give arg types
  void PN532_Clearbuffer();
..\Bsp\pn532.h(17): warning:  #1295-D: Deprecated declaration PN532_Readuid - give arg types
  uint32_t PN532_Readuid();
..\Application\application.h(55): warning:  #1-D: last line of file ends without a newline
  #endif
..\Application\application.c(63): warning:  #177-D: variable "t"  was declared but never referenced
          int i = 0, t = 0;
..\Application\application.c(86): warning:  #223-D: function "sprintf" declared implicitly
          sprintf(s, "%d.bmp", index++);
..\Application\application.c(228): warning:  #1035-D: single-precision operand implicitly converted to double-precision
          temp = (uint8_t)(30 * K_V / 3200.0);
..\Application\application.c(237): warning:  #167-D: argument of type "char *" is incompatible with parameter of type "unsigned char *"
          OLED_ShowStr(25, 1, s, 2);
..\Application\application.c(238): warning:  #223-D: function "sprintf" declared implicitly
  				sprintf(s,"V:%d  ",volume);
..\Application\application.c(239): warning:  #167-D: argument of type "char *" is incompatible with parameter of type "unsigned char *"
          OLED_ShowStr(5, 4, s, 2);
..\Application\application.c(314): warning:  #1-D: last line of file ends without a newline
  }
..\Application\application.c: 15 warnings, 0 errors
linking...
Program Size: Code=34544 RO-data=6564 RW-data=1644 ZI-data=178668  
".\Objects\MP3_Player.axf" - 0 Error(s), 15 Warning(s).

<h2>Software Packages used:</h2>

Package Vendor: Keil
                http://www.keil.com/pack/Keil.TM4C_DFP.1.1.0.pack
                Keil.TM4C_DFP.1.1.0
                Texas Instruments Tiva C Series Device Support and Examples

<h2>Collection of Component include folders:</h2>
  .\RTE\_Target_1
  C:\Users\Chenhui\AppData\Local\Arm\Packs\Keil\TM4C_DFP\1.1.0\Device\Include\TM4C129

<h2>Collection of Component Files used:</h2>
Build Time Elapsed:  00:00:01
</pre>
</body>
</html>
