Component: ARM Compiler 5.06 update 6 (build 750) Tool: armlink [4d35ed]

==============================================================================

Section Cross References

    main.o(i.main) refers to application.o(i.BSP_Init) for BSP_Init
    control.o(i.ADD_VOLUME) refers to usart.o(i.UARTWriteCmd) for UARTWriteCmd
    control.o(i.ADD_VOLUME) refers to control.o(.data) for ADD_VOLUME_CMD
    control.o(i.NEXT) refers to usart.o(i.UARTWriteCmd) for UARTWriteCmd
    control.o(i.NEXT) refers to control.o(.data) for NEXT_CMD
    control.o(i.PAUSE) refers to usart.o(i.UARTWriteCmd) for UARTWriteCmd
    control.o(i.PAUSE) refers to control.o(.data) for PAUSE_CMD
    control.o(i.PLAY) refers to usart.o(i.UARTWriteCmd) for UARTWriteCmd
    control.o(i.PLAY) refers to control.o(.data) for PLAY_CMD
    control.o(i.PLAYER_Init) refers to usart.o(i.UARTWriteCmd) for UARTWriteCmd
    control.o(i.PLAYER_Init) refers to control.o(.data) for LOOP
    control.o(i.PLAY_OR_PAUSE) refers to usart.o(i.UARTWriteCmd) for UARTWriteCmd
    control.o(i.PLAY_OR_PAUSE) refers to control.o(.data) for PLAY_OR_PAUSE_CMD
    control.o(i.PREVIOUS) refers to usart.o(i.UARTWriteCmd) for UARTWriteCmd
    control.o(i.PREVIOUS) refers to control.o(.data) for PREVIOUS_CMD
    control.o(i.SET_VOLUME) refers to usart.o(i.UARTWriteCmd) for UARTWriteCmd
    control.o(i.STOP) refers to usart.o(i.UARTWriteCmd) for UARTWriteCmd
    control.o(i.STOP) refers to control.o(.data) for STOP_CMD
    control.o(i.SUB_VOLUME) refers to usart.o(i.UARTWriteCmd) for UARTWriteCmd
    control.o(i.SUB_VOLUME) refers to control.o(.data) for SUB_VOLUME_CMD
    bmp.o(i.DrawPixel) refers to tft.o(i.TFT_DrawPoint) for TFT_DrawPoint
    bmp.o(i.Show_BMP) refers to ff.o(i.f_mount) for f_mount
    bmp.o(i.Show_BMP) refers to ff.o(i.f_open) for f_open
    bmp.o(i.Show_BMP) refers to ff.o(i.f_read) for f_read
    bmp.o(i.Show_BMP) refers to ff.o(i.f_lseek) for f_lseek
    bmp.o(i.Show_BMP) refers to tft.o(i.TFT_SetPos) for TFT_SetPos
    bmp.o(i.Show_BMP) refers to bmp.o(i.RGB888ToBGR565) for RGB888ToBGR565
    bmp.o(i.Show_BMP) refers to ff.o(i.f_close) for f_close
    bmp.o(i.Show_BMP) refers to bmp.o(.bss) for fs
    bmp.o(i.Show_BMP) refers to bmp.o(.data) for res
    bmp.o(i.Show_BMP) refers to tft.o(.data) for WriteData
    application.o(i.ADCRead) refers to memcpya.o(.text) for __aeabi_memcpy4
    application.o(i.ADCRead) refers to adc.o(i.ADC0_Read) for ADC0_Read
    application.o(i.ADCRead) refers to dfltui.o(.text) for __aeabi_ui2d
    application.o(i.ADCRead) refers to ddiv.o(.text) for __aeabi_ddiv
    application.o(i.ADCRead) refers to dmul.o(.text) for __aeabi_dmul
    application.o(i.ADCRead) refers to dadd.o(.text) for __aeabi_drsub
    application.o(i.ADCRead) refers to d2f.o(.text) for __aeabi_d2f
    application.o(i.ADCRead) refers to kalmanfilter.o(i.kalmanFilter) for kalmanFilter
    application.o(i.ADCRead) refers to f2d.o(.text) for __aeabi_f2d
    application.o(i.ADCRead) refers to dfixui.o(.text) for __aeabi_d2uiz
    application.o(i.ADCRead) refers to control.o(i.SET_VOLUME) for SET_VOLUME
    application.o(i.ADCRead) refers to port.o(i.vPortEnterCritical) for vPortEnterCritical
    application.o(i.ADCRead) refers to oled_i2c.o(i.OLED_ShowStr) for OLED_ShowStr
    application.o(i.ADCRead) refers to tft.o(i.num2char) for num2char
    application.o(i.ADCRead) refers to printfa.o(i.__0sprintf) for __2sprintf
    application.o(i.ADCRead) refers to port.o(i.vPortExitCritical) for vPortExitCritical
    application.o(i.ADCRead) refers to tasks.o(i.vTaskDelay) for vTaskDelay
    application.o(i.ADCRead) refers to application.o(.constdata) for .constdata
    application.o(i.ADCRead) refers to application.o(.data) for volume
    application.o(i.BEEZZERBeep) refers to queue.o(i.xQueueGenericReceive) for xQueueGenericReceive
    application.o(i.BEEZZERBeep) refers to port.o(i.vPortEnterCritical) for vPortEnterCritical
    application.o(i.BEEZZERBeep) refers to buzzer.o(i.BUZZER_Beep) for BUZZER_Beep
    application.o(i.BEEZZERBeep) refers to port.o(i.vPortExitCritical) for vPortExitCritical
    application.o(i.BEEZZERBeep) refers to application.o(.data) for BUZZER_Handle
    application.o(i.BMPDisplay) refers to printfa.o(i.__0sprintf) for __2sprintf
    application.o(i.BMPDisplay) refers to port.o(i.vPortEnterCritical) for vPortEnterCritical
    application.o(i.BMPDisplay) refers to bmp.o(i.Show_BMP) for Show_BMP
    application.o(i.BMPDisplay) refers to port.o(i.vPortExitCritical) for vPortExitCritical
    application.o(i.BMPDisplay) refers to tasks.o(i.vTaskDelay) for vTaskDelay
    application.o(i.BSP_Init) refers to sysctl.o(i.SysCtlClockFreqSet) for SysCtlClockFreqSet
    application.o(i.BSP_Init) refers to fpu.o(i.FPUEnable) for FPUEnable
    application.o(i.BSP_Init) refers to fpu.o(i.FPULazyStackingEnable) for FPULazyStackingEnable
    application.o(i.BSP_Init) refers to tft.o(i.TFT_Init) for TFT_Init
[...]
    g_ppui32TimerIntMap                      0x00009fd4   Data          96  timer.o(.constdata)
    g_ppui32TimerIntMapSnowflake             0x0000a034   Data          64  timer.o(.constdata)
    .data                                    0x20000000   Section       52  control.o(.data)
    .data                                    0x20000034   Section       90  bmp.o(.data)
    g_cCwdBuf                                0x20000034   Data          80  bmp.o(.data)
    .data                                    0x20000090   Section      173  application.o(.data)
    g_cCwdBuf                                0x20000090   Data          80  application.o(.data)
    PN532_ACTIVE                             0x200000e0   Data          24  application.o(.data)
    PN532_ACTIVE_OK                          0x200000f8   Data          15  application.o(.data)
    PN532_GETUID                             0x20000107   Data          11  application.o(.data)
    volume                                   0x2000013c   Data           1  application.o(.data)
    .data                                    0x20000140   Section      406  tft.o(.data)
    g_ulTickCount                            0x200002c0   Data           4  tft.o(.data)
    table                                    0x200002cc   Data          10  tft.o(.data)
    .data                                    0x200002d6   Section        5  fatfs_port_tm4c1294.o(.data)
    Stat                                     0x200002d6   Data           1  fatfs_port_tm4c1294.o(.data)
    Timer1                                   0x200002d7   Data           1  fatfs_port_tm4c1294.o(.data)
    Timer2                                   0x200002d8   Data           1  fatfs_port_tm4c1294.o(.data)
    CardType                                 0x200002d9   Data           1  fatfs_port_tm4c1294.o(.data)
    PowerFlag                                0x200002da   Data           1  fatfs_port_tm4c1294.o(.data)
    .data                                    0x200002db   Section        2  pca9557.o(.data)
    .data                                    0x200002dd   Section       50  pn532.o(.data)
    PN532_ACTIVE                             0x200002dd   Data          24  pn532.o(.data)
    PN532_ACTIVE_OK                          0x200002f5   Data          15  pn532.o(.data)
    PN532_GETUID                             0x20000304   Data          11  pn532.o(.data)
    .data                                    0x20000310   Section        6  ff.o(.data)
    FatFs                                    0x20000310   Data           4  ff.o(.data)
    Fsid                                     0x20000314   Data           2  ff.o(.data)
    .data                                    0x20000318   Section       24  heap_2.o(.data)
    xStart                                   0x20000318   Data           8  heap_2.o(.data)
    xEnd                                     0x20000320   Data           8  heap_2.o(.data)
    xFreeBytesRemaining                      0x20000328   Data           4  heap_2.o(.data)
    xHeapHasBeenInitialised                  0x2000032c   Data           4  heap_2.o(.data)
    .data                                    0x20000330   Section        4  port.o(.data)
    uxCriticalNesting                        0x20000330   Data           4  port.o(.data)
    .data                                    0x20000334   Section       56  tasks.o(.data)
    pxDelayedTaskList                        0x20000338   Data           4  tasks.o(.data)
    pxOverflowDelayedTaskList                0x2000033c   Data           4  tasks.o(.data)
    uxTasksDeleted                           0x20000340   Data           4  tasks.o(.data)
    uxCurrentNumberOfTasks                   0x20000344   Data           4  tasks.o(.data)
    xTickCount                               0x20000348   Data           4  tasks.o(.data)
    uxTopReadyPriority                       0x2000034c   Data           4  tasks.o(.data)
    xSchedulerRunning                        0x20000350   Data           4  tasks.o(.data)
    uxPendedTicks                            0x20000354   Data           4  tasks.o(.data)
    xYieldPending                            0x20000358   Data           4  tasks.o(.data)
    xNumOfOverflows                          0x2000035c   Data           4  tasks.o(.data)
    uxTaskNumber                             0x20000360   Data           4  tasks.o(.data)
    xNextTaskUnblockTime                     0x20000364   Data           4  tasks.o(.data)
    uxSchedulerSuspended                     0x20000368   Data           4  tasks.o(.data)
    .data                                    0x2000036c   Section       16  timers.o(.data)
    pxCurrentTimerList                       0x2000036c   Data           4  timers.o(.data)
    pxOverflowTimerList                      0x20000370   Data           4  timers.o(.data)
    xTimerQueue                              0x20000374   Data           4  timers.o(.data)
    xLastTime                                0x20000378   Data           4  timers.o(.data)
    .data                                    0x2000037c   Section        4  mvars.o(.data)
    .data                                    0x20000380   Section        4  mvars.o(.data)
    vtable                                   0x20000400   Section      620  interrupt.o(vtable)
    g_pfnRAMVectors                          0x20000400   Data         620  interrupt.o(vtable)
    .bss                                     0x2000066c   Section     2490  bmp.o(.bss)
    g_cTmpBuf                                0x2000066c   Data          80  bmp.o(.bss)
    g_cCmdBuf                                0x200006bc   Data          64  bmp.o(.bss)
    g_sFatFs                                 0x200006fc   Data         564  bmp.o(.bss)
    g_sDirObject                             0x20000930   Data          28  bmp.o(.bss)
    g_sFileInfo                              0x2000094c   Data          24  bmp.o(.bss)
    g_sFileObject                            0x20000964   Data         548  bmp.o(.bss)
    .bss                                     0x20001028   Section     1381  application.o(.bss)
    g_cTmpBuf                                0x20001028   Data          80  application.o(.bss)
    g_cCmdBuf                                0x20001078   Data          64  application.o(.bss)
    g_sFatFs                                 0x200010b8   Data         564  application.o(.bss)
    g_sDirObject                             0x200012ec   Data          28  application.o(.bss)
    g_sFileInfo                              0x20001308   Data          24  application.o(.bss)
    g_sFileObject                            0x20001320   Data         548  application.o(.bss)
    PN532_BUFFER                             0x20001544   Data          40  application.o(.bss)
    .bss                                     0x2000158d   Section       40  pn532.o(.bss)
    PN532_BUFFER                             0x2000158d   Data          40  pn532.o(.bss)
    .bss                                     0x200015b5   Section    80000  heap_2.o(.bss)
    ucHeap                                   0x200015b5   Data       80000  heap_2.o(.bss)
    .bss                                     0x20014e38   Section       80  queue.o(.bss)
    .bss                                     0x20014e88   Section      420  tasks.o(.bss)
    pxReadyTasksLists                        0x20014e88   Data         320  tasks.o(.bss)
    xDelayedTaskList1                        0x20014fc8   Data          20  tasks.o(.bss)
    xDelayedTaskList2                        0x20014fdc   Data          20  tasks.o(.bss)
    xPendingReadyList                        0x20014ff0   Data          20  tasks.o(.bss)
    xTasksWaitingTermination                 0x20015004   Data          20  tasks.o(.bss)
    xSuspendedTaskList                       0x20015018   Data          20  tasks.o(.bss)
    .bss                                     0x2001502c   Section       40  timers.o(.bss)
    xActiveTimerList1                        0x2001502c   Data          20  timers.o(.bss)
    xActiveTimerList2                        0x20015040   Data          20  timers.o(.bss)
    HEAP                                     0x20015058   Section    61440  startup_rvmdk.o(HEAP)
    STACK                                    0x20024058   Section    32768  startup_rvmdk.o(STACK)
    StackMem                                 0x20024058   Data           0  startup_rvmdk.o(STACK)

    Global Symbols

    Symbol Name                              Value     Ov Type        Size  Object(Section)

    BuildAttributes$$THM_ISAv4$E$P$D$K$B$S$7EM$VFPi3$EXTD16$VFPS$VFMA$PE$A:L22UL41UL21$X:L11$S22US41US21$IEEE1$IW$USESV6$~STKCKD$USESV7$~SHL$OTIME$ROPI$EBA8$MICROLIB$REQ8$PRES8$EABIv2 0x00000000   Number         0  anon$$obj.o ABSOLUTE
    __ARM_use_no_argv                        0x00000000   Number         0  main.o ABSOLUTE
    __Vectors                                0x00000000   Data           0  startup_rvmdk.o(RESET)
    _printf_a                                0x00000000   Number         0  stubs.o ABSOLUTE
    _printf_c                                0x00000000   Number         0  stubs.o ABSOLUTE
    _printf_charcount                        0x00000000   Number         0  stubs.o ABSOLUTE
    _printf_d                                0x00000000   Number         0  stubs.o ABSOLUTE
    _printf_e                                0x00000000   Number         0  stubs.o ABSOLUTE
    _printf_f                                0x00000000   Number         0  stubs.o ABSOLUTE
    _printf_flags                            0x00000000   Number         0  stubs.o ABSOLUTE
    _printf_fp_dec                           0x00000000   Number         0  stubs.o ABSOLUTE
    _printf_fp_hex                           0x00000000   Number         0  stubs.o ABSOLUTE
    _printf_g                                0x00000000   Number         0  stubs.o ABSOLUTE
    _printf_i                                0x00000000   Number         0  stubs.o ABSOLUTE
    _printf_int_dec                          0x00000000   Number         0  stubs.o ABSOLUTE
    _printf_l                                0x00000000   Number         0  stubs.o ABSOLUTE
    _printf_lc                               0x00000000   Number         0  stubs.o ABSOLUTE
    _printf_ll                               0x00000000   Number         0  stubs.o ABSOLUTE
    _printf_lld                              0x00000000   Number         0  stubs.o ABSOLUTE
    _printf_lli                              0x00000000   Number         0  stubs.o ABSOLUTE
    _printf_llo                              0x00000000   Number         0  stubs.o ABSOLUTE
    _printf_llu                              0x00000000   Number         0  stubs.o ABSOLUTE
    _printf_llx                              0x00000000   Number         0  stubs.o ABSOLUTE
    _printf_longlong_dec                     0x00000000   Number         0  stubs.o ABSOLUTE
    _printf_longlong_hex                     0x00000000   Number         0  stubs.o ABSOLUTE
    _printf_longlong_oct                     0x00000000   Number         0  stubs.o ABSOLUTE
    _printf_ls                               0x00000000   Number         0  stubs.o ABSOLUTE
    _printf_mbtowc                           0x00000000   Number         0  stubs.o ABSOLUTE
    _printf_n                                0x00000000   Number         0  stubs.o ABSOLUTE
    _printf_o                                0x00000000   Number         0  stubs.o ABSOLUTE
    _printf_p                                0x00000000   Number         0  stubs.o ABSOLUTE
    _printf_percent                          0x00000000   Number         0  stubs.o ABSOLUTE
    _printf_pre_padding                      0x00000000   Number         0  stubs.o ABSOLUTE
    _printf_return_value                     0x00000000   Number         0  stubs.o ABSOLUTE
    _printf_s                                0x00000000   Number         0  stubs.o ABSOLUTE
    _printf_sizespec                         0x00000000   Number         0  stubs.o ABSOLUTE
    _printf_str                              0x00000000   Number         0  stubs.o ABSOLUTE
    _printf_truncate_signed                  0x00000000   Number         0  stubs.o ABSOLUTE
    _printf_truncate_unsigned                0x00000000   Number         0  stubs.o ABSOLUTE
    _printf_u                                0x00000000   Number         0  stubs.o ABSOLUTE
    _printf_wc                               0x00000000   Number         0  stubs.o ABSOLUTE
    _printf_wctomb                           0x00000000   Number         0  stubs.o ABSOLUTE
    _printf_widthprec                        0x00000000   Number         0  stubs.o ABSOLUTE
    _printf_x                                0x00000000   Number         0  stubs.o ABSOLUTE
    __cpp_initialize__aeabi_                  - Undefined Weak Reference
    __cxa_finalize                            - Undefined Weak Reference
    _clock_init                               - Undefined Weak Reference
    _microlib_exit                            - Undefined Weak Reference
    Reset_Handler                            0x0000026d   Thumb Code     0  startup_rvmdk.o(RESET)
    __main                                   0x00000289   Thumb Code     0  entry.o(.ARM.Collect$$$$00000000)
    _main_stk                                0x00000289   Thumb Code     0  entry2.o(.ARM.Collect$$$$00000001)
    _main_scatterload                        0x0000028d   Thumb Code     0  entry5.o(.ARM.Collect$$$$00000004)
    __main_after_scatterload                 0x00000291   Thumb Code     0  entry5.o(.ARM.Collect$$$$00000004)
    _main_clock                              0x00000291   Thumb Code     0  entry7b.o(.ARM.Collect$$$$00000008)
    _main_cpp_init                           0x00000291   Thumb Code     0  entry8b.o(.ARM.Collect$$$$0000000A)
    _main_init                               0x00000291   Thumb Code     0  entry9a.o(.ARM.Collect$$$$0000000B)
    __rt_final_cpp                           0x00000299   Thumb Code     0  entry10a.o(.ARM.Collect$$$$0000000D)
    __rt_final_exit                          0x00000299   Thumb Code     0  entry11a.o(.ARM.Collect$$$$0000000F)
    vPortSVCHandler                          0x0000029d   Thumb Code    28  port.o(.emb_text)
    __asm___6_port_c_39a90d8d__prvStartFirstTask 0x000002bd   Thumb Code    28  port.o(.emb_text)
    __asm___6_port_c_39a90d8d__prvEnableVFP  0x000002dd   Thumb Code    16  port.o(.emb_text)
    xPortPendSVHandler                       0x000002f1   Thumb Code    88  port.o(.emb_text)
    vPortGetIPSR                             0x0000034d   Thumb Code     6  port.o(.emb_text)
    SysCtlDelay                              0x00000355   Thumb Code     6  sysctl.o(.emb_text)
    CPUcpsid                                 0x0000035d   Thumb Code     8  cpu.o(.emb_text)
    CPUprimask                               0x00000365   Thumb Code     6  cpu.o(.emb_text)
    CPUcpsie                                 0x0000036b   Thumb Code     8  cpu.o(.emb_text)
    CPUwfi                                   0x00000373   Thumb Code     4  cpu.o(.emb_text)
    CPUbasepriSet                            0x00000377   Thumb Code     6  cpu.o(.emb_text)
    CPUbasepriGet                            0x0000037d   Thumb Code     6  cpu.o(.emb_text)
    __aeabi_memcpy                           0x00000383   Thumb Code    36  memcpya.o(.text)
    __aeabi_memcpy4                          0x00000383   Thumb Code     0  memcpya.o(.text)
    __aeabi_memcpy8                          0x00000383   Thumb Code     0  memcpya.o(.text)
    __aeabi_memset                           0x000003a7   Thumb Code    14  memseta.o(.text)
    __aeabi_memset4                          0x000003a7   Thumb Code     0  memseta.o(.text)
    __aeabi_memset8                          0x000003a7   Thumb Code     0  memseta.o(.text)
    __aeabi_memclr                           0x000003b5   Thumb Code     4  memseta.o(.text)
    __aeabi_memclr4                          0x000003b5   Thumb Code     0  memseta.o(.text)
    __aeabi_memclr8                          0x000003b5   Thumb Code     0  memseta.o(.text)
    _memset$wrapper                          0x000003b9   Thumb Code    18  memseta.o(.text)
    __aeabi_dadd                             0x000003cb   Thumb Code   322  dadd.o(.text)
    __aeabi_dsub                             0x0000050d   Thumb Code     6  dadd.o(.text)
    __aeabi_drsub                            0x00000513   Thumb Code     6  dadd.o(.text)
    __aeabi_dmul                             0x00000519   Thumb Code   228  dmul.o(.text)
    __aeabi_ddiv                             0x000005fd   Thumb Code   222  ddiv.o(.text)
    __aeabi_ui2d                             0x000006db   Thumb Code    26  dfltui.o(.text)
    __aeabi_d2iz                             0x000006f5   Thumb Code    62  dfixi.o(.text)
    __aeabi_d2uiz                            0x00000733   Thumb Code    50  dfixui.o(.text)
    __aeabi_f2d                              0x00000765   Thumb Code    38  f2d.o(.text)
    __aeabi_d2f                              0x0000078b   Thumb Code    56  d2f.o(.text)
    __aeabi_uidiv                            0x000007c3   Thumb Code     0  uidiv.o(.text)
    __aeabi_uidivmod                         0x000007c3   Thumb Code    44  uidiv.o(.text)
    __aeabi_uldivmod                         0x000007ef   Thumb Code    98  uldiv.o(.text)
    __aeabi_llsl                             0x00000851   Thumb Code    30  llshl.o(.text)
    _ll_shift_l                              0x00000851   Thumb Code     0  llshl.o(.text)
    __aeabi_llsr                             0x0000086f   Thumb Code    32  llushr.o(.text)
    _ll_ushift_r                             0x0000086f   Thumb Code     0  llushr.o(.text)
    __aeabi_lasr                             0x0000088f   Thumb Code    36  llsshr.o(.text)
    _ll_sshift_r                             0x0000088f   Thumb Code     0  llsshr.o(.text)
    __I$use$fp                               0x000008b3   Thumb Code     0  iusefp.o(.text)
    _float_round                             0x000008b3   Thumb Code    18  fepilogue.o(.text)
    _float_epilogue                          0x000008c5   Thumb Code    92  fepilogue.o(.text)
    _double_round                            0x00000921   Thumb Code    30  depilogue.o(.text)
    _double_epilogue                         0x0000093f   Thumb Code   156  depilogue.o(.text)
    __aeabi_d2ulz                            0x000009db   Thumb Code    48  dfixul.o(.text)
    __aeabi_cdrcmple                         0x00000a0d   Thumb Code    48  cdrcmple.o(.text)
    __scatterload                            0x00000a3d   Thumb Code    28  init.o(.text)
    __scatterload_rt2                        0x00000a3d   Thumb Code     0  init.o(.text)
    __decompress                             0x00000a61   Thumb Code     0  __dclz77c.o(.text)
    __decompress2                            0x00000a61   Thumb Code    94  __dclz77c.o(.text)
    ACCELERATOR_Init                         0x00000abf   Thumb Code   126  accelerator.o(i.ACCELERATOR_Init)
    ACCELERATOR_Read                         0x00000b3d   Thumb Code   298  accelerator.o(i.ACCELERATOR_Read)
    ADC0_Init                                0x00000c69   Thumb Code   120  adc.o(i.ADC0_Init)
    ADC0_Read                                0x00000cf5   Thumb Code   108  adc.o(i.ADC0_Read)
    ADCIntClear                              0x00000d65   Thumb Code    10  adc.o(i.ADCIntClear)
    ADCIntStatus                             0x00000d6f   Thumb Code    52  adc.o(i.ADCIntStatus)
    ADCProcessorTrigger                      0x00000da3   Thumb Code    26  adc.o(i.ADCProcessorTrigger)
    ADCSequenceConfigure                     0x00000f95   Thumb Code    96  adc.o(i.ADCSequenceConfigure)
    ADCSequenceDataGet                       0x00000ff5   Thumb Code    36  adc.o(i.ADCSequenceDataGet)
    ADCSequenceEnable                        0x00001019   Thumb Code    14  adc.o(i.ADCSequenceEnable)
    ADCSequenceStepConfigure                 0x00001027   Thumb Code   154  adc.o(i.ADCSequenceStepConfigure)
    ADD_VOLUME                               0x000010c1   Thumb Code    14  control.o(i.ADD_VOLUME)
    BSP_Init                                 0x0000113d   Thumb Code   204  application.o(i.BSP_Init)
    BUZZER_Beep                              0x0000124d   Thumb Code    70  buzzer.o(i.BUZZER_Beep)
    BUZZER_Init                              0x0000129d   Thumb Code    32  buzzer.o(i.BUZZER_Init)
    Button_Reconize                          0x000012c5   Thumb Code   208  touch.o(i.Button_Reconize)
    Delay5us                                 0x00001461   Thumb Code    24  i2c.o(i.Delay5us)
    EPIAddressMapSet                         0x00001479   Thumb Code     4  epi.o(i.EPIAddressMapSet)
    EPIConfigHB16Set                         0x0000147d   Thumb Code    32  epi.o(i.EPIConfigHB16Set)
    EPIGPIOinit                              0x0000149d   Thumb Code   196  epiinit.o(i.EPIGPIOinit)
    EPIModeSet                               0x00001595   Thumb Code     4  epi.o(i.EPIModeSet)
    FPUEnable                                0x00001599   Thumb Code    12  fpu.o(i.FPUEnable)
    FPULazyStackingEnable                    0x000015a9   Thumb Code    12  fpu.o(i.FPULazyStackingEnable)
    FreeRTOS_Init                            0x000015b9   Thumb Code   312  application.o(i.FreeRTOS_Init)
    GPIODirModeSet                           0x0000178f   Thumb Code    40  gpio.o(i.GPIODirModeSet)
    GPIOIntClear                             0x000017b7   Thumb Code     6  gpio.o(i.GPIOIntClear)
    GPIOIntEnable                            0x000017bd   Thumb Code    12  gpio.o(i.GPIOIntEnable)
    GPIOIntRegister                          0x000017c9   Thumb Code    26  gpio.o(i.GPIOIntRegister)
    GPIOIntTypeSet                           0x000017e3   Thumb Code    80  gpio.o(i.GPIOIntTypeSet)
    GPION_IRQ                                0x00001835   Thumb Code   118  infrared.o(i.GPION_IRQ)
    GPIOPadConfigSet                         0x000018c5   Thumb Code   312  gpio.o(i.GPIOPadConfigSet)
    GPIOPinConfigure                         0x000019fd   Thumb Code    60  gpio.o(i.GPIOPinConfigure)
    GPIOPinRead                              0x00001a41   Thumb Code     6  gpio.o(i.GPIOPinRead)
    GPIOPinTypeADC                           0x00001a47   Thumb Code    28  gpio.o(i.GPIOPinTypeADC)
    GPIOPinTypeEPI                           0x00001a63   Thumb Code    28  gpio.o(i.GPIOPinTypeEPI)
    GPIOPinTypeGPIOInput                     0x00001a7f   Thumb Code    28  gpio.o(i.GPIOPinTypeGPIOInput)
    GPIOPinTypeGPIOOutput                    0x00001a9b   Thumb Code    28  gpio.o(i.GPIOPinTypeGPIOOutput)
    GPIOPinTypeI2C                           0x00001ab7   Thumb Code    28  gpio.o(i.GPIOPinTypeI2C)
    GPIOPinTypeI2CSCL                        0x00001ad3   Thumb Code    28  gpio.o(i.GPIOPinTypeI2CSCL)
    GPIOPinTypeSSI                           0x00001aef   Thumb Code    28  gpio.o(i.GPIOPinTypeSSI)
    GPIOPinTypeUART                          0x00001b0b   Thumb Code    28  gpio.o(i.GPIOPinTypeUART)
    GPIOPinWrite                             0x00001b27   Thumb Code     6  gpio.o(i.GPIOPinWrite)
    Get_Point                                0x00001b2d   Thumb Code   318  touch.o(i.Get_Point)
    I2C0DeviceInit                           0x00001d4d   Thumb Code    40  pca9557.o(i.I2C0DeviceInit)
    I2C0GPIOBEnable                          0x00001d79   Thumb Code    54  i2c.o(i.I2C0GPIOBEnable)
    I2C0MasterInit                           0x00001dbd   Thumb Code    26  pca9557.o(i.I2C0MasterInit)
    I2C0PinConfig                            0x00001de5   Thumb Code    46  pca9557.o(i.I2C0PinConfig)
    I2C0Send                                 0x00001e25   Thumb Code   230  pca9557.o(i.I2C0Send)
    I2C0TubeHighSet                          0x00001f11   Thumb Code    26  pca9557.o(i.I2C0TubeHighSet)
    I2C0TubeLowSet                           0x00001f31   Thumb Code    26  pca9557.o(i.I2C0TubeLowSet)
    I2C0TubeSelSet                           0x00001f51   Thumb Code    26  pca9557.o(i.I2C0TubeSelSet)
    I2C3MasterInit                           0x00001f71   Thumb Code    26  oled_i2c.o(i.I2C3MasterInit)
    I2C3PinConfig                            0x00001f99   Thumb Code    46  oled_i2c.o(i.I2C3PinConfig)
    I2C3Send                                 0x00001fd9   Thumb Code   230  oled_i2c.o(i.I2C3Send)
    I2CMasterBusy                            0x000020c5   Thumb Code    12  i2c.o(i.I2CMasterBusy)
    I2CMasterControl                         0x000020d1   Thumb Code     4  i2c.o(i.I2CMasterControl)
    I2CMasterDataPut                         0x000020d5   Thumb Code     4  i2c.o(i.I2CMasterDataPut)
    I2CMasterEnable                          0x000020d9   Thumb Code    10  i2c.o(i.I2CMasterEnable)
    I2CMasterErr                             0x000020e3   Thumb Code    24  i2c.o(i.I2CMasterErr)
    I2CMasterInitExpClk                      0x000020fd   Thumb Code    72  i2c.o(i.I2CMasterInitExpClk)
    I2CMasterSlaveAddrSet                    0x00002151   Thumb Code     8  i2c.o(i.I2CMasterSlaveAddrSet)
    I2CRead                                  0x00002159   Thumb Code    20  accelerator.o(i.I2CRead)
    I2CSend                                  0x0000216d   Thumb Code    64  accelerator.o(i.I2CSend)
    I2CSlaveEnable                           0x000021ad   Thumb Code    16  i2c.o(i.I2CSlaveEnable)
    I2C_GetACK                               0x000021bd   Thumb Code    68  i2c.o(i.I2C_GetACK)
    I2C_RxByte                               0x00002205   Thumb Code    86  i2c.o(i.I2C_RxByte)
    I2C_START                                0x00002261   Thumb Code    58  i2c.o(i.I2C_START)
    I2C_STOP                                 0x000022a1   Thumb Code    68  i2c.o(i.I2C_STOP)
    I2C_SetNAk                               0x000022e9   Thumb Code    28  i2c.o(i.I2C_SetNAk)
    I2C_Set_scl_high                         0x00002309   Thumb Code    22  i2c.o(i.I2C_Set_scl_high)
    I2C_Set_scl_low                          0x00002325   Thumb Code    22  i2c.o(i.I2C_Set_scl_low)
    I2C_Set_sda_high                         0x00002341   Thumb Code    22  i2c.o(i.I2C_Set_sda_high)
    I2C_Set_sda_low                          0x0000235d   Thumb Code    22  i2c.o(i.I2C_Set_sda_low)
    I2C_TxByte                               0x00002379   Thumb Code    72  i2c.o(i.I2C_TxByte)
    INFRARED_Init                            0x00002449   Thumb Code    80  infrared.o(i.INFRARED_Init)
    InitGPIOLCDInterface                     0x000024a5   Thumb Code   206  tft.o(i.InitGPIOLCDInterface)
    IntEnable                                0x00002589   Thumb Code    92  interrupt.o(i.IntEnable)
    IntMasterEnable                          0x000025ed   Thumb Code    14  interrupt.o(i.IntMasterEnable)
    IntPrioritySet                           0x000025fd   Thumb Code    36  interrupt.o(i.IntPrioritySet)
    IntRegister                              0x00002625   Thumb Code    44  interrupt.o(i.IntRegister)
    Ir_Server                                0x00002659   Thumb Code    96  infrared.o(i.Ir_Server)
    LED_BLINK                                0x000026e9   Thumb Code    28  application.o(i.LED_BLINK)
    LED_Close                                0x00002709   Thumb Code   124  led.o(i.LED_Close)
    LED_Init                                 0x0000278d   Thumb Code    62  led.o(i.LED_Init)
    LED_Open                                 0x000027d9   Thumb Code   124  led.o(i.LED_Open)
    NEXT                                     0x0000285d   Thumb Code    14  control.o(i.NEXT)
    OLED_CLS                                 0x00002875   Thumb Code    10  oled_i2c.o(i.OLED_CLS)
    OLED_Fill                                0x0000287f   Thumb Code    58  oled_i2c.o(i.OLED_Fill)
    OLED_Init                                0x000028b9   Thumb Code   190  oled_i2c.o(i.OLED_Init)
    OLED_SetPos                              0x0000297d   Thumb Code    40  oled_i2c.o(i.OLED_SetPos)
    OLED_ShowStr                             0x000029a5   Thumb Code   228  oled_i2c.o(i.OLED_ShowStr)
    PCA9557_Init                             0x00002a91   Thumb Code    22  pca9557.o(i.PCA9557_Init)
    PLAYER_Init                              0x00002aad   Thumb Code    14  control.o(i.PLAYER_Init)
    PLAY_OR_PAUSE                            0x00002ac5   Thumb Code    14  control.o(i.PLAY_OR_PAUSE)
    PN532_Active                             0x00002add   Thumb Code    66  pn532.o(i.PN532_Active)
    PN532_Clearbuffer                        0x00002b31   Thumb Code    18  pn532.o(i.PN532_Clearbuffer)
    PN532_Init                               0x00002b49   Thumb Code     8  pn532.o(i.PN532_Init)
    PN532_Readuid                            0x00002b51   Thumb Code    30  pn532.o(i.PN532_Readuid)
    PREVIOUS                                 0x00002b71   Thumb Code    14  control.o(i.PREVIOUS)
    RGB888ToBGR565                           0x00002b89   Thumb Code    26  bmp.o(i.RGB888ToBGR565)
    SET_VOLUME                               0x00002bc5   Thumb Code    36  control.o(i.SET_VOLUME)
    SINGLE_read                              0x00002bf5   Thumb Code   106  i2c.o(i.SINGLE_read)
    SSIConfigSetExpClk                       0x00002c5f   Thumb Code    58  ssi.o(i.SSIConfigSetExpClk)
    SSIDataGet                               0x00002c99   Thumb Code    14  ssi.o(i.SSIDataGet)
    SSIDataGetNonBlocking                    0x00002ca7   Thumb Code    20  ssi.o(i.SSIDataGetNonBlocking)
    SSIDataPut                               0x00002cbb   Thumb Code    12  ssi.o(i.SSIDataPut)
    SSIEnable                                0x00002cc7   Thumb Code    10  ssi.o(i.SSIEnable)
    SSIinit                                  0x00002cd1   Thumb Code   104  touch.o(i.SSIinit)
    SUB_VOLUME                               0x00002d49   Thumb Code    14  control.o(i.SUB_VOLUME)
    Show_BMP                                 0x00002d61   Thumb Code   282  bmp.o(i.Show_BMP)
    SysCtlClockFreqSet                       0x00002e95   Thumb Code   706  sysctl.o(i.SysCtlClockFreqSet)
    SysCtlGPIOAHBEnable                      0x00003181   Thumb Code    20  sysctl.o(i.SysCtlGPIOAHBEnable)
    SysCtlPeripheralEnable                   0x00003199   Thumb Code    36  sysctl.o(i.SysCtlPeripheralEnable)
    TFT_CLEAR                                0x000031c1   Thumb Code    50  tft.o(i.TFT_CLEAR)
    TFT_DrawCircle                           0x000031f9   Thumb Code   138  tft.o(i.TFT_DrawCircle)
    TFT_DrawLine                             0x00003283   Thumb Code   396  tft.o(i.TFT_DrawLine)
    TFT_DrawPoint                            0x00003411   Thumb Code    30  tft.o(i.TFT_DrawPoint)
    TFT_DrawRectangle                        0x00003435   Thumb Code   102  tft.o(i.TFT_DrawRectangle)
    TFT_FillBlock                            0x0000349d   Thumb Code    66  tft.o(i.TFT_FillBlock)
    TFT_Init                                 0x000034e5   Thumb Code  1730  tft.o(i.TFT_Init)
    TFT_SetPos                               0x00003bbd   Thumb Code   134  tft.o(i.TFT_SetPos)
    TFT_ShowByte                             0x00003c4d   Thumb Code    44  tft.o(i.TFT_ShowByte)
    TFT_ShowChar                             0x00003c79   Thumb Code   110  tft.o(i.TFT_ShowChar)
    TFT_ShowName                             0x00003cf1   Thumb Code    94  tft.o(i.TFT_ShowName)
    TFT_ShowString                           0x00003d55   Thumb Code    70  tft.o(i.TFT_ShowString)
    TFT_ShowWheel                            0x00003d9b   Thumb Code   390  tft.o(i.TFT_ShowWheel)
    TOUCH_Init                               0x00003f21   Thumb Code    40  touch.o(i.TOUCH_Init)
    TOUCH_PointAdjust                        0x00003f55   Thumb Code   102  touch.o(i.TOUCH_PointAdjust)
    Timer0BIntHandler                        0x00003fbd   Thumb Code    38  timer.o(i.Timer0BIntHandler)
    TimerConfigure                           0x00003fed   Thumb Code    88  timer.o(i.TimerConfigure)
    TimerEnable                              0x0000404d   Thumb Code    14  timer.o(i.TimerEnable)
    TimerIntClear                            0x0000405b   Thumb Code     4  timer.o(i.TimerIntClear)
    TimerIntEnable                           0x0000405f   Thumb Code     8  timer.o(i.TimerIntEnable)
    TimerIntInitial                          0x00004069   Thumb Code    80  timer.o(i.TimerIntInitial)
    TimerIntRegister                         0x000040cd   Thumb Code    88  timer.o(i.TimerIntRegister)
    TimerIntStatus                           0x00004135   Thumb Code    10  timer.o(i.TimerIntStatus)
    TimerLoadSet                             0x0000413f   Thumb Code    18  timer.o(i.TimerLoadSet)
    UARTCharGet                              0x00004151   Thumb Code    12  uart.o(i.UARTCharGet)
    UARTCharPut                              0x0000415d   Thumb Code    12  uart.o(i.UARTCharPut)
    UARTConfigSetExpClk                      0x00004169   Thumb Code   110  uart.o(i.UARTConfigSetExpClk)
    UARTReceiveData                          0x000041d7   Thumb Code    38  usart.o(i.UARTReceiveData)
    UARTWriteCmd                             0x000041fd   Thumb Code    32  usart.o(i.UARTWriteCmd)
    USART0_Init                              0x0000421d   Thumb Code    56  usart.o(i.USART0_Init)
    USART6_Init                              0x00004265   Thumb Code    52  usart.o(i.USART6_Init)
    WriteCmd                                 0x000042b5   Thumb Code    24  oled_i2c.o(i.WriteCmd)
    WriteDat                                 0x00004309   Thumb Code    26  oled_i2c.o(i.WriteDat)
    _NOP                                     0x000043a5   Thumb Code    12  i2c.o(i._NOP)
    __0sprintf                               0x000043b1   Thumb Code    34  printfa.o(i.__0sprintf)
    __1sprintf                               0x000043b1   Thumb Code     0  printfa.o(i.__0sprintf)
    __2sprintf                               0x000043b1   Thumb Code     0  printfa.o(i.__0sprintf)
    __c89sprintf                             0x000043b1   Thumb Code     0  printfa.o(i.__0sprintf)
    sprintf                                  0x000043b1   Thumb Code     0  printfa.o(i.__0sprintf)
    __scatterload_copy                       0x000043d9   Thumb Code    14  handlers.o(i.__scatterload_copy)
    __scatterload_null                       0x000043e7   Thumb Code     2  handlers.o(i.__scatterload_null)
    __scatterload_zeroinit                   0x000043e9   Thumb Code    14  handlers.o(i.__scatterload_zeroinit)
    clust2sect                               0x00005101   Thumb Code    26  ff.o(i.clust2sect)
    disk_initialize                          0x000055e1   Thumb Code   352  fatfs_port_tm4c1294.o(i.disk_initialize)
    disk_ioctl                               0x0000574d   Thumb Code   420  fatfs_port_tm4c1294.o(i.disk_ioctl)
    disk_read                                0x000058f5   Thumb Code   142  fatfs_port_tm4c1294.o(i.disk_read)
    disk_status                              0x0000598d   Thumb Code    14  fatfs_port_tm4c1294.o(i.disk_status)
    disk_timerproc                           0x000059a1   Thumb Code    34  fatfs_port_tm4c1294.o(i.disk_timerproc)
    disk_write                               0x000059cd   Thumb Code   188  fatfs_port_tm4c1294.o(i.disk_write)
    f_close                                  0x00005a91   Thumb Code    22  ff.o(i.f_close)
    f_lseek                                  0x00005aa7   Thumb Code   430  ff.o(i.f_lseek)
    f_mount                                  0x00005c55   Thumb Code    38  ff.o(i.f_mount)
    f_open                                   0x00005c81   Thumb Code   350  ff.o(i.f_open)
    f_read                                   0x00005ddf   Thumb Code   458  ff.o(i.f_read)
    f_sync                                   0x00005fa9   Thumb Code   176  ff.o(i.f_sync)
    free                                     0x000060ed   Thumb Code    76  malloc.o(i.free)
    get_fat                                  0x0000613d   Thumb Code   228  ff.o(i.get_fat)
    get_fattime                              0x00006221   Thumb Code     4  fatfs_port_tm4c1294.o(i.get_fattime)
    i2c_write                                0x00006229   Thumb Code   108  i2c.o(i.i2c_write)
    kalmanFilter                             0x00006295   Thumb Code    98  kalmanfilter.o(i.kalmanFilter)
    main                                     0x00006317   Thumb Code     8  main.o(i.main)
    malloc                                   0x00006321   Thumb Code    92  malloc.o(i.malloc)
    num2char                                 0x00006415   Thumb Code   214  tft.o(i.num2char)
    pn532_read                               0x00006509   Thumb Code    54  pn532.o(i.pn532_read)
    put_fat                                  0x00006d7d   Thumb Code   310  ff.o(i.put_fat)
    pvPortMalloc                             0x00006eb5   Thumb Code   164  heap_2.o(i.pvPortMalloc)
    pvTaskIncrementMutexHeldCount            0x00006f6d   Thumb Code    26  tasks.o(i.pvTaskIncrementMutexHeldCount)
    pxPortInitialiseStack                    0x00006f8d   Thumb Code    34  port.o(i.pxPortInitialiseStack)
    setnumber                                0x00007209   Thumb Code   446  pca9557.o(i.setnumber)
    uxListRemove                             0x000074fb   Thumb Code    40  list.o(i.uxListRemove)
    uxTaskResetEventItemValue                0x00007525   Thumb Code    24  tasks.o(i.uxTaskResetEventItemValue)
    vListInitialise                          0x00007541   Thumb Code    26  list.o(i.vListInitialise)
    vListInitialiseItem                      0x0000755b   Thumb Code     6  list.o(i.vListInitialiseItem)
    vListInsert                              0x00007561   Thumb Code    52  list.o(i.vListInsert)
    vListInsertEnd                           0x00007595   Thumb Code    24  list.o(i.vListInsertEnd)
    vPortEnterCritical                       0x000075ad   Thumb Code    30  port.o(i.vPortEnterCritical)
    vPortExitCritical                        0x000075d1   Thumb Code    28  port.o(i.vPortExitCritical)
    vPortFree                                0x000075f1   Thumb Code    56  heap_2.o(i.vPortFree)
    vPortSetupTimerInterrupt                 0x00007631   Thumb Code    14  port.o(i.vPortSetupTimerInterrupt)
    vQueueAddToRegistry                      0x00007645   Thumb Code    38  queue.o(i.vQueueAddToRegistry)
    vQueueWaitForMessageRestricted           0x00007671   Thumb Code    66  queue.o(i.vQueueWaitForMessageRestricted)
    vTaskDelay                               0x000076b5   Thumb Code    84  tasks.o(i.vTaskDelay)
    vTaskMissedYield                         0x00007719   Thumb Code     8  tasks.o(i.vTaskMissedYield)
    vTaskPlaceOnEventList                    0x00007725   Thumb Code    84  tasks.o(i.vTaskPlaceOnEventList)
    vTaskPlaceOnEventListRestricted          0x00007789   Thumb Code    90  tasks.o(i.vTaskPlaceOnEventListRestricted)
    vTaskPlaceOnUnorderedEventList           0x000077f5   Thumb Code   100  tasks.o(i.vTaskPlaceOnUnorderedEventList)
    vTaskPriorityInherit                     0x00007869   Thumb Code   164  tasks.o(i.vTaskPriorityInherit)
    vTaskSetTimeOutState                     0x00007919   Thumb Code    14  tasks.o(i.vTaskSetTimeOutState)
    vTaskStartScheduler                      0x00007931   Thumb Code    86  tasks.o(i.vTaskStartScheduler)
    vTaskSuspendAll                          0x000079a1   Thumb Code    12  tasks.o(i.vTaskSuspendAll)
    vTaskSwitchContext                       0x000079b1   Thumb Code    76  tasks.o(i.vTaskSwitchContext)
    xEventGroupCreate                        0x00007a71   Thumb Code    26  event_groups.o(i.xEventGroupCreate)
    xEventGroupSetBits                       0x00007a8b   Thumb Code   146  event_groups.o(i.xEventGroupSetBits)
    xEventGroupWaitBits                      0x00007b1d   Thumb Code   194  event_groups.o(i.xEventGroupWaitBits)
    xPortStartScheduler                      0x00007be5   Thumb Code    58  port.o(i.xPortStartScheduler)
    xPortSysTickHandler                      0x00007c2d   Thumb Code    48  port.o(i.xPortSysTickHandler)
    xQueueGenericCreate                      0x00007c61   Thumb Code    74  queue.o(i.xQueueGenericCreate)
    xQueueGenericReceive                     0x00007cad   Thumb Code   318  queue.o(i.xQueueGenericReceive)
    xQueueGenericReset                       0x00007df1   Thumb Code   120  queue.o(i.xQueueGenericReset)
    xQueueGenericSend                        0x00007e6d   Thumb Code   268  queue.o(i.xQueueGenericSend)
    xQueueGenericSendFromISR                 0x00007f7d   Thumb Code   126  queue.o(i.xQueueGenericSendFromISR)
    xQueueGiveFromISR                        0x00007ffb   Thumb Code   110  queue.o(i.xQueueGiveFromISR)
    xTaskCheckForTimeOut                     0x00008069   Thumb Code    84  tasks.o(i.xTaskCheckForTimeOut)
    xTaskGenericCreate                       0x000080c5   Thumb Code   242  tasks.o(i.xTaskGenericCreate)
    xTaskGetSchedulerState                   0x000081d5   Thumb Code    24  tasks.o(i.xTaskGetSchedulerState)
    xTaskGetTickCount                        0x000081f5   Thumb Code     6  tasks.o(i.xTaskGetTickCount)
    xTaskIncrementTick                       0x00008201   Thumb Code   242  tasks.o(i.xTaskIncrementTick)
    xTaskPriorityDisinherit                  0x00008321   Thumb Code   122  tasks.o(i.xTaskPriorityDisinherit)
    xTaskRemoveFromEventList                 0x000083a5   Thumb Code   104  tasks.o(i.xTaskRemoveFromEventList)
    xTaskRemoveFromUnorderedEventList        0x00008425   Thumb Code    94  tasks.o(i.xTaskRemoveFromUnorderedEventList)
    xTaskResumeAll                           0x00008495   Thumb Code   196  tasks.o(i.xTaskResumeAll)
    xTimerCreate                             0x0000857d   Thumb Code    62  timers.o(i.xTimerCreate)
    xTimerCreateTimerTask                    0x000085bd   Thumb Code    46  timers.o(i.xTimerCreateTimerTask)
    xTimerGenericCommand                     0x000085fd   Thumb Code   102  timers.o(i.xTimerGenericCommand)
    asc2_1206                                0x00008770   Data        1140  tft.o(.constdata)
    asc2_1608                                0x00008be4   Data        1536  tft.o(.constdata)
    F6x8                                     0x00009234   Data         552  oled_i2c.o(.constdata)
    F8X16                                    0x0000945c   Data        1520  oled_i2c.o(.constdata)
    Region$$Table$$Base                      0x0000a074   Number         0  anon$$obj.o(Region$$Table)
    Region$$Table$$Limit                     0x0000a094   Number         0  anon$$obj.o(Region$$Table)
    PLAY_CMD                                 0x20000000   Data           5  control.o(.data)
    PAUSE_CMD                                0x20000005   Data           5  control.o(.data)
    NEXT_CMD                                 0x2000000a   Data           5  control.o(.data)
    PREVIOUS_CMD                             0x2000000f   Data           5  control.o(.data)
    ADD_VOLUME_CMD                           0x20000014   Data           5  control.o(.data)
    SUB_VOLUME_CMD                           0x20000019   Data           5  control.o(.data)
    PLAY_OR_PAUSE_CMD                        0x2000001e   Data           5  control.o(.data)
    STOP_CMD                                 0x20000023   Data           5  control.o(.data)
    HALF_VOLUME                              0x20000028   Data           6  control.o(.data)
    LOOP                                     0x2000002e   Data           6  control.o(.data)
    res                                      0x20000084   Data           1  bmp.o(.data)
    point                                    0x20000086   Data           8  bmp.o(.data)
    SysClock                                 0x20000114   Data           4  application.o(.data)
    idx                                      0x20000118   Data           1  application.o(.data)
    remote_code                              0x20000119   Data           4  application.o(.data)
    tcount                                   0x20000120   Data           4  application.o(.data)
    receiveComplete                          0x20000124   Data           1  application.o(.data)
    startflag                                0x20000125   Data           1  application.o(.data)
    uid                                      0x20000128   Data           4  application.o(.data)
    InfraredReceive_Handle                   0x2000012c   Data           4  application.o(.data)
    BUZZER_Handle                            0x20000130   Data           4  application.o(.data)
    Command_Handle                           0x20000134   Data           4  application.o(.data)
    Swtmr1_Handle                            0x20000138   Data           4  application.o(.data)
    kaiguan                                  0x20000140   Data         384  tft.o(.data)
    WriteData                                0x200002c4   Data           4  tft.o(.data)
    WriteCommand                             0x200002c8   Data           4  tft.o(.data)
    a                                        0x200002db   Data           2  pca9557.o(.data)
    pxCurrentTCB                             0x20000334   Data           4  tasks.o(.data)
    __microlib_freelist                      0x2000037c   Data           4  mvars.o(.data)
    __microlib_freelist_initialised          0x20000380   Data           4  mvars.o(.data)
    fs                                       0x20000b88   Data         564  bmp.o(.bss)
    fil                                      0x20000dbc   Data         548  bmp.o(.bss)
    bmp                                      0x20000fe0   Data          70  bmp.o(.bss)
    irdata                                   0x2000156c   Data          33  application.o(.bss)
    xQueueRegistry                           0x20014e38   Data          80  queue.o(.bss)
    __heap_base                              0x20015058   Data           0  startup_rvmdk.o(HEAP)
    __heap_limit                             0x20024058   Data           0  startup_rvmdk.o(HEAP)
    __initial_sp                             0x2002c058   Data           0  startup_rvmdk.o(STACK)



==============================================================================

Memory Map of the image

  Image Entry point : 0x00000289

  Load Region LR_IROM1 (Base: 0x00000000, Size: 0x0000a700, Max: 0x00100000, ABSOLUTE, COMPRESSED[0x0000a228])

    Execution Region ER_IROM1 (Exec base: 0x00000000, Load base: 0x00000000, Size: 0x0000a094, Max: 0x00100000, ABSOLUTE)

    Exec Addr    Load Addr    Size         Type   Attr      Idx    E Section Name        Object

    0x00000000   0x00000000   0x00000288   Code   RO          450    RESET               startup_rvmdk.o
    0x00000288   0x00000288   0x00000000   Code   RO         5142  * .ARM.Collect$$$$00000000  mc_w.l(entry.o)
    0x00000288   0x00000288   0x00000004   Code   RO         5466    .ARM.Collect$$$$00000001  mc_w.l(entry2.o)
    0x0000028c   0x0000028c   0x00000004   Code   RO         5469    .ARM.Collect$$$$00000004  mc_w.l(entry5.o)
    0x00000290   0x00000290   0x00000000   Code   RO         5471    .ARM.Collect$$$$00000008  mc_w.l(entry7b.o)
    0x00000290   0x00000290   0x00000000   Code   RO         5473    .ARM.Collect$$$$0000000A  mc_w.l(entry8b.o)
    0x00000290   0x00000290   0x00000008   Code   RO         5474    .ARM.Collect$$$$0000000B  mc_w.l(entry9a.o)
    0x00000298   0x00000298   0x00000000   Code   RO         5476    .ARM.Collect$$$$0000000D  mc_w.l(entry10a.o)
    0x00000298   0x00000298   0x00000000   Code   RO         5478    .ARM.Collect$$$$0000000F  mc_w.l(entry11a.o)
    0x00000298   0x00000298   0x00000004   Code   RO         5467    .ARM.Collect$$$$00002712  mc_w.l(entry2.o)
    0x0000029c   0x0000029c   0x000000b6   Code   RO         1976    .emb_text           port.o
    0x00000352   0x00000352   0x00000002   PAD
    0x00000354   0x00000354   0x00000006   Code   RO         4247    .emb_text           driverlib.lib(sysctl.o)
    0x0000035a   0x0000035a   0x00000002   PAD
    0x0000035c   0x0000035c   0x00000026   Code   RO         5132    .emb_text           driverlib.lib(cpu.o)
    0x00000382   0x00000382   0x00000024   Code   RO         5145    .text               mc_w.l(memcpya.o)
    0x000003a6   0x000003a6   0x00000024   Code   RO         5147    .text               mc_w.l(memseta.o)
    0x000003ca   0x000003ca   0x0000014e   Code   RO         5450    .text               mf_w.l(dadd.o)
    0x00000518   0x00000518   0x000000e4   Code   RO         5452    .text               mf_w.l(dmul.o)
    0x000005fc   0x000005fc   0x000000de   Code   RO         5454    .text               mf_w.l(ddiv.o)
    0x000006da   0x000006da   0x0000001a   Code   RO         5456    .text               mf_w.l(dfltui.o)
    0x000006f4   0x000006f4   0x0000003e   Code   RO         5458    .text               mf_w.l(dfixi.o)
    0x00000732   0x00000732   0x00000032   Code   RO         5460    .text               mf_w.l(dfixui.o)
    0x00000764   0x00000764   0x00000026   Code   RO         5462    .text               mf_w.l(f2d.o)
    0x0000078a   0x0000078a   0x00000038   Code   RO         5464    .text               mf_w.l(d2f.o)
    0x000007c2   0x000007c2   0x0000002c   Code   RO         5483    .text               mc_w.l(uidiv.o)
    0x000007ee   0x000007ee   0x00000062   Code   RO         5485    .text               mc_w.l(uldiv.o)
    0x00000850   0x00000850   0x0000001e   Code   RO         5487    .text               mc_w.l(llshl.o)
    0x0000086e   0x0000086e   0x00000020   Code   RO         5489    .text               mc_w.l(llushr.o)
    0x0000088e   0x0000088e   0x00000024   Code   RO         5491    .text               mc_w.l(llsshr.o)
    0x000008b2   0x000008b2   0x00000000   Code   RO         5495    .text               mc_w.l(iusefp.o)
    0x000008b2   0x000008b2   0x0000006e   Code   RO         5496    .text               mf_w.l(fepilogue.o)
    0x00000920   0x00000920   0x000000ba   Code   RO         5498    .text               mf_w.l(depilogue.o)
    0x000009da   0x000009da   0x00000030   Code   RO         5500    .text               mf_w.l(dfixul.o)
    0x00000a0a   0x00000a0a   0x00000002   PAD
    0x00000a0c   0x00000a0c   0x00000030   Code   RO         5502    .text               mf_w.l(cdrcmple.o)
    0x00000a3c   0x00000a3c   0x00000024   Code   RO         5504    .text               mc_w.l(init.o)
    0x00000a60   0x00000a60   0x0000005e   Code   RO         5516    .text               mc_w.l(__dclz77c.o)
    0x00000abe   0x00000abe   0x0000007e   Code   RO         1137    i.ACCELERATOR_Init  accelerator.o
    0x00000b3c   0x00000b3c   0x0000012a   Code   RO         1138    i.ACCELERATOR_Read  accelerator.o
    0x00000c66   0x00000c66   0x00000002   PAD
    0x00000c68   0x00000c68   0x0000008c   Code   RO         1188    i.ADC0_Init         adc.o
    0x00000cf4   0x00000cf4   0x00000070   Code   RO         1189    i.ADC0_Read         adc.o
    0x00000d64   0x00000d64   0x0000000a   Code   RO         2753    i.ADCIntClear       driverlib.lib(adc.o)
    0x00000d6e   0x00000d6e   0x00000034   Code   RO         2760    i.ADCIntStatus      driverlib.lib(adc.o)
    0x00000da2   0x00000da2   0x0000001a   Code   RO         2765    i.ADCProcessorTrigger  driverlib.lib(adc.o)
    0x00000dbc   0x00000dbc   0x000001d8   Code   RO          369    i.ADCRead           application.o
    0x00000f94   0x00000f94   0x00000060   Code   RO         2768    i.ADCSequenceConfigure  driverlib.lib(adc.o)
    0x00000ff4   0x00000ff4   0x00000024   Code   RO         2771    i.ADCSequenceDataGet  driverlib.lib(adc.o)
    0x00001018   0x00001018   0x0000000e   Code   RO         2773    i.ADCSequenceEnable  driverlib.lib(adc.o)
    0x00001026   0x00001026   0x0000009a   Code   RO         2776    i.ADCSequenceStepConfigure  driverlib.lib(adc.o)
    0x000010c0   0x000010c0   0x00000018   Code   RO          193    i.ADD_VOLUME        control.o
    0x000010d8   0x000010d8   0x00000024   Code   RO          370    i.BEEZZERBeep       application.o
    0x000010fc   0x000010fc   0x00000040   Code   RO          371    i.BMPDisplay        application.o
    0x0000113c   0x0000113c   0x00000110   Code   RO          372    i.BSP_Init          application.o
    0x0000124c   0x0000124c   0x00000050   Code   RO          891    i.BUZZER_Beep       buzzer.o
    0x0000129c   0x0000129c   0x00000028   Code   RO          893    i.BUZZER_Init       buzzer.o
    0x000012c4   0x000012c4   0x000000d0   Code   RO          680    i.Button_Reconize   touch.o
    0x00001394   0x00001394   0x00000070   Code   RO          373    i.Command_Control   application.o
    0x00001404   0x00001404   0x00000018   Code   RO         1008    i.DESELECT          fatfs_port_tm4c1294.o
    0x0000141c   0x0000141c   0x00000044   Code   RO          374    i.DIGITALTube       application.o
    0x00001460   0x00001460   0x00000018   Code   RO         1498    i.Delay5us          i2c.o
    0x00001478   0x00001478   0x00000004   Code   RO         3020    i.EPIAddressMapSet  driverlib.lib(epi.o)
    0x0000147c   0x0000147c   0x00000020   Code   RO         3023    i.EPIConfigHB16Set  driverlib.lib(epi.o)
    0x0000149c   0x0000149c   0x000000f8   Code   RO          761    i.EPIGPIOinit       epiinit.o
    0x00001594   0x00001594   0x00000004   Code   RO         3040    i.EPIModeSet        driverlib.lib(epi.o)
    0x00001598   0x00001598   0x00000010   Code   RO         3273    i.FPUEnable         driverlib.lib(fpu.o)
    0x000015a8   0x000015a8   0x00000010   Code   RO         3276    i.FPULazyStackingEnable  driverlib.lib(fpu.o)
    0x000015b8   0x000015b8   0x000001c8   Code   RO          375    i.FreeRTOS_Init     application.o
    0x00001780   0x00001780   0x0000000e   Code   RO          376    i.GETPoint          application.o
    0x0000178e   0x0000178e   0x00000028   Code   RO         3343    i.GPIODirModeSet    driverlib.lib(gpio.o)
    0x000017b6   0x000017b6   0x00000006   Code   RO         3344    i.GPIOIntClear      driverlib.lib(gpio.o)
    0x000017bc   0x000017bc   0x0000000c   Code   RO         3346    i.GPIOIntEnable     driverlib.lib(gpio.o)
    0x000017c8   0x000017c8   0x0000001a   Code   RO         3347    i.GPIOIntRegister   driverlib.lib(gpio.o)
    0x000017e2   0x000017e2   0x00000050   Code   RO         3351    i.GPIOIntTypeSet    driverlib.lib(gpio.o)
    0x00001832   0x00001832   0x00000002   PAD
    0x00001834   0x00001834   0x00000090   Code   RO          730    i.GPION_IRQ         infrared.o
    0x000018c4   0x000018c4   0x00000138   Code   RO         3355    i.GPIOPadConfigSet  driverlib.lib(gpio.o)
    0x000019fc   0x000019fc   0x00000044   Code   RO         3356    i.GPIOPinConfigure  driverlib.lib(gpio.o)
    0x00001a40   0x00001a40   0x00000006   Code   RO         3357    i.GPIOPinRead       driverlib.lib(gpio.o)
    0x00001a46   0x00001a46   0x0000001c   Code   RO         3358    i.GPIOPinTypeADC    driverlib.lib(gpio.o)
    0x00001a62   0x00001a62   0x0000001c   Code   RO         3363    i.GPIOPinTypeEPI    driverlib.lib(gpio.o)
    0x00001a7e   0x00001a7e   0x0000001c   Code   RO         3366    i.GPIOPinTypeGPIOInput  driverlib.lib(gpio.o)
    0x00001a9a   0x00001a9a   0x0000001c   Code   RO         3367    i.GPIOPinTypeGPIOOutput  driverlib.lib(gpio.o)
    0x00001ab6   0x00001ab6   0x0000001c   Code   RO         3370    i.GPIOPinTypeI2C    driverlib.lib(gpio.o)
    0x00001ad2   0x00001ad2   0x0000001c   Code   RO         3371    i.GPIOPinTypeI2CSCL  driverlib.lib(gpio.o)
    0x00001aee   0x00001aee   0x0000001c   Code   RO         3376    i.GPIOPinTypeSSI    driverlib.lib(gpio.o)
    0x00001b0a   0x00001b0a   0x0000001c   Code   RO         3379    i.GPIOPinTypeUART   driverlib.lib(gpio.o)
    0x00001b26   0x00001b26   0x00000006   Code   RO         3385    i.GPIOPinWrite      driverlib.lib(gpio.o)
    0x00001b2c   0x00001b2c   0x00000154   Code   RO          681    i.Get_Point         touch.o
    0x00001c80   0x00001c80   0x000000cc   Code   RO          377    i.GravityBall       application.o
    0x00001d4c   0x00001d4c   0x0000002c   Code   RO         1254    i.I2C0DeviceInit    pca9557.o
    0x00001d78   0x00001d78   0x00000044   Code   RO         1499    i.I2C0GPIOBEnable   i2c.o
    0x00001dbc   0x00001dbc   0x00000028   Code   RO         1255    i.I2C0MasterInit    pca9557.o
    0x00001de4   0x00001de4   0x00000040   Code   RO         1256    i.I2C0PinConfig     pca9557.o
    0x00001e24   0x00001e24   0x000000ec   Code   RO         1257    i.I2C0Send          pca9557.o
    0x00001f10   0x00001f10   0x00000020   Code   RO         1258    i.I2C0TubeHighSet   pca9557.o
    0x00001f30   0x00001f30   0x00000020   Code   RO         1259    i.I2C0TubeLowSet    pca9557.o
    0x00001f50   0x00001f50   0x00000020   Code   RO         1260    i.I2C0TubeSelSet    pca9557.o
    0x00001f70   0x00001f70   0x00000028   Code   RO         1355    i.I2C3MasterInit    oled_i2c.o
    0x00001f98   0x00001f98   0x00000040   Code   RO         1356    i.I2C3PinConfig     oled_i2c.o
    0x00001fd8   0x00001fd8   0x000000ec   Code   RO         1357    i.I2C3Send          oled_i2c.o
    0x000020c4   0x000020c4   0x0000000c   Code   RO         3656    i.I2CMasterBusy     driverlib.lib(i2c.o)
    0x000020d0   0x000020d0   0x00000004   Code   RO         3657    i.I2CMasterControl  driverlib.lib(i2c.o)
    0x000020d4   0x000020d4   0x00000004   Code   RO         3659    i.I2CMasterDataPut  driverlib.lib(i2c.o)
    0x000020d8   0x000020d8   0x0000000a   Code   RO         3661    i.I2CMasterEnable   driverlib.lib(i2c.o)
    0x000020e2   0x000020e2   0x00000018   Code   RO         3662    i.I2CMasterErr      driverlib.lib(i2c.o)
    0x000020fa   0x000020fa   0x00000002   PAD
    0x000020fc   0x000020fc   0x00000054   Code   RO         3664    i.I2CMasterInitExpClk  driverlib.lib(i2c.o)
    0x00002150   0x00002150   0x00000008   Code   RO         3674    i.I2CMasterSlaveAddrSet  driverlib.lib(i2c.o)
    0x00002158   0x00002158   0x00000014   Code   RO         1140    i.I2CRead           accelerator.o
    0x0000216c   0x0000216c   0x00000040   Code   RO         1141    i.I2CSend           accelerator.o
    0x000021ac   0x000021ac   0x00000010   Code   RO         3684    i.I2CSlaveEnable    driverlib.lib(i2c.o)
    0x000021bc   0x000021bc   0x00000048   Code   RO         1500    i.I2C_GetACK        i2c.o
    0x00002204   0x00002204   0x0000005c   Code   RO         1502    i.I2C_RxByte        i2c.o
    0x00002260   0x00002260   0x00000040   Code   RO         1503    i.I2C_START         i2c.o
    0x000022a0   0x000022a0   0x00000048   Code   RO         1504    i.I2C_STOP          i2c.o
    0x000022e8   0x000022e8   0x00000020   Code   RO         1505    i.I2C_SetNAk        i2c.o
    0x00002308   0x00002308   0x0000001c   Code   RO         1506    i.I2C_Set_scl_high  i2c.o
    0x00002324   0x00002324   0x0000001c   Code   RO         1507    i.I2C_Set_scl_low   i2c.o
    0x00002340   0x00002340   0x0000001c   Code   RO         1508    i.I2C_Set_sda_high  i2c.o
    0x0000235c   0x0000235c   0x0000001c   Code   RO         1509    i.I2C_Set_sda_low   i2c.o
    0x00002378   0x00002378   0x0000004c   Code   RO         1510    i.I2C_TxByte        i2c.o
    0x000023c4   0x000023c4   0x00000084   Code   RO          378    i.INFRARED          application.o
    0x00002448   0x00002448   0x0000005c   Code   RO          731    i.INFRARED_Init     infrared.o
    0x000024a4   0x000024a4   0x000000e4   Code   RO          455    i.InitGPIOLCDInterface  tft.o
    0x00002588   0x00002588   0x00000064   Code   RO         3983    i.IntEnable         driverlib.lib(interrupt.o)
    0x000025ec   0x000025ec   0x0000000e   Code   RO         3986    i.IntMasterEnable   driverlib.lib(interrupt.o)
    0x000025fa   0x000025fa   0x00000002   PAD
    0x000025fc   0x000025fc   0x00000028   Code   RO         3994    i.IntPrioritySet    driverlib.lib(interrupt.o)
    0x00002624   0x00002624   0x00000034   Code   RO         3995    i.IntRegister       driverlib.lib(interrupt.o)
    0x00002658   0x00002658   0x00000068   Code   RO          732    i.Ir_Server         infrared.o
    0x000026c0   0x000026c0   0x00000026   Code   RO          379    i.LEDTask           application.o
    0x000026e6   0x000026e6   0x00000002   PAD
    0x000026e8   0x000026e8   0x00000020   Code   RO          380    i.LED_BLINK         application.o
    0x00002708   0x00002708   0x00000084   Code   RO          776    i.LED_Close         led.o
    0x0000278c   0x0000278c   0x0000004c   Code   RO          777    i.LED_Init          led.o
    0x000027d8   0x000027d8   0x00000084   Code   RO          778    i.LED_Open          led.o
    0x0000285c   0x0000285c   0x00000018   Code   RO          194    i.NEXT              control.o
    0x00002874   0x00002874   0x0000000a   Code   RO         1358    i.OLED_CLS          oled_i2c.o
    0x0000287e   0x0000287e   0x0000003a   Code   RO         1360    i.OLED_Fill         oled_i2c.o
    0x000028b8   0x000028b8   0x000000c4   Code   RO         1361    i.OLED_Init         oled_i2c.o
    0x0000297c   0x0000297c   0x00000028   Code   RO         1364    i.OLED_SetPos       oled_i2c.o
    0x000029a4   0x000029a4   0x000000ec   Code   RO         1366    i.OLED_ShowStr      oled_i2c.o
    0x00002a90   0x00002a90   0x0000001c   Code   RO         1261    i.PCA9557_Init      pca9557.o
    0x00002aac   0x00002aac   0x00000018   Code   RO          197    i.PLAYER_Init       control.o
    0x00002ac4   0x00002ac4   0x00000018   Code   RO          198    i.PLAY_OR_PAUSE     control.o
    0x00002adc   0x00002adc   0x00000054   Code   RO         1453    i.PN532_Active      pn532.o
    0x00002b30   0x00002b30   0x00000018   Code   RO         1454    i.PN532_Clearbuffer  pn532.o
    0x00002b48   0x00002b48   0x00000008   Code   RO         1455    i.PN532_Init        pn532.o
    0x00002b50   0x00002b50   0x0000001e   Code   RO         1456    i.PN532_Readuid     pn532.o
    0x00002b6e   0x00002b6e   0x00000002   PAD
    0x00002b70   0x00002b70   0x00000018   Code   RO          199    i.PREVIOUS          control.o
    0x00002b88   0x00002b88   0x0000001a   Code   RO          276    i.RGB888ToBGR565    bmp.o
    0x00002ba2   0x00002ba2   0x0000000a   Code   RO          381    i.SDTicket          application.o
    0x00002bac   0x00002bac   0x00000018   Code   RO         1009    i.SELECT            fatfs_port_tm4c1294.o
    0x00002bc4   0x00002bc4   0x00000030   Code   RO          200    i.SET_VOLUME        control.o
    0x00002bf4   0x00002bf4   0x0000006a   Code   RO         1511    i.SINGLE_read       i2c.o
    0x00002c5e   0x00002c5e   0x0000003a   Code   RO         4103    i.SSIConfigSetExpClk  driverlib.lib(ssi.o)
    0x00002c98   0x00002c98   0x0000000e   Code   RO         4106    i.SSIDataGet        driverlib.lib(ssi.o)
    0x00002ca6   0x00002ca6   0x00000014   Code   RO         4107    i.SSIDataGetNonBlocking  driverlib.lib(ssi.o)
    0x00002cba   0x00002cba   0x0000000c   Code   RO         4108    i.SSIDataPut        driverlib.lib(ssi.o)
    0x00002cc6   0x00002cc6   0x0000000a   Code   RO         4111    i.SSIEnable         driverlib.lib(ssi.o)
    0x00002cd0   0x00002cd0   0x00000078   Code   RO          682    i.SSIinit           touch.o
    0x00002d48   0x00002d48   0x00000018   Code   RO          202    i.SUB_VOLUME        control.o
    0x00002d60   0x00002d60   0x00000134   Code   RO          278    i.Show_BMP          bmp.o
    0x00002e94   0x00002e94   0x000002ec   Code   RO         4249    i.SysCtlClockFreqSet  driverlib.lib(sysctl.o)
    0x00003180   0x00003180   0x00000018   Code   RO         4260    i.SysCtlGPIOAHBEnable  driverlib.lib(sysctl.o)
    0x00003198   0x00003198   0x00000028   Code   RO         4281    i.SysCtlPeripheralEnable  driverlib.lib(sysctl.o)
    0x000031c0   0x000031c0   0x00000038   Code   RO          459    i.TFT_CLEAR         tft.o
    0x000031f8   0x000031f8   0x0000008a   Code   RO          460    i.TFT_DrawCircle    tft.o
    0x00003282   0x00003282   0x0000018c   Code   RO          462    i.TFT_DrawLine      tft.o
    0x0000340e   0x0000340e   0x00000002   PAD
    0x00003410   0x00003410   0x00000024   Code   RO          463    i.TFT_DrawPoint     tft.o
    0x00003434   0x00003434   0x00000066   Code   RO          464    i.TFT_DrawRectangle  tft.o
    0x0000349a   0x0000349a   0x00000002   PAD
    0x0000349c   0x0000349c   0x00000048   Code   RO          466    i.TFT_FillBlock     tft.o
    0x000034e4   0x000034e4   0x000006d8   Code   RO          467    i.TFT_Init          tft.o
    0x00003bbc   0x00003bbc   0x00000090   Code   RO          469    i.TFT_SetPos        tft.o
    0x00003c4c   0x00003c4c   0x0000002c   Code   RO          470    i.TFT_ShowByte      tft.o
    0x00003c78   0x00003c78   0x00000078   Code   RO          471    i.TFT_ShowChar      tft.o
    0x00003cf0   0x00003cf0   0x00000064   Code   RO          473    i.TFT_ShowName      tft.o
    0x00003d54   0x00003d54   0x00000046   Code   RO          475    i.TFT_ShowString    tft.o
    0x00003d9a   0x00003d9a   0x00000186   Code   RO          476    i.TFT_ShowWheel     tft.o
    0x00003f20   0x00003f20   0x00000034   Code   RO          683    i.TOUCH_Init        touch.o
    0x00003f54   0x00003f54   0x00000066   Code   RO          684    i.TOUCH_PointAdjust  touch.o
    0x00003fba   0x00003fba   0x00000002   PAD
    0x00003fbc   0x00003fbc   0x00000030   Code   RO          815    i.Timer0BIntHandler  timer.o
    0x00003fec   0x00003fec   0x00000060   Code   RO         4599    i.TimerConfigure    driverlib.lib(timer.o)
    0x0000404c   0x0000404c   0x0000000e   Code   RO         4608    i.TimerEnable       driverlib.lib(timer.o)
    0x0000405a   0x0000405a   0x00000004   Code   RO         4609    i.TimerIntClear     driverlib.lib(timer.o)
    0x0000405e   0x0000405e   0x00000008   Code   RO         4611    i.TimerIntEnable    driverlib.lib(timer.o)
    0x00004066   0x00004066   0x00000002   PAD
    0x00004068   0x00004068   0x00000064   Code   RO          816    i.TimerIntInitial   timer.o
    0x000040cc   0x000040cc   0x00000068   Code   RO         4612    i.TimerIntRegister  driverlib.lib(timer.o)
    0x00004134   0x00004134   0x0000000a   Code   RO         4613    i.TimerIntStatus    driverlib.lib(timer.o)
    0x0000413e   0x0000413e   0x00000012   Code   RO         4617    i.TimerLoadSet      driverlib.lib(timer.o)
    0x00004150   0x00004150   0x0000000c   Code   RO         4843    i.UARTCharGet       driverlib.lib(uart.o)
    0x0000415c   0x0000415c   0x0000000c   Code   RO         4845    i.UARTCharPut       driverlib.lib(uart.o)
    0x00004168   0x00004168   0x0000006e   Code   RO         4851    i.UARTConfigSetExpClk  driverlib.lib(uart.o)
    0x000041d6   0x000041d6   0x00000026   Code   RO          646    i.UARTReceiveData   usart.o
    0x000041fc   0x000041fc   0x00000020   Code   RO          647    i.UARTWriteCmd      usart.o
    0x0000421c   0x0000421c   0x00000048   Code   RO          648    i.USART0_Init       usart.o
    0x00004264   0x00004264   0x00000050   Code   RO          649    i.USART6_Init       usart.o
    0x000042b4   0x000042b4   0x00000018   Code   RO         1367    i.WriteCmd          oled_i2c.o
    0x000042cc   0x000042cc   0x0000003c   Code   RO          477    i.WriteCommandGPIO  tft.o
    0x00004308   0x00004308   0x00000020   Code   RO         1368    i.WriteDat          oled_i2c.o
    0x00004328   0x00004328   0x0000002c   Code   RO          478    i.WriteDataGPIO     tft.o
    0x00004354   0x00004354   0x00000050   Code   RO         3386    i._GPIOIntNumberGet  driverlib.lib(gpio.o)
    0x000043a4   0x000043a4   0x0000000c   Code   RO         1512    i._NOP              i2c.o
    0x000043b0   0x000043b0   0x00000028   Code   RO         5396    i.__0sprintf        mc_w.l(printfa.o)
    0x000043d8   0x000043d8   0x0000000e   Code   RO         5510    i.__scatterload_copy  mc_w.l(handlers.o)
    0x000043e6   0x000043e6   0x00000002   Code   RO         5511    i.__scatterload_null  mc_w.l(handlers.o)
    0x000043e8   0x000043e8   0x0000000e   Code   RO         5512    i.__scatterload_zeroinit  mc_w.l(handlers.o)
    0x000043f6   0x000043f6   0x00000002   PAD
    0x000043f8   0x000043f8   0x00000184   Code   RO         5401    i._fp_digits        mc_w.l(printfa.o)
    0x0000457c   0x0000457c   0x000006dc   Code   RO         5402    i._printf_core      mc_w.l(printfa.o)
    0x00004c58   0x00004c58   0x00000024   Code   RO         5403    i._printf_post_padding  mc_w.l(printfa.o)
    0x00004c7c   0x00004c7c   0x0000002e   Code   RO         5404    i._printf_pre_padding  mc_w.l(printfa.o)
    0x00004caa   0x00004caa   0x0000000a   Code   RO         5406    i._sputc            mc_w.l(printfa.o)
    0x00004cb4   0x00004cb4   0x00000090   Code   RO         1623    i.check_fs          ff.o
    0x00004d44   0x00004d44   0x00000014   Code   RO         1624    i.chk_chr           ff.o
    0x00004d58   0x00004d58   0x0000039c   Code   RO         1625    i.chk_mounted       ff.o
    0x000050f4   0x000050f4   0x0000000c   Code   RO         1010    i.chk_power         fatfs_port_tm4c1294.o
    0x00005100   0x00005100   0x0000001a   Code   RO         1626    i.clust2sect        ff.o
    0x0000511a   0x0000511a   0x000000ca   Code   RO         1627    i.create_chain      ff.o
    0x000051e4   0x000051e4   0x00000160   Code   RO         1628    i.create_name       ff.o
    0x00005344   0x00005344   0x00000056   Code   RO         1629    i.dir_alloc         ff.o
    0x0000539a   0x0000539a   0x0000005c   Code   RO         1630    i.dir_find          ff.o
    0x000053f6   0x000053f6   0x00000114   Code   RO         1631    i.dir_next          ff.o
    0x0000550a   0x0000550a   0x0000003a   Code   RO         1633    i.dir_register      ff.o
    0x00005544   0x00005544   0x0000009c   Code   RO         1635    i.dir_sdi           ff.o
    0x000055e0   0x000055e0   0x0000016c   Code   RO         1011    i.disk_initialize   fatfs_port_tm4c1294.o
    0x0000574c   0x0000574c   0x000001a8   Code   RO         1012    i.disk_ioctl        fatfs_port_tm4c1294.o
    0x000058f4   0x000058f4   0x00000098   Code   RO         1013    i.disk_read         fatfs_port_tm4c1294.o
    0x0000598c   0x0000598c   0x00000014   Code   RO         1014    i.disk_status       fatfs_port_tm4c1294.o
    0x000059a0   0x000059a0   0x0000002c   Code   RO         1015    i.disk_timerproc    fatfs_port_tm4c1294.o
    0x000059cc   0x000059cc   0x000000c4   Code   RO         1016    i.disk_write        fatfs_port_tm4c1294.o
    0x00005a90   0x00005a90   0x00000016   Code   RO         1637    i.f_close           ff.o
    0x00005aa6   0x00005aa6   0x000001ae   Code   RO         1639    i.f_lseek           ff.o
    0x00005c54   0x00005c54   0x0000002c   Code   RO         1642    i.f_mount           ff.o
    0x00005c80   0x00005c80   0x0000015e   Code   RO         1643    i.f_open            ff.o
    0x00005dde   0x00005dde   0x000001ca   Code   RO         1645    i.f_read            ff.o
    0x00005fa8   0x00005fa8   0x000000b0   Code   RO         1649    i.f_sync            ff.o
    0x00006058   0x00006058   0x00000092   Code   RO         1654    i.follow_path       ff.o
    0x000060ea   0x000060ea   0x00000002   PAD
    0x000060ec   0x000060ec   0x00000050   Code   RO         5422    i.free              mc_w.l(malloc.o)
    0x0000613c   0x0000613c   0x000000e4   Code   RO         1655    i.get_fat           ff.o
    0x00006220   0x00006220   0x00000008   Code   RO         1017    i.get_fattime       fatfs_port_tm4c1294.o
    0x00006228   0x00006228   0x0000006c   Code   RO         1514    i.i2c_write         i2c.o
    0x00006294   0x00006294   0x00000062   Code   RO          263    i.kalmanFilter      kalmanfilter.o
    0x000062f6   0x000062f6   0x00000020   Code   RO         1657    i.ld_clust          ff.o
    0x00006316   0x00006316   0x00000008   Code   RO            1    i.main              main.o
    0x0000631e   0x0000631e   0x00000002   PAD
    0x00006320   0x00006320   0x0000006c   Code   RO         5423    i.malloc            mc_w.l(malloc.o)
    0x0000638c   0x0000638c   0x00000026   Code   RO         1658    i.mem_cmp           ff.o
    0x000063b2   0x000063b2   0x0000001a   Code   RO         1659    i.mem_cpy           ff.o
    0x000063cc   0x000063cc   0x00000014   Code   RO         1660    i.mem_set           ff.o
    0x000063e0   0x000063e0   0x00000032   Code   RO         1661    i.move_window       ff.o
    0x00006412   0x00006412   0x00000002   PAD
    0x00006414   0x00006414   0x000000f4   Code   RO          479    i.num2char          tft.o
    0x00006508   0x00006508   0x00000044   Code   RO         1457    i.pn532_read        pn532.o
    0x0000654c   0x0000654c   0x0000000c   Code   RO         1018    i.power_off         fatfs_port_tm4c1294.o
    0x00006558   0x00006558   0x00000114   Code   RO         1019    i.power_on          fatfs_port_tm4c1294.o
    0x0000666c   0x0000666c   0x00000054   Code   RO         2243    i.prvAddCurrentTaskToDelayedList  tasks.o
    0x000066c0   0x000066c0   0x00000042   Code   RO         2244    i.prvAllocateTCBAndStack  tasks.o
    0x00006702   0x00006702   0x00000002   PAD
    0x00006704   0x00006704   0x00000064   Code   RO         2573    i.prvCheckForValidListAndQueue  timers.o
    0x00006768   0x00006768   0x00000064   Code   RO         2245    i.prvCheckTasksWaitingTermination  tasks.o
    0x000067cc   0x000067cc   0x0000002a   Code   RO         2044    i.prvCopyDataFromQueue  queue.o
    0x000067f6   0x000067f6   0x00000080   Code   RO         2045    i.prvCopyDataToQueue  queue.o
    0x00006876   0x00006876   0x00000012   Code   RO         2246    i.prvDeleteTCB      tasks.o
    0x00006888   0x00006888   0x00000028   Code   RO         2574    i.prvGetNextExpireTime  timers.o
    0x000068b0   0x000068b0   0x00000038   Code   RO         1899    i.prvHeapInit       heap_2.o
    0x000068e8   0x000068e8   0x00000008   Code   RO         2247    i.prvIdleTask       tasks.o
    0x000068f0   0x000068f0   0x00000062   Code   RO         2248    i.prvInitialiseTCBVariables  tasks.o
    0x00006952   0x00006952   0x00000002   PAD
    0x00006954   0x00006954   0x00000068   Code   RO         2249    i.prvInitialiseTaskLists  tasks.o
    0x000069bc   0x000069bc   0x00000058   Code   RO         2575    i.prvInsertTimerInActiveList  timers.o
    0x00006a14   0x00006a14   0x0000001a   Code   RO         2046    i.prvIsQueueEmpty   queue.o
    0x00006a2e   0x00006a2e   0x0000001e   Code   RO         2047    i.prvIsQueueFull    queue.o
    0x00006a4c   0x00006a4c   0x0000004c   Code   RO         2576    i.prvProcessExpiredTimer  timers.o
    0x00006a98   0x00006a98   0x000000c0   Code   RO         2577    i.prvProcessReceivedCommands  timers.o
    0x00006b58   0x00006b58   0x00000074   Code   RO         2578    i.prvProcessTimerOrBlockTask  timers.o
    0x00006bcc   0x00006bcc   0x00000034   Code   RO         2251    i.prvResetNextTaskUnblockTime  tasks.o
    0x00006c00   0x00006c00   0x0000002c   Code   RO         2579    i.prvSampleTimeNow  timers.o
    0x00006c2c   0x00006c2c   0x00000084   Code   RO         2580    i.prvSwitchTimerLists  timers.o
    0x00006cb0   0x00006cb0   0x00000016   Code   RO         1977    i.prvTaskExitError  port.o
    0x00006cc6   0x00006cc6   0x0000001e   Code   RO         2668    i.prvTestWaitCondition  event_groups.o
    0x00006ce4   0x00006ce4   0x0000001a   Code   RO         2581    i.prvTimerTask      timers.o
    0x00006cfe   0x00006cfe   0x0000007e   Code   RO         2048    i.prvUnlockQueue    queue.o
    0x00006d7c   0x00006d7c   0x00000136   Code   RO         1662    i.put_fat           ff.o
    0x00006eb2   0x00006eb2   0x00000002   PAD
    0x00006eb4   0x00006eb4   0x000000b8   Code   RO         1900    i.pvPortMalloc      heap_2.o
    0x00006f6c   0x00006f6c   0x00000020   Code   RO         2254    i.pvTaskIncrementMutexHeldCount  tasks.o
    0x00006f8c   0x00006f8c   0x00000028   Code   RO         1978    i.pxPortInitialiseStack  port.o
    0x00006fb4   0x00006fb4   0x00000050   Code   RO         1020    i.rcvr_datablock    fatfs_port_tm4c1294.o
    0x00007004   0x00007004   0x00000028   Code   RO         1021    i.rcvr_spi          fatfs_port_tm4c1294.o
    0x0000702c   0x0000702c   0x0000000c   Code   RO         1022    i.rcvr_spi_m        fatfs_port_tm4c1294.o
    0x00007038   0x00007038   0x00000068   Code   RO         1663    i.remove_chain      ff.o
    0x000070a0   0x000070a0   0x00000070   Code   RO         1023    i.send_cmd          fatfs_port_tm4c1294.o
    0x00007110   0x00007110   0x00000042   Code   RO         1024    i.send_cmd12        fatfs_port_tm4c1294.o
    0x00007152   0x00007152   0x00000002   PAD
    0x00007154   0x00007154   0x00000064   Code   RO         1025    i.send_initial_clock_train  fatfs_port_tm4c1294.o
    0x000071b8   0x000071b8   0x00000050   Code   RO         1026    i.set_max_speed     fatfs_port_tm4c1294.o
    0x00007208   0x00007208   0x000001c8   Code   RO         1263    i.setnumber         pca9557.o
    0x000073d0   0x000073d0   0x00000010   Code   RO         1664    i.st_clust          ff.o
    0x000073e0   0x000073e0   0x000000c8   Code   RO         1665    i.sync_fs           ff.o
    0x000074a8   0x000074a8   0x00000052   Code   RO         1666    i.sync_window       ff.o
    0x000074fa   0x000074fa   0x00000028   Code   RO         1940    i.uxListRemove      list.o
    0x00007522   0x00007522   0x00000002   PAD
    0x00007524   0x00007524   0x0000001c   Code   RO         2262    i.uxTaskResetEventItemValue  tasks.o
    0x00007540   0x00007540   0x0000001a   Code   RO         1941    i.vListInitialise   list.o
    0x0000755a   0x0000755a   0x00000006   Code   RO         1942    i.vListInitialiseItem  list.o
    0x00007560   0x00007560   0x00000034   Code   RO         1943    i.vListInsert       list.o
    0x00007594   0x00007594   0x00000018   Code   RO         1944    i.vListInsertEnd    list.o
    0x000075ac   0x000075ac   0x00000024   Code   RO         1980    i.vPortEnterCritical  port.o
    0x000075d0   0x000075d0   0x00000020   Code   RO         1981    i.vPortExitCritical  port.o
    0x000075f0   0x000075f0   0x00000040   Code   RO         1901    i.vPortFree         heap_2.o
    0x00007630   0x00007630   0x00000014   Code   RO         1982    i.vPortSetupTimerInterrupt  port.o
    0x00007644   0x00007644   0x0000002c   Code   RO         2054    i.vQueueAddToRegistry  queue.o
    0x00007670   0x00007670   0x00000042   Code   RO         2058    i.vQueueWaitForMessageRestricted  queue.o
    0x000076b2   0x000076b2   0x00000002   PAD
    0x000076b4   0x000076b4   0x00000064   Code   RO         2263    i.vTaskDelay        tasks.o
    0x00007718   0x00007718   0x0000000c   Code   RO         2267    i.vTaskMissedYield  tasks.o
    0x00007724   0x00007724   0x00000064   Code   RO         2269    i.vTaskPlaceOnEventList  tasks.o
    0x00007788   0x00007788   0x0000006c   Code   RO         2270    i.vTaskPlaceOnEventListRestricted  tasks.o
    0x000077f4   0x000077f4   0x00000074   Code   RO         2271    i.vTaskPlaceOnUnorderedEventList  tasks.o
    0x00007868   0x00007868   0x000000b0   Code   RO         2272    i.vTaskPriorityInherit  tasks.o
    0x00007918   0x00007918   0x00000018   Code   RO         2276    i.vTaskSetTimeOutState  tasks.o
    0x00007930   0x00007930   0x00000070   Code   RO         2277    i.vTaskStartScheduler  tasks.o
    0x000079a0   0x000079a0   0x00000010   Code   RO         2279    i.vTaskSuspendAll   tasks.o
    0x000079b0   0x000079b0   0x00000060   Code   RO         2280    i.vTaskSwitchContext  tasks.o
    0x00007a10   0x00007a10   0x00000036   Code   RO         1667    i.validate          ff.o
    0x00007a46   0x00007a46   0x00000002   PAD
    0x00007a48   0x00007a48   0x00000028   Code   RO         1027    i.wait_ready        fatfs_port_tm4c1294.o
    0x00007a70   0x00007a70   0x0000001a   Code   RO         2674    i.xEventGroupCreate  event_groups.o
    0x00007a8a   0x00007a8a   0x00000092   Code   RO         2676    i.xEventGroupSetBits  event_groups.o
    0x00007b1c   0x00007b1c   0x000000c8   Code   RO         2678    i.xEventGroupWaitBits  event_groups.o
    0x00007be4   0x00007be4   0x00000048   Code   RO         1983    i.xPortStartScheduler  port.o
    0x00007c2c   0x00007c2c   0x00000034   Code   RO         1984    i.xPortSysTickHandler  port.o
    0x00007c60   0x00007c60   0x0000004a   Code   RO         2062    i.xQueueGenericCreate  queue.o
    0x00007caa   0x00007caa   0x00000002   PAD
    0x00007cac   0x00007cac   0x00000144   Code   RO         2063    i.xQueueGenericReceive  queue.o
    0x00007df0   0x00007df0   0x0000007c   Code   RO         2064    i.xQueueGenericReset  queue.o
    0x00007e6c   0x00007e6c   0x00000110   Code   RO         2065    i.xQueueGenericSend  queue.o
    0x00007f7c   0x00007f7c   0x0000007e   Code   RO         2066    i.xQueueGenericSendFromISR  queue.o
    0x00007ffa   0x00007ffa   0x0000006e   Code   RO         2067    i.xQueueGiveFromISR  queue.o
    0x00008068   0x00008068   0x0000005c   Code   RO         2281    i.xTaskCheckForTimeOut  tasks.o
    0x000080c4   0x000080c4   0x00000110   Code   RO         2282    i.xTaskGenericCreate  tasks.o
    0x000081d4   0x000081d4   0x00000020   Code   RO         2286    i.xTaskGetSchedulerState  tasks.o
    0x000081f4   0x000081f4   0x0000000c   Code   RO         2287    i.xTaskGetTickCount  tasks.o
    0x00008200   0x00008200   0x00000120   Code   RO         2289    i.xTaskIncrementTick  tasks.o
    0x00008320   0x00008320   0x00000084   Code   RO         2292    i.xTaskPriorityDisinherit  tasks.o
    0x000083a4   0x000083a4   0x00000080   Code   RO         2293    i.xTaskRemoveFromEventList  tasks.o
    0x00008424   0x00008424   0x00000070   Code   RO         2294    i.xTaskRemoveFromUnorderedEventList  tasks.o
    0x00008494   0x00008494   0x000000e8   Code   RO         2295    i.xTaskResumeAll    tasks.o
    0x0000857c   0x0000857c   0x0000003e   Code   RO         2584    i.xTimerCreate      timers.o
    0x000085ba   0x000085ba   0x00000002   PAD
    0x000085bc   0x000085bc   0x00000040   Code   RO         2585    i.xTimerCreateTimerTask  timers.o
    0x000085fc   0x000085fc   0x0000006c   Code   RO         2586    i.xTimerGenericCommand  timers.o
    0x00008668   0x00008668   0x0000005e   Code   RO         1028    i.xmit_datablock    fatfs_port_tm4c1294.o
    0x000086c6   0x000086c6   0x00000002   PAD
    0x000086c8   0x000086c8   0x00000028   Code   RO         1029    i.xmit_spi          fatfs_port_tm4c1294.o
    0x000086f0   0x000086f0   0x00000080   Data   RO          383    .constdata          application.o
    0x00008770   0x00008770   0x00000a74   Data   RO          481    .constdata          tft.o
    0x000091e4   0x000091e4   0x00000030   Data   RO          686    .constdata          touch.o
    0x00009214   0x00009214   0x00000020   Data   RO         1264    .constdata          pca9557.o
    0x00009234   0x00009234   0x00000818   Data   RO         1369    .constdata          oled_i2c.o
    0x00009a4c   0x00009a4c   0x00000228   Data   RO         3387    .constdata          driverlib.lib(gpio.o)
    0x00009c74   0x00009c74   0x0000010c   Data   RO         3999    .constdata          driverlib.lib(interrupt.o)
    0x00009d80   0x00009d80   0x00000254   Data   RO         4303    .constdata          driverlib.lib(sysctl.o)
    0x00009fd4   0x00009fd4   0x000000a0   Data   RO         4633    .constdata          driverlib.lib(timer.o)
    0x0000a074   0x0000a074   0x00000020   Data   RO         5508    Region$$Table       anon$$obj.o


    Execution Region RW_IRAM1 (Exec base: 0x20000000, Load base: 0x0000a094, Size: 0x0002c058, Max: 0x00040000, ABSOLUTE, COMPRESSED[0x00000194])

    Exec Addr    Load Addr    Size         Type   Attr      Idx    E Section Name        Object

    0x20000000   COMPRESSED   0x00000034   Data   RW          203    .data               control.o
    0x20000034   COMPRESSED   0x0000005a   Data   RW          280    .data               bmp.o
    0x2000008e   COMPRESSED   0x00000002   PAD
    0x20000090   COMPRESSED   0x000000ad   Data   RW          384    .data               application.o
    0x2000013d   COMPRESSED   0x00000003   PAD
    0x20000140   COMPRESSED   0x00000196   Data   RW          482    .data               tft.o
    0x200002d6   COMPRESSED   0x00000005   Data   RW         1030    .data               fatfs_port_tm4c1294.o
    0x200002db   COMPRESSED   0x00000002   Data   RW         1265    .data               pca9557.o
    0x200002dd   COMPRESSED   0x00000032   Data   RW         1459    .data               pn532.o
    0x2000030f   COMPRESSED   0x00000001   PAD
    0x20000310   COMPRESSED   0x00000006   Data   RW         1669    .data               ff.o
    0x20000316   COMPRESSED   0x00000002   PAD
    0x20000318   COMPRESSED   0x00000018   Data   RW         1905    .data               heap_2.o
    0x20000330   COMPRESSED   0x00000004   Data   RW         1985    .data               port.o
    0x20000334   COMPRESSED   0x00000038   Data   RW         2298    .data               tasks.o
    0x2000036c   COMPRESSED   0x00000010   Data   RW         2589    .data               timers.o
    0x2000037c   COMPRESSED   0x00000004   Data   RW         5493    .data               mc_w.l(mvars.o)
    0x20000380   COMPRESSED   0x00000004   Data   RW         5494    .data               mc_w.l(mvars.o)
    0x20000384   COMPRESSED   0x0000007c   PAD
    0x20000400   COMPRESSED   0x0000026c   Data   RW         4000    vtable              driverlib.lib(interrupt.o)
    0x2000066c        -       0x000009ba   Zero   RW          279    .bss                bmp.o
    0x20001026   COMPRESSED   0x00000002   PAD
    0x20001028        -       0x00000565   Zero   RW          382    .bss                application.o
    0x2000158d        -       0x00000028   Zero   RW         1458    .bss                pn532.o
    0x200015b5        -       0x00013880   Zero   RW         1904    .bss                heap_2.o
    0x20014e35   COMPRESSED   0x00000003   PAD
    0x20014e38        -       0x00000050   Zero   RW         2074    .bss                queue.o
    0x20014e88        -       0x000001a4   Zero   RW         2297    .bss                tasks.o
    0x2001502c        -       0x00000028   Zero   RW         2588    .bss                timers.o
    0x20015054   COMPRESSED   0x00000004   PAD
    0x20015058        -       0x0000f000   Zero   RW          449    HEAP                startup_rvmdk.o
    0x20024058        -       0x00008000   Zero   RW          448    STACK               startup_rvmdk.o


==============================================================================

Image component sizes


      Code (inc. data)   RO Data    RW Data    ZI Data      Debug   Object Name

       508          0          0          0          0       2942   accelerator.o
       252         24          0          0          0       1776   adc.o
      1910        326        128        173       1381       9104   application.o
       334         26          0         90       2490       7735   bmp.o
       120         18          0          0          0       1100   buzzer.o
       192         72          0         52          0       4927   control.o
       248         52          0          0          0        622   epiinit.o
       402          6          0          0          0       5075   event_groups.o
      2220        156          0          5          0      16604   fatfs_port_tm4c1294.o
      5122         44          0          6          0      35566   ff.o
       304         46          0         24      80000       3771   heap_2.o
       838         66          0          0          0       8931   i2c.o
       340         46          0          0          0       1740   infrared.o
        98          0          0          0          0       1043   kalmanfilter.o
       340         50          0          0          0       1582   led.o
       148          0          0          0          0       3550   list.o
         8          0          0          0          0      21523   main.o
       936         58       2072          0          0       7147   oled_i2c.o
       964         92         32          2          0      13943   pca9557.o
       214         38          0         50         40       3717   pn532.o
       456         56          0          4          0      15496   port.o
      1492         20          0          0         80      24245   queue.o
       648        620          0          0      94208        292   startup_rvmdk.o
      2750        418          0         56        420      25909   tasks.o
      3996        166       2676        406          0      17772   tft.o
       148         30          0          0          0       1018   timer.o
      1048        112          0         16         40      10130   timers.o
       822         56         48          0          0       4973   touch.o
       222         44          0          0          0       2309   usart.o

    ----------------------------------------------------------------------
     27120       2642       4988        892     178668     254542   Object Totals
         0          0         32          0          0          0   (incl. Generated)
        40          0          0          8          9          0   (incl. Padding)

    ----------------------------------------------------------------------

      Code (inc. data)   RO Data    RW Data    ZI Data      Debug   Library Member Name

       388          0          0          0          0       8578   adc.o
        38          0          0          0          0        552   cpu.o
        40          0          0          0          0       1571   epi.o
        32          8          0          0          0        872   fpu.o
       860         26        552          0          0      11927   gpio.o
       162         12          0          0          0       5076   i2c.o
       206         20        268        620          0       3285   interrupt.o
       114          0          0          0          0       3727   ssi.o
       818         50        596          0          0       5700   sysctl.o
       254         24        160          0          0       5311   timer.o
       134          0          0          0          0       2691   uart.o
        94          0          0          0          0          0   __dclz77c.o
         0          0          0          0          0          0   entry.o
         0          0          0          0          0          0   entry10a.o
         0          0          0          0          0          0   entry11a.o
         8          4          0          0          0          0   entry2.o
         4          0          0          0          0          0   entry5.o
         0          0          0          0          0          0   entry7b.o
         0          0          0          0          0          0   entry8b.o
         8          4          0          0          0          0   entry9a.o
        30          0          0          0          0          0   handlers.o
        36          8          0          0          0         68   init.o
         0          0          0          0          0          0   iusefp.o
        30          0          0          0          0         68   llshl.o
        36          0          0          0          0         68   llsshr.o
        32          0          0          0          0         68   llushr.o
       188         20          0          0          0        160   malloc.o
        36          0          0          0          0         68   memcpya.o
        36          0          0          0          0        108   memseta.o
         0          0          0          8          0          0   mvars.o
      2276         86          0          0          0        520   printfa.o
        44          0          0          0          0         80   uidiv.o
        98          0          0          0          0         92   uldiv.o
        48          0          0          0          0         68   cdrcmple.o
        56          0          0          0          0         88   d2f.o
       334          0          0          0          0        148   dadd.o
       222          0          0          0          0        100   ddiv.o
       186          0          0          0          0        176   depilogue.o
        62          0          0          0          0         80   dfixi.o
        50          0          0          0          0         76   dfixui.o
        48          0          0          0          0         68   dfixul.o
        26          0          0          0          0         76   dfltui.o
       228          0          0          0          0         96   dmul.o
        38          0          0          0          0         68   f2d.o
       110          0          0          0          0        168   fepilogue.o

    ----------------------------------------------------------------------
      7424        262       1576        752          0      51802   Library Totals
        14          0          0        124          0          0   (incl. Padding)

    ----------------------------------------------------------------------

      Code (inc. data)   RO Data    RW Data    ZI Data      Debug   Library Name

      3046        140       1576        620          0      49290   driverlib.lib
      2956        122          0          8          0       1300   mc_w.l
      1408          0          0          0          0       1212   mf_w.l

    ----------------------------------------------------------------------
      7424        262       1576        752          0      51802   Library Totals

    ----------------------------------------------------------------------

==============================================================================


      Code (inc. data)   RO Data    RW Data    ZI Data      Debug   

     34544       2904       6564       1644     178668     277028   Grand Totals
     34544       2904       6564        404     178668     277028   ELF Image Totals (compressed)
     34544       2904       6564        404          0          0   ROM Totals

==============================================================================

    Total RO  Size (Code + RO Data)                41108 (  40.14kB)
    Total RW  Size (RW Data + ZI Data)            180312 ( 176.09kB)
    Total ROM Size (Code + RO Data + RW Data)      41512 (  40.54kB)

==============================================================================

