Component: ARM Compiler 5.06 update 6 (build 750) Tool: armlink [4d35ed]

==============================================================================

Section Cross References

    cc932.o(i.ff_convert) refers to cc932.o(.constdata) for .constdata
    cc932.o(i.ff_wtoupper) refers to cc932.o(.constdata) for .constdata
    cmdline.o(i.CmdLineProcess) refers to strcmp.o(.text) for strcmp
    cmdline.o(i.CmdLineProcess) refers to cmdline.o(.bss) for .bss
    cmdline.o(i.CmdLineProcess) refers to sd_card.o(.data) for g_psCmdTable
    ff.o(i.check_fs) refers to mmc-dk-tm4c129x.o(i.disk_read) for disk_read
    ff.o(i.chk_mounted) refers to mmc-dk-tm4c129x.o(i.disk_status) for disk_status
    ff.o(i.chk_mounted) refers to mmc-dk-tm4c129x.o(i.disk_initialize) for disk_initialize
    ff.o(i.chk_mounted) refers to ff.o(i.check_fs) for check_fs
    ff.o(i.chk_mounted) refers to mmc-dk-tm4c129x.o(i.disk_read) for disk_read
    ff.o(i.chk_mounted) refers to ff.o(.data) for .data
    ff.o(i.create_chain) refers to ff.o(i.get_fat) for get_fat
    ff.o(i.create_chain) refers to ff.o(i.put_fat) for put_fat
    ff.o(i.create_name) refers to cc932.o(i.ff_convert) for ff_convert
    ff.o(i.create_name) refers to ff.o(i.chk_chr) for chk_chr
    ff.o(i.create_name) refers to ff.o(i.mem_set) for mem_set
    ff.o(i.create_name) refers to cc932.o(i.ff_wtoupper) for ff_wtoupper
    ff.o(i.dir_find) refers to ff.o(i.dir_sdi) for dir_sdi
    ff.o(i.dir_find) refers to ff.o(i.move_window) for move_window
    ff.o(i.dir_find) refers to cc932.o(i.ff_wtoupper) for ff_wtoupper
    ff.o(i.dir_find) refers to ff.o(i.sum_sfn) for sum_sfn
    ff.o(i.dir_find) refers to ff.o(i.dir_next) for dir_next
    ff.o(i.dir_find) refers to ff.o(.constdata) for .constdata
    ff.o(i.dir_next) refers to ff.o(i.get_fat) for get_fat
    ff.o(i.dir_next) refers to ff.o(i.create_chain) for create_chain
    ff.o(i.dir_next) refers to ff.o(i.sync_window) for sync_window
    ff.o(i.dir_next) refers to ff.o(i.mem_set) for mem_set
    ff.o(i.dir_next) refers to ff.o(i.clust2sect) for clust2sect
    ff.o(i.dir_read) refers to ff.o(i.move_window) for move_window
    ff.o(i.dir_read) refers to ff.o(i.dir_next) for dir_next
    ff.o(i.dir_read) refers to ff.o(i.sum_sfn) for sum_sfn
    ff.o(i.dir_read) refers to ff.o(.constdata) for .constdata
    ff.o(i.dir_register) refers to ff.o(i.mem_cpy) for mem_cpy
    ff.o(i.dir_register) refers to ff.o(i.gen_numname) for gen_numname
    ff.o(i.dir_register) refers to ff.o(i.dir_find) for dir_find
    ff.o(i.dir_register) refers to ff.o(i.dir_sdi) for dir_sdi
    ff.o(i.dir_register) refers to ff.o(i.move_window) for move_window
    ff.o(i.dir_register) refers to ff.o(i.dir_next) for dir_next
    ff.o(i.dir_register) refers to ff.o(i.sum_sfn) for sum_sfn
    ff.o(i.dir_register) refers to ff.o(i.mem_set) for mem_set
    ff.o(i.dir_register) refers to ff.o(.constdata) for .constdata
    ff.o(i.dir_remove) refers to ff.o(i.dir_sdi) for dir_sdi
    ff.o(i.dir_remove) refers to ff.o(i.move_window) for move_window
    ff.o(i.dir_remove) refers to ff.o(i.dir_next) for dir_next
    ff.o(i.dir_sdi) refers to ff.o(i.get_fat) for get_fat
    ff.o(i.dir_sdi) refers to ff.o(i.clust2sect) for clust2sect
    ff.o(i.f_chmod) refers to ff.o(i.chk_mounted) for chk_mounted
    ff.o(i.f_chmod) refers to ff.o(i.follow_path) for follow_path
    ff.o(i.f_chmod) refers to ff.o(i.sync_fs) for sync_fs
    ff.o(i.f_chmod) refers to ff.o(.bss) for .bss
    ff.o(i.f_close) refers to ff.o(i.f_sync) for f_sync
    ff.o(i.f_getfree) refers to ff.o(i.chk_mounted) for chk_mounted
    ff.o(i.f_getfree) refers to ff.o(i.get_fat) for get_fat
    ff.o(i.f_getfree) refers to ff.o(i.move_window) for move_window
    ff.o(i.f_lseek) refers to ff.o(i.validate) for validate
    ff.o(i.f_lseek) refers to ff.o(i.create_chain) for create_chain
    ff.o(i.f_lseek) refers to ff.o(i.get_fat) for get_fat
    ff.o(i.f_lseek) refers to ff.o(i.clust2sect) for clust2sect
    ff.o(i.f_lseek) refers to mmc-dk-tm4c129x.o(i.disk_write) for disk_write
    ff.o(i.f_lseek) refers to mmc-dk-tm4c129x.o(i.disk_read) for disk_read
    ff.o(i.f_mkdir) refers to mmc-dk-tm4c129x.o(i.get_fattime) for get_fattime
    ff.o(i.f_mkdir) refers to ff.o(i.chk_mounted) for chk_mounted
    ff.o(i.f_mkdir) refers to ff.o(i.follow_path) for follow_path
    ff.o(i.f_mkdir) refers to ff.o(i.create_chain) for create_chain
    ff.o(i.f_mkdir) refers to ff.o(i.sync_window) for sync_window
    ff.o(i.f_mkdir) refers to ff.o(i.clust2sect) for clust2sect
    ff.o(i.f_mkdir) refers to ff.o(i.mem_set) for mem_set
    ff.o(i.f_mkdir) refers to ff.o(i.st_clust) for st_clust
    ff.o(i.f_mkdir) refers to ff.o(i.mem_cpy) for mem_cpy
    ff.o(i.f_mkdir) refers to ff.o(i.dir_register) for dir_register
    ff.o(i.f_mkdir) refers to ff.o(i.remove_chain) for remove_chain
    ff.o(i.f_mkdir) refers to ff.o(i.sync_fs) for sync_fs
    ff.o(i.f_mkdir) refers to ff.o(.bss) for .bss
[...]
    charmap.o(i.GrMapISO8859_7_Unicode) refers to charmap.o(.constdata) for .constdata
    charmap.o(i.GrMapUTF16BE_Unicode) refers to charmap.o(i.GrMapUTF16_Unicode) for GrMapUTF16_Unicode
    charmap.o(i.GrMapUTF16LE_Unicode) refers to charmap.o(i.GrMapUTF16_Unicode) for GrMapUTF16_Unicode
    charmap.o(i.GrMapWIN1250_Unicode) refers to charmap.o(.constdata) for .constdata
    charmap.o(i.GrMapWIN1251_Unicode) refers to charmap.o(.constdata) for .constdata
    charmap.o(i.GrMapWIN1252_Unicode) refers to charmap.o(.constdata) for .constdata
    charmap.o(i.GrMapWIN1253_Unicode) refers to charmap.o(.constdata) for .constdata
    charmap.o(i.GrMapWIN1254_Unicode) refers to charmap.o(.constdata) for .constdata
    circle.o(i.GrCircleFill) refers to line.o(i.GrLineDrawH) for GrLineDrawH
    rectangle.o(i.GrRectDraw) refers to line.o(i.GrLineDrawH) for GrLineDrawH
    rectangle.o(i.GrRectDraw) refers to line.o(i.GrLineDrawV) for GrLineDrawV
    entry.o(.ARM.Collect$$$$00000000) refers (Special) to entry10a.o(.ARM.Collect$$$$0000000D) for __rt_final_cpp
    entry.o(.ARM.Collect$$$$00000000) refers (Special) to entry11a.o(.ARM.Collect$$$$0000000F) for __rt_final_exit
    entry.o(.ARM.Collect$$$$00000000) refers (Special) to entry7b.o(.ARM.Collect$$$$00000008) for _main_clock
    entry.o(.ARM.Collect$$$$00000000) refers (Special) to entry8b.o(.ARM.Collect$$$$0000000A) for _main_cpp_init
    entry.o(.ARM.Collect$$$$00000000) refers (Special) to entry9a.o(.ARM.Collect$$$$0000000B) for _main_init
    entry.o(.ARM.Collect$$$$00000000) refers (Special) to entry5.o(.ARM.Collect$$$$00000004) for _main_scatterload
    entry.o(.ARM.Collect$$$$00000000) refers (Special) to entry2.o(.ARM.Collect$$$$00000001) for _main_stk
    entry2.o(.ARM.Collect$$$$00000001) refers to entry2.o(.ARM.Collect$$$$00002712) for __lit__00000000
    entry2.o(.ARM.Collect$$$$00002712) refers to startup_rvmdk.o(STACK) for __initial_sp
    entry2.o(__vectab_stack_and_reset_area) refers to startup_rvmdk.o(STACK) for __initial_sp
    entry2.o(__vectab_stack_and_reset_area) refers to entry.o(.ARM.Collect$$$$00000000) for __main
    entry5.o(.ARM.Collect$$$$00000004) refers to init.o(.text) for __scatterload
    entry9a.o(.ARM.Collect$$$$0000000B) refers to sd_card.o(i.main) for main
    entry9b.o(.ARM.Collect$$$$0000000C) refers to sd_card.o(i.main) for main
    init.o(.text) refers to entry5.o(.ARM.Collect$$$$00000004) for __main_after_scatterload


==============================================================================

Removing Unused input sections from the image.

    Removing ff.o(i.dir_remove), (80 bytes).
    Removing ff.o(i.f_chmod), (84 bytes).
    Removing ff.o(i.f_close), (18 bytes).
    Removing ff.o(i.f_lseek), (302 bytes).
    Removing ff.o(i.f_mkdir), (364 bytes).
    Removing ff.o(i.f_rename), (260 bytes).
    Removing ff.o(i.f_stat), (68 bytes).
    Removing ff.o(i.f_sync), (152 bytes).
    Removing ff.o(i.f_truncate), (140 bytes).
    Removing ff.o(i.f_unlink), (172 bytes).
    Removing ff.o(i.f_utime), (88 bytes).
    Removing ff.o(i.f_write), (382 bytes).
    Removing ff.o(i.sync_fs), (182 bytes).
    Removing frame.o(i.FrameDraw), (528 bytes).
    Removing frame.o(.constdata), (12507 bytes).
    Removing kentec320x240x16_ssd2119.o(i.Kentec320x240x16_SSD2119Init), (676 bytes).
    Removing mmc-dk-tm4c129x.o(i.disk_ioctl), (320 bytes).
    Removing sd_card.o(.bss), (44 bytes).
    Removing startup_rvmdk.o(HEAP), (0 bytes).
    Removing startup_rvmdk.o(.text), (0 bytes).
    Removing touch.o(i.TouchScreenCallbackSet), (12 bytes).
    Removing touch.o(i.TouchScreenInit), (204 bytes).
    Removing touch.o(.constdata), (28 bytes).
    Removing uartstdio.o(i.UARTEchoSet), (16 bytes).
    Removing uartstdio.o(i.UARTRxBytesAvail), (16 bytes).
    Removing uartstdio.o(i.UARTTxBytesFree), (24 bytes).
    Removing uartstdio.o(i.UARTgetc), (44 bytes).
    Removing ustdlib.o(i.ucmptime), (82 bytes).
    Removing ustdlib.o(i.ulocaltime), (164 bytes).
    Removing ustdlib.o(i.umktime), (58 bytes).
    Removing ustdlib.o(i.urand), (28 bytes).
    Removing ustdlib.o(i.usrand), (12 bytes).
    Removing ustdlib.o(i.ustrcasecmp), (8 bytes).
    Removing ustdlib.o(i.ustrcmp), (8 bytes).
    Removing ustdlib.o(i.ustrlen), (16 bytes).
    Removing ustdlib.o(i.ustrncasecmp), (70 bytes).
    Removing ustdlib.o(i.ustrncmp), (46 bytes).
    Removing ustdlib.o(i.ustrstr), (42 bytes).
    Removing ustdlib.o(i.ustrtof), (316 bytes).
    Removing ustdlib.o(i.ustrtoul), (158 bytes).
    Removing ustdlib.o(.data), (4 bytes).
    Removing gpio.o(i.GPIOADCTriggerDisable), (14 bytes).
    Removing gpio.o(i.GPIOADCTriggerEnable), (12 bytes).
    Removing gpio.o(i.GPIODMATriggerDisable), (14 bytes).
    Removing gpio.o(i.GPIODMATriggerEnable), (12 bytes).
    Removing gpio.o(i.GPIODirModeGet), (34 bytes).
    Removing gpio.o(i.GPIODirModeSet), (40 bytes).
    Removing gpio.o(i.GPIOIntClear), (6 bytes).
    Removing gpio.o(i.GPIOIntDisable), (14 bytes).
    Removing gpio.o(i.GPIOIntEnable), (12 bytes).
    Removing gpio.o(i.GPIOIntRegister), (26 bytes).
    Removing gpio.o(i.GPIOIntRegisterPin), (30 bytes).
    Removing gpio.o(i.GPIOIntStatus), (14 bytes).
    Removing gpio.o(i.GPIOIntTypeGet), (68 bytes).
    Removing gpio.o(i.GPIOIntTypeSet), (80 bytes).
    Removing gpio.o(i.GPIOIntUnregister), (22 bytes).
    Removing gpio.o(i.GPIOIntUnregisterPin), (26 bytes).
    Removing gpio.o(i.GPIOPadConfigGet), (204 bytes).
    Removing gpio.o(i.GPIOPinConfigure), (68 bytes).
    Removing gpio.o(i.GPIOPinRead), (6 bytes).
    Removing gpio.o(i.GPIOPinTypeADC), (28 bytes).
    Removing gpio.o(i.GPIOPinTypeCAN), (28 bytes).
    Removing gpio.o(i.GPIOPinTypeComparator), (28 bytes).
    Removing gpio.o(i.GPIOPinTypeComparatorOutput), (28 bytes).
    Removing gpio.o(i.GPIOPinTypeDIVSCLK), (28 bytes).
    Removing gpio.o(i.GPIOPinTypeEPI), (28 bytes).
    Removing gpio.o(i.GPIOPinTypeEthernetLED), (28 bytes).
    Removing gpio.o(i.GPIOPinTypeEthernetMII), (28 bytes).
    Removing gpio.o(i.GPIOPinTypeGPIOInput), (28 bytes).
    Removing gpio.o(i.GPIOPinTypeGPIOOutput), (28 bytes).
    Removing gpio.o(i.GPIOPinTypeGPIOOutputOD), (28 bytes).
    Removing gpio.o(i.GPIOPinTypeHibernateRTCCLK), (28 bytes).
    Removing gpio.o(i.GPIOPinTypeI2C), (28 bytes).
    Removing gpio.o(i.GPIOPinTypeI2CSCL), (28 bytes).
    Removing gpio.o(i.GPIOPinTypeLCD), (28 bytes).
    Removing gpio.o(i.GPIOPinTypeOneWire), (28 bytes).
    Removing gpio.o(i.GPIOPinTypePWM), (28 bytes).
    Removing gpio.o(i.GPIOPinTypeQEI), (28 bytes).
    Removing gpio.o(i.GPIOPinTypeSSI), (28 bytes).
    Removing gpio.o(i.GPIOPinTypeTimer), (28 bytes).
    Removing gpio.o(i.GPIOPinTypeTrace), (28 bytes).
    Removing gpio.o(i.GPIOPinTypeUART), (28 bytes).
    Removing gpio.o(i.GPIOPinTypeUSBAnalog), (28 bytes).
    Removing gpio.o(i.GPIOPinTypeUSBDigital), (28 bytes).
    Removing gpio.o(i.GPIOPinTypeWakeHigh), (30 bytes).
    Removing gpio.o(i.GPIOPinTypeWakeLow), (30 bytes).
    Removing gpio.o(i.GPIOPinWakeStatus), (6 bytes).
    Removing gpio.o(i.GPIOPinWrite), (6 bytes).
    Removing gpio.o(i._GPIOIntNumberGet), (80 bytes).
    Removing gpio.o(.constdata), (552 bytes).
    Removing lcd.o(i.LCDClockReset), (32 bytes).
    Removing lcd.o(i.LCDDMAConfigSet), (4 bytes).
    Removing lcd.o(i.LCDIDDConfigSet), (4 bytes).
    Removing lcd.o(i.LCDIDDDMADisable), (10 bytes).
    Removing lcd.o(i.LCDIDDDMAWrite), (48 bytes).
    Removing lcd.o(i.LCDIDDDataRead), (14 bytes).
    Removing lcd.o(i.LCDIDDIndexedRead), (22 bytes).
    Removing lcd.o(i.LCDIDDIndexedWrite), (20 bytes).
    Removing lcd.o(i.LCDIDDStatusRead), (14 bytes).
    Removing lcd.o(i.LCDIDDTimingSet), (60 bytes).
    Removing lcd.o(i.LCDIntClear), (4 bytes).
    Removing lcd.o(i.LCDIntDisable), (4 bytes).
    Removing lcd.o(i.LCDIntEnable), (4 bytes).
    Removing lcd.o(i.LCDIntRegister), (18 bytes).
    Removing lcd.o(i.LCDIntStatus), (10 bytes).
    Removing lcd.o(i.LCDIntUnregister), (18 bytes).
    Removing lcd.o(i.LCDModeSet), (38 bytes).
    Removing lcd.o(i.LCDRasterACBiasIntCountSet), (20 bytes).
    Removing lcd.o(i.LCDRasterConfigSet), (8 bytes).
    Removing lcd.o(i.LCDRasterDisable), (10 bytes).
    Removing lcd.o(i.LCDRasterEnable), (40 bytes).
    Removing lcd.o(i.LCDRasterEnabled), (8 bytes).
    Removing lcd.o(i.LCDRasterFrameBufferSet), (18 bytes).
    Removing lcd.o(i.LCDRasterPaletteSet), (102 bytes).
    Removing lcd.o(i.LCDRasterSubPanelConfigSet), (52 bytes).
    Removing lcd.o(i.LCDRasterSubPanelDisable), (10 bytes).
    Removing lcd.o(i.LCDRasterSubPanelEnable), (10 bytes).
    Removing lcd.o(i.LCDRasterTimingSet), (156 bytes).
    Removing sysctl.o(.emb_text), (6 bytes).
    Removing sysctl.o(i.SysCtlAltClkConfig), (12 bytes).
    Removing sysctl.o(i.SysCtlClockGet), (340 bytes).
    Removing sysctl.o(i.SysCtlClockOutConfig), (20 bytes).
    Removing sysctl.o(i.SysCtlClockSet), (288 bytes).
    Removing sysctl.o(i.SysCtlDeepSleep), (32 bytes).
    Removing sysctl.o(i.SysCtlDeepSleepClockConfigSet), (112 bytes).
    Removing sysctl.o(i.SysCtlDeepSleepClockSet), (12 bytes).
    Removing sysctl.o(i.SysCtlDeepSleepPowerSet), (12 bytes).
    Removing sysctl.o(i.SysCtlFlashSectorSizeGet), (56 bytes).
    Removing sysctl.o(i.SysCtlFlashSizeGet), (56 bytes).
    Removing sysctl.o(i.SysCtlGPIOAHBDisable), (28 bytes).
    Removing sysctl.o(i.SysCtlGPIOAHBEnable), (24 bytes).
    Removing sysctl.o(i.SysCtlIntClear), (12 bytes).
    Removing sysctl.o(i.SysCtlIntDisable), (16 bytes).
    Removing sysctl.o(i.SysCtlIntEnable), (16 bytes).
    Removing sysctl.o(i.SysCtlIntRegister), (20 bytes).
    Removing sysctl.o(i.SysCtlIntStatus), (16 bytes).
    Removing sysctl.o(i.SysCtlIntUnregister), (18 bytes).
    Removing sysctl.o(i.SysCtlLDODeepSleepGet), (12 bytes).
    Removing sysctl.o(i.SysCtlLDODeepSleepSet), (12 bytes).
    Removing sysctl.o(i.SysCtlLDOSleepGet), (12 bytes).
    Removing sysctl.o(i.SysCtlLDOSleepSet), (12 bytes).
    Removing sysctl.o(i.SysCtlMOSCConfigSet), (12 bytes).
    Removing sysctl.o(i.SysCtlNMIClear), (16 bytes).
    Removing sysctl.o(i.SysCtlNMIStatus), (12 bytes).
    Removing sysctl.o(i.SysCtlPIOSCCalibrate), (76 bytes).
    Removing sysctl.o(i.SysCtlPWMClockGet), (24 bytes).
    Removing sysctl.o(i.SysCtlPWMClockSet), (20 bytes).
    Removing sysctl.o(i.SysCtlPeripheralClockGating), (68 bytes).
    Removing sysctl.o(i.SysCtlPeripheralDeepSleepDisable), (40 bytes).
    Removing sysctl.o(i.SysCtlPeripheralDeepSleepEnable), (40 bytes).
    Removing sysctl.o(i.SysCtlPeripheralDisable), (40 bytes).
    Removing sysctl.o(i.SysCtlPeripheralEnable), (40 bytes).
    Removing sysctl.o(i.SysCtlPeripheralPowerOff), (40 bytes).
    Removing sysctl.o(i.SysCtlPeripheralPowerOn), (40 bytes).
    Removing sysctl.o(i.SysCtlPeripheralPresent), (44 bytes).
    Removing sysctl.o(i.SysCtlPeripheralReady), (44 bytes).
    Removing sysctl.o(i.SysCtlPeripheralReset), (60 bytes).
    Removing sysctl.o(i.SysCtlPeripheralSleepDisable), (40 bytes).
    Removing sysctl.o(i.SysCtlPeripheralSleepEnable), (40 bytes).
    Removing sysctl.o(i.SysCtlReset), (16 bytes).
    Removing sysctl.o(i.SysCtlResetBehaviorGet), (12 bytes).
    Removing sysctl.o(i.SysCtlResetBehaviorSet), (12 bytes).
    Removing sysctl.o(i.SysCtlResetCauseClear), (16 bytes).
    Removing sysctl.o(i.SysCtlResetCauseGet), (12 bytes).
    Removing sysctl.o(i.SysCtlSRAMSizeGet), (16 bytes).
    Removing sysctl.o(i.SysCtlSleep), (4 bytes).
    Removing sysctl.o(i.SysCtlSleepPowerSet), (12 bytes).
    Removing sysctl.o(i.SysCtlUSBPLLDisable), (16 bytes).
    Removing sysctl.o(i.SysCtlUSBPLLEnable), (16 bytes).
    Removing sysctl.o(i.SysCtlVCOGet), (120 bytes).
    Removing sysctl.o(i.SysCtlVoltageEventClear), (16 bytes).
    Removing sysctl.o(i.SysCtlVoltageEventConfig), (12 bytes).
    Removing sysctl.o(i.SysCtlVoltageEventStatus), (12 bytes).
    Removing timer.o(i.TimerADCEventGet), (4 bytes).
    Removing timer.o(i.TimerADCEventSet), (4 bytes).
    Removing timer.o(i.TimerClockSourceGet), (6 bytes).
    Removing timer.o(i.TimerClockSourceSet), (6 bytes).
    Removing timer.o(i.TimerConfigure), (96 bytes).
    Removing timer.o(i.TimerControlEvent), (18 bytes).
    Removing timer.o(i.TimerControlLevel), (22 bytes).
    Removing timer.o(i.TimerControlStall), (22 bytes).
    Removing timer.o(i.TimerControlTrigger), (80 bytes).
    Removing timer.o(i.TimerControlWaitOnTrigger), (48 bytes).
    Removing timer.o(i.TimerDMAEventGet), (4 bytes).
    Removing timer.o(i.TimerDMAEventSet), (4 bytes).
    Removing timer.o(i.TimerDisable), (16 bytes).
    Removing timer.o(i.TimerEnable), (14 bytes).
    Removing timer.o(i.TimerIntClear), (4 bytes).
    Removing timer.o(i.TimerIntDisable), (10 bytes).
    Removing timer.o(i.TimerIntEnable), (8 bytes).
    Removing timer.o(i.TimerIntRegister), (104 bytes).
    Removing timer.o(i.TimerIntStatus), (10 bytes).
    Removing timer.o(i.TimerIntUnregister), (104 bytes).
    Removing timer.o(i.TimerLoadGet), (10 bytes).
    Removing timer.o(i.TimerLoadGet64), (14 bytes).
    Removing timer.o(i.TimerLoadSet), (18 bytes).
    Removing timer.o(i.TimerLoadSet64), (6 bytes).
    Removing timer.o(i.TimerMatchGet), (10 bytes).
    Removing timer.o(i.TimerMatchGet64), (14 bytes).
    Removing timer.o(i.TimerMatchSet), (18 bytes).
    Removing timer.o(i.TimerMatchSet64), (6 bytes).
    Removing timer.o(i.TimerPrescaleGet), (10 bytes).
    Removing timer.o(i.TimerPrescaleMatchGet), (10 bytes).
    Removing timer.o(i.TimerPrescaleMatchSet), (18 bytes).
    Removing timer.o(i.TimerPrescaleSet), (18 bytes).
    Removing timer.o(i.TimerRTCDisable), (10 bytes).
    Removing timer.o(i.TimerRTCEnable), (10 bytes).
    Removing timer.o(i.TimerSynchronize), (4 bytes).
    Removing timer.o(i.TimerUpdateMode), (42 bytes).
    Removing timer.o(i.TimerValueGet), (10 bytes).
    Removing timer.o(i.TimerValueGet64), (14 bytes).
    Removing timer.o(.constdata), (160 bytes).
    Removing canvas.o(i.CanvasInit), (72 bytes).
    Removing context.o(i.GrLibInit), (12 bytes).
    Removing fontcmss18b.o(.constdata), (1922 bytes).
    Removing fontcmss18b.o(.constdata), (200 bytes).
    Removing image.o(i.GrTransparentImageDraw), (22 bytes).
    Removing listbox.o(i.ListBoxInit), (104 bytes).
    Removing pushbutton.o(i.CircularButtonInit), (68 bytes).
    Removing pushbutton.o(i.CircularButtonMsgProc), (278 bytes).
    Removing pushbutton.o(i.CircularButtonPaint), (408 bytes).
    Removing pushbutton.o(i.RectangularButtonInit), (72 bytes).
    Removing string.o(i.GrCodepageMapTableSet), (10 bytes).
    Removing string.o(i.GrFontBlockCodepointsGet), (84 bytes).
    Removing string.o(i.GrFontCodepageGet), (32 bytes).
    Removing string.o(i.GrFontInfoGet), (48 bytes).
    Removing string.o(i.GrFontMaxWidthGet), (44 bytes).
    Removing string.o(i.GrFontNumBlocksGet), (32 bytes).
    Removing string.o(i.GrStringCodepageSet), (6 bytes).
    Removing string.o(i.GrStringGet), (596 bytes).
    Removing string.o(i.GrStringLanguageSet), (48 bytes).
    Removing string.o(i.GrStringNextCharGet), (52 bytes).
    Removing string.o(i.GrStringTableSet), (36 bytes).
    Removing string.o(.data), (20 bytes).
    Removing widget.o(i.WidgetMessageSendPreOrder), (96 bytes).
    Removing widget.o(i.WidgetMutexInit), (6 bytes).
    Removing widget.o(i.WidgetMutexPut), (6 bytes).
    Removing widget.o(i.WidgetPointerMessage), (32 bytes).
    Removing cpu.o(.emb_text), (38 bytes).
    Removing interrupt.o(i.IntDisable), (100 bytes).
    Removing interrupt.o(i.IntEnable), (100 bytes).
    Removing interrupt.o(i.IntIsEnabled), (96 bytes).
    Removing interrupt.o(i.IntMasterDisable), (14 bytes).
    Removing interrupt.o(i.IntMasterEnable), (14 bytes).
    Removing interrupt.o(i.IntPendClear), (68 bytes).
    Removing interrupt.o(i.IntPendSet), (84 bytes).
    Removing interrupt.o(i.IntPriorityGet), (28 bytes).
    Removing interrupt.o(i.IntPriorityGroupingGet), (36 bytes).
    Removing interrupt.o(i.IntPriorityGroupingSet), (28 bytes).
    Removing interrupt.o(i.IntPriorityMaskGet), (4 bytes).
    Removing interrupt.o(i.IntPriorityMaskSet), (4 bytes).
    Removing interrupt.o(i.IntPrioritySet), (40 bytes).
    Removing interrupt.o(i.IntRegister), (52 bytes).
    Removing interrupt.o(i.IntTrigger), (12 bytes).
    Removing interrupt.o(i.IntUnregister), (20 bytes).
    Removing interrupt.o(i._IntDefaultHandler), (2 bytes).
    Removing interrupt.o(.constdata), (268 bytes).
    Removing interrupt.o(vtable), (620 bytes).
    Removing charmap.o(i.GrMapISO8859_10_Unicode), (32 bytes).
    Removing charmap.o(i.GrMapISO8859_11_Unicode), (16 bytes).
    Removing charmap.o(i.GrMapISO8859_13_Unicode), (32 bytes).
    Removing charmap.o(i.GrMapISO8859_14_Unicode), (96 bytes).
    Removing charmap.o(i.GrMapISO8859_15_Unicode), (88 bytes).
    Removing charmap.o(i.GrMapISO8859_16_Unicode), (32 bytes).
    Removing charmap.o(i.GrMapISO8859_2_Unicode), (32 bytes).
    Removing charmap.o(i.GrMapISO8859_3_Unicode), (32 bytes).
    Removing charmap.o(i.GrMapISO8859_4_Unicode), (32 bytes).
    Removing charmap.o(i.GrMapISO8859_5_Unicode), (16 bytes).
    Removing charmap.o(i.GrMapISO8859_6_Unicode), (22 bytes).
    Removing charmap.o(i.GrMapISO8859_7_Unicode), (44 bytes).
    Removing charmap.o(i.GrMapISO8859_8_Unicode), (38 bytes).
    Removing charmap.o(i.GrMapISO8859_9_Unicode), (68 bytes).
    Removing charmap.o(i.GrMapUTF16BE_Unicode), (6 bytes).
    Removing charmap.o(i.GrMapUTF16LE_Unicode), (6 bytes).
    Removing charmap.o(i.GrMapUTF16_Unicode), (120 bytes).
    Removing charmap.o(i.GrMapUTF8_Unicode), (146 bytes).
    Removing charmap.o(i.GrMapUnicode_Unicode), (22 bytes).
    Removing charmap.o(i.GrMapWIN1250_Unicode), (32 bytes).
    Removing charmap.o(i.GrMapWIN1251_Unicode), (48 bytes).
    Removing charmap.o(i.GrMapWIN1252_Unicode), (40 bytes).
    Removing charmap.o(i.GrMapWIN1253_Unicode), (48 bytes).
    Removing charmap.o(i.GrMapWIN1254_Unicode), (96 bytes).
    Removing charmap.o(.constdata), (1900 bytes).
    Removing circle.o(i.GrCircleDraw), (514 bytes).
    Removing circle.o(i.GrCircleFill), (294 bytes).
    Removing rectangle.o(i.GrRectIntersectGet), (140 bytes).
    Removing rectangle.o(i.GrRectOverlapCheck), (56 bytes).
    Removing line.o(i.GrLineDraw), (638 bytes).

288 unused section(s) (total 34297 bytes) removed from the image.

==============================================================================

Image Symbol Table

    Local Symbols

    Symbol Name                              Value     Ov Type        Size  Object(Section)

    RESET                                    0x00000000   Section      540  startup_rvmdk.o(RESET)
    ../clib/../cmprslib/zerorunl2.c          0x00000000   Number         0  __dczerorl2.o ABSOLUTE
    ../clib/microlib/init/entry.s            0x00000000   Number         0  entry7b.o ABSOLUTE
    ../clib/microlib/init/entry.s            0x00000000   Number         0  entry7a.o ABSOLUTE
    ../clib/microlib/init/entry.s            0x00000000   Number         0  entry11b.o ABSOLUTE
    ../clib/microlib/init/entry.s            0x00000000   Number         0  entry5.o ABSOLUTE
    ../clib/microlib/init/entry.s            0x00000000   Number         0  entry11a.o ABSOLUTE
    ../clib/microlib/init/entry.s            0x00000000   Number         0  entry10b.o ABSOLUTE
    ../clib/microlib/init/entry.s            0x00000000   Number         0  entry.o ABSOLUTE
    ../clib/microlib/init/entry.s            0x00000000   Number         0  entry10a.o ABSOLUTE
    ../clib/microlib/init/entry.s            0x00000000   Number         0  entry9b.o ABSOLUTE
    ../clib/microlib/init/entry.s            0x00000000   Number         0  entry2.o ABSOLUTE
    ../clib/microlib/init/entry.s            0x00000000   Number         0  entry9a.o ABSOLUTE
    ../clib/microlib/init/entry.s            0x00000000   Number         0  entry8b.o ABSOLUTE
    ../clib/microlib/init/entry.s            0x00000000   Number         0  entry8a.o ABSOLUTE
    ../clib/microlib/string/strcat.c         0x00000000   Number         0  strcat.o ABSOLUTE
    ../clib/microlib/string/strcmp.c         0x00000000   Number         0  strcmp.o ABSOLUTE
    ../clib/microlib/string/strcpy.c         0x00000000   Number         0  strcpy.o ABSOLUTE
    ../clib/microlib/string/strlen.c         0x00000000   Number         0  strlen.o ABSOLUTE
    ../clib/microlib/string/strncpy.c        0x00000000   Number         0  strncpy.o ABSOLUTE
    ..\..\..\..\third_party\fatfs\port\mmc-dk-tm4c129x.c 0x00000000   Number         0  mmc-dk-tm4c129x.o ABSOLUTE
    ..\..\..\..\third_party\fatfs\src\ff.c   0x00000000   Number         0  ff.o ABSOLUTE
    ..\..\..\..\third_party\fatfs\src\option\cc932.c 0x00000000   Number         0  cc932.o ABSOLUTE
    ..\..\..\..\utils\cmdline.c              0x00000000   Number         0  cmdline.o ABSOLUTE
    ..\..\..\..\utils\uartstdio.c            0x00000000   Number         0  uartstdio.o ABSOLUTE
    ..\..\..\..\utils\ustdlib.c              0x00000000   Number         0  ustdlib.o ABSOLUTE
    ..\drivers\frame.c                       0x00000000   Number         0  frame.o ABSOLUTE
    ..\drivers\kentec320x240x16_ssd2119.c    0x00000000   Number         0  kentec320x240x16_ssd2119.o ABSOLUTE
    ..\drivers\pinout.c                      0x00000000   Number         0  pinout.o ABSOLUTE
    ..\drivers\touch.c                       0x00000000   Number         0  touch.o ABSOLUTE
    canvas.c                                 0x00000000   Number         0  canvas.o ABSOLUTE
    charmap.c                                0x00000000   Number         0  charmap.o ABSOLUTE
    circle.c                                 0x00000000   Number         0  circle.o ABSOLUTE
    context.c                                0x00000000   Number         0  context.o ABSOLUTE
    cpu.c                                    0x00000000   Number         0  cpu.o ABSOLUTE
    cpu.c                                    0x00000000   Number         0  cpu.o ABSOLUTE
    dc.s                                     0x00000000   Number         0  dc.o ABSOLUTE
    fonts\fontcm20.c                         0x00000000   Number         0  fontcm20.o ABSOLUTE
    fonts\fontcmss12.c                       0x00000000   Number         0  fontcmss12.o ABSOLUTE
    fonts\fontcmss18b.c                      0x00000000   Number         0  fontcmss18b.o ABSOLUTE
    fonts\fontfixed6x8.c                     0x00000000   Number         0  fontfixed6x8.o ABSOLUTE
    gpio.c                                   0x00000000   Number         0  gpio.o ABSOLUTE
    handlers.s                               0x00000000   Number         0  handlers.o ABSOLUTE
    image.c                                  0x00000000   Number         0  image.o ABSOLUTE
    init.s                                   0x00000000   Number         0  init.o ABSOLUTE
    interrupt.c                              0x00000000   Number         0  interrupt.o ABSOLUTE
    lcd.c                                    0x00000000   Number         0  lcd.o ABSOLUTE
    line.c                                   0x00000000   Number         0  line.o ABSOLUTE
    listbox.c                                0x00000000   Number         0  listbox.o ABSOLUTE
    pushbutton.c                             0x00000000   Number         0  pushbutton.o ABSOLUTE
    rectangle.c                              0x00000000   Number         0  rectangle.o ABSOLUTE
    sd_card.c                                0x00000000   Number         0  sd_card.o ABSOLUTE
    startup_rvmdk.S                          0x00000000   Number         0  startup_rvmdk.o ABSOLUTE
    string.c                                 0x00000000   Number         0  string.o ABSOLUTE
    sysctl.c                                 0x00000000   Number         0  sysctl.o ABSOLUTE
    sysctl.c                                 0x00000000   Number         0  sysctl.o ABSOLUTE
    timer.c                                  0x00000000   Number         0  timer.o ABSOLUTE
    widget.c                                 0x00000000   Number         0  widget.o ABSOLUTE
    widget.c                                 0x00000000   Number         0  widget.o ABSOLUTE
    $v0                                      0x00000200   Number         0  startup_rvmdk.o(RESET)
    NmiSR                                    0x00000215   Thumb Code     0  startup_rvmdk.o(RESET)
    FaultISR                                 0x00000217   Thumb Code     0  startup_rvmdk.o(RESET)
    IntDefaultHandler                        0x00000219   Thumb Code     0  startup_rvmdk.o(RESET)
    .ARM.Collect$$$$00000000                 0x0000021c   Section        0  entry.o(.ARM.Collect$$$$00000000)
    .ARM.Collect$$$$00000001                 0x0000021c   Section        4  entry2.o(.ARM.Collect$$$$00000001)
    .ARM.Collect$$$$00000004                 0x00000220   Section        4  entry5.o(.ARM.Collect$$$$00000004)
    .ARM.Collect$$$$00000008                 0x00000224   Section        0  entry7b.o(.ARM.Collect$$$$00000008)
    .ARM.Collect$$$$0000000A                 0x00000224   Section        0  entry8b.o(.ARM.Collect$$$$0000000A)
    .ARM.Collect$$$$0000000B                 0x00000224   Section        8  entry9a.o(.ARM.Collect$$$$0000000B)
    .ARM.Collect$$$$0000000D                 0x0000022c   Section        0  entry10a.o(.ARM.Collect$$$$0000000D)
    .ARM.Collect$$$$0000000F                 0x0000022c   Section        0  entry11a.o(.ARM.Collect$$$$0000000F)
    .ARM.Collect$$$$00002712                 0x0000022c   Section        4  entry2.o(.ARM.Collect$$$$00002712)
    __lit__00000000                          0x0000022c   Data           4  entry2.o(.ARM.Collect$$$$00002712)
    .emb_text                                0x00000230   Section       20  widget.o(.emb_text)
    $v0                                      0x00000230   Number         0  widget.o(.emb_text)
    .text                                    0x00000244   Section        0  strcat.o(.text)
    .text                                    0x0000025c   Section        0  strncpy.o(.text)
    .text                                    0x00000274   Section        0  strlen.o(.text)
    .text                                    0x00000282   Section        0  strcmp.o(.text)
    .text                                    0x0000029e   Section        0  strcpy.o(.text)
    .text                                    0x000002b0   Section       36  init.o(.text)
    .text                                    0x000002d4   Section        0  __dczerorl2.o(.text)
    i.CanvasMsgProc                          0x0000032a   Section        0  canvas.o(i.CanvasMsgProc)
    i.ChangeToDirectory                      0x000004ec   Section        0  sd_card.o(i.ChangeToDirectory)
    ChangeToDirectory                        0x000004ed   Thumb Code   176  sd_card.o(i.ChangeToDirectory)
    i.CmdLineProcess                         0x000005ac   Section        0  cmdline.o(i.CmdLineProcess)
    i.Cmd_cat                                0x00000610   Section        0  sd_card.o(i.Cmd_cat)
    i.Cmd_cd                                 0x000006d8   Section        0  sd_card.o(i.Cmd_cd)
    i.Cmd_help                               0x000007f0   Section        0  sd_card.o(i.Cmd_help)
    i.Cmd_ls                                 0x00000858   Section        0  sd_card.o(i.Cmd_ls)
    i.Cmd_pwd                                0x00000a84   Section        0  sd_card.o(i.Cmd_pwd)
    i.DESELECT                               0x00000aa0   Section        0  mmc-dk-tm4c129x.o(i.DESELECT)
    DESELECT                                 0x00000aa1   Thumb Code    16  mmc-dk-tm4c129x.o(i.DESELECT)
    i.GPIOPadConfigSet                       0x00000ab4   Section        0  gpio.o(i.GPIOPadConfigSet)
    i.GetBufferCount                         0x00000bec   Section        0  uartstdio.o(i.GetBufferCount)
    GetBufferCount                           0x00000bed   Thumb Code    18  uartstdio.o(i.GetBufferCount)
    i.GrContextClipRegionSet                 0x00000bfe   Section        0  context.o(i.GrContextClipRegionSet)
    i.GrContextFontSet                       0x00000c6e   Section        0  string.o(i.GrContextFontSet)
    i.GrContextInit                          0x00000c74   Section        0  context.o(i.GrContextInit)
    i.GrDefaultStringRenderer                0x00000cd8   Section        0  string.o(i.GrDefaultStringRenderer)
    i.GrFontBaselineGet                      0x00000df0   Section        0  string.o(i.GrFontBaselineGet)
    i.GrFontGlyphDataGet                     0x00000e1c   Section        0  string.o(i.GrFontGlyphDataGet)
    i.GrFontGlyphRender                      0x00000ec2   Section        0  string.o(i.GrFontGlyphRender)
    i.GrFontHeightGet                        0x00001148   Section        0  string.o(i.GrFontHeightGet)
    i.GrImageDraw                            0x00001174   Section        0  image.o(i.GrImageDraw)
    i.GrLineDrawH                            0x0000118c   Section        0  line.o(i.GrLineDrawH)
    i.GrLineDrawV                            0x000011d8   Section        0  line.o(i.GrLineDrawV)
    i.GrMapISO8859_1_Unicode                 0x00001224   Section        0  charmap.o(i.GrMapISO8859_1_Unicode)
    i.GrRectDraw                             0x0000122c   Section        0  rectangle.o(i.GrRectDraw)
    i.GrRectFill                             0x00001298   Section        0  rectangle.o(i.GrRectFill)
    i.GrStringDraw                           0x0000134c   Section        0  string.o(i.GrStringDraw)
    i.GrStringWidthGet                       0x0000136c   Section        0  string.o(i.GrStringWidthGet)
    i.InternalImageDraw                      0x0000142c   Section        0  image.o(i.InternalImageDraw)
    InternalImageDraw                        0x0000142d   Thumb Code   890  image.o(i.InternalImageDraw)
    i.IsBufferEmpty                          0x000017ac   Section        0  uartstdio.o(i.IsBufferEmpty)
    IsBufferEmpty                            0x000017ad   Thumb Code    16  uartstdio.o(i.IsBufferEmpty)
    i.IsBufferFull                           0x000017bc   Section        0  uartstdio.o(i.IsBufferFull)
    IsBufferFull                             0x000017bd   Thumb Code    26  uartstdio.o(i.IsBufferFull)
    i.Kentec320x240x16_SSD2119ColorTranslate 0x000017d6   Section        0  kentec320x240x16_ssd2119.o(i.Kentec320x240x16_SSD2119ColorTranslate)
    Kentec320x240x16_SSD2119ColorTranslate   0x000017d7   Thumb Code    26  kentec320x240x16_ssd2119.o(i.Kentec320x240x16_SSD2119ColorTranslate)
    i.Kentec320x240x16_SSD2119Flush          0x000017f0   Section        0  kentec320x240x16_ssd2119.o(i.Kentec320x240x16_SSD2119Flush)
    Kentec320x240x16_SSD2119Flush            0x000017f1   Thumb Code     2  kentec320x240x16_ssd2119.o(i.Kentec320x240x16_SSD2119Flush)
    i.Kentec320x240x16_SSD2119LineDrawH      0x000017f2   Section        0  kentec320x240x16_ssd2119.o(i.Kentec320x240x16_SSD2119LineDrawH)
    Kentec320x240x16_SSD2119LineDrawH        0x000017f3   Thumb Code    76  kentec320x240x16_ssd2119.o(i.Kentec320x240x16_SSD2119LineDrawH)
    i.Kentec320x240x16_SSD2119LineDrawV      0x0000183e   Section        0  kentec320x240x16_ssd2119.o(i.Kentec320x240x16_SSD2119LineDrawV)
    Kentec320x240x16_SSD2119LineDrawV        0x0000183f   Thumb Code    76  kentec320x240x16_ssd2119.o(i.Kentec320x240x16_SSD2119LineDrawV)
    i.Kentec320x240x16_SSD2119PixelDraw      0x0000188a   Section        0  kentec320x240x16_ssd2119.o(i.Kentec320x240x16_SSD2119PixelDraw)
    Kentec320x240x16_SSD2119PixelDraw        0x0000188b   Thumb Code    48  kentec320x240x16_ssd2119.o(i.Kentec320x240x16_SSD2119PixelDraw)
    i.Kentec320x240x16_SSD2119PixelDrawMultiple 0x000018ba   Section        0  kentec320x240x16_ssd2119.o(i.Kentec320x240x16_SSD2119PixelDrawMultiple)
    Kentec320x240x16_SSD2119PixelDrawMultiple 0x000018bb   Thumb Code   278  kentec320x240x16_ssd2119.o(i.Kentec320x240x16_SSD2119PixelDrawMultiple)
    i.Kentec320x240x16_SSD2119RectFill       0x000019d0   Section        0  kentec320x240x16_ssd2119.o(i.Kentec320x240x16_SSD2119RectFill)
    Kentec320x240x16_SSD2119RectFill         0x000019d1   Thumb Code   176  kentec320x240x16_ssd2119.o(i.Kentec320x240x16_SSD2119RectFill)
    i.LCDIDDCommandWrite                     0x00001a80   Section        0  lcd.o(i.LCDIDDCommandWrite)
    i.LCDIDDDataWrite                        0x00001a8c   Section        0  lcd.o(i.LCDIDDDataWrite)
    i.ListBoxMsgProc                         0x00001a98   Section        0  listbox.o(i.ListBoxMsgProc)
    i.ListBoxTextAdd                         0x00001e10   Section        0  listbox.o(i.ListBoxTextAdd)
    i.OnBtnCD                                0x00001e7c   Section        0  sd_card.o(i.OnBtnCD)
    i.OnBtnUp                                0x00001f48   Section        0  sd_card.o(i.OnBtnUp)
    i.OnListBoxChange                        0x00002018   Section        0  sd_card.o(i.OnListBoxChange)
    i.PinoutSet                              0x0000209c   Section        0  pinout.o(i.PinoutSet)
    i.PixelTransparentDraw                   0x000020ac   Section        0  image.o(i.PixelTransparentDraw)
    PixelTransparentDraw                     0x000020ad   Thumb Code   662  image.o(i.PixelTransparentDraw)
    i.PopulateFileListBox                    0x00002344   Section        0  sd_card.o(i.PopulateFileListBox)
    PopulateFileListBox                      0x00002345   Thumb Code   166  sd_card.o(i.PopulateFileListBox)
    i.PrintfStatus                           0x00002418   Section        0  sd_card.o(i.PrintfStatus)
    PrintfStatus                             0x00002419   Thumb Code    96  sd_card.o(i.PrintfStatus)
    i.RectangularButtonMsgProc               0x00002480   Section        0  pushbutton.o(i.RectangularButtonMsgProc)
    i.RectangularButtonPaint                 0x000025b0   Section        0  pushbutton.o(i.RectangularButtonPaint)
    RectangularButtonPaint                   0x000025b1   Thumb Code   418  pushbutton.o(i.RectangularButtonPaint)
    i.SELECT                                 0x00002754   Section        0  mmc-dk-tm4c129x.o(i.SELECT)
    SELECT                                   0x00002755   Thumb Code    16  mmc-dk-tm4c129x.o(i.SELECT)
    i.StringFromFResult                      0x00002768   Section        0  sd_card.o(i.StringFromFResult)
    StringFromFResult                        0x00002769   Thumb Code    30  sd_card.o(i.StringFromFResult)
    i.SysCtlClockFreqSet                     0x000027a0   Section        0  sysctl.o(i.SysCtlClockFreqSet)
    i.SysTickHandler                         0x00002a84   Section        0  sd_card.o(i.SysTickHandler)
    i.TouchScreenDebouncer                   0x00002a88   Section        0  touch.o(i.TouchScreenDebouncer)
    TouchScreenDebouncer                     0x00002a89   Thumb Code   326  touch.o(i.TouchScreenDebouncer)
    i.TouchScreenIntHandler                  0x00002be4   Section        0  touch.o(i.TouchScreenIntHandler)
    i.UARTFlushRx                            0x00002d30   Section        0  uartstdio.o(i.UARTFlushRx)
    i.UARTFlushTx                            0x00002d58   Section        0  uartstdio.o(i.UARTFlushTx)
    i.UARTPeek                               0x00002d90   Section        0  uartstdio.o(i.UARTPeek)
    i.UARTPrimeTransmit                      0x00002dcc   Section        0  uartstdio.o(i.UARTPrimeTransmit)
    UARTPrimeTransmit                        0x00002dcd   Thumb Code   108  uartstdio.o(i.UARTPrimeTransmit)
    i.UARTStdioConfig                        0x00002e44   Section        0  uartstdio.o(i.UARTStdioConfig)
    i.UARTStdioIntHandler                    0x00002edc   Section        0  uartstdio.o(i.UARTStdioIntHandler)
    i.UARTgets                               0x00002fe4   Section        0  uartstdio.o(i.UARTgets)
    i.UARTprintf                             0x0000303c   Section        0  uartstdio.o(i.UARTprintf)
    i.UARTvprintf                            0x00003050   Section        0  uartstdio.o(i.UARTvprintf)
    i.UARTwrite                              0x00003204   Section        0  uartstdio.o(i.UARTwrite)
    i.UpdateContextCharMapping               0x00003294   Section        0  string.o(i.UpdateContextCharMapping)
    UpdateContextCharMapping                 0x00003295   Thumb Code   108  string.o(i.UpdateContextCharMapping)
    i.WidgetAdd                              0x00003300   Section        0  widget.o(i.WidgetAdd)
    i.WidgetDefaultMsgProc                   0x00003326   Section        0  widget.o(i.WidgetDefaultMsgProc)
    i.WidgetMessageQueueAdd                  0x0000332c   Section        0  widget.o(i.WidgetMessageQueueAdd)
    i.WidgetMessageQueueProcess              0x00003408   Section        0  widget.o(i.WidgetMessageQueueProcess)
    i.WidgetMessageSendPostOrder             0x000034b8   Section        0  widget.o(i.WidgetMessageSendPostOrder)
    i.WidgetRemove                           0x00003590   Section        0  widget.o(i.WidgetRemove)
    i.WriteCommand                           0x0000362c   Section        0  kentec320x240x16_ssd2119.o(i.WriteCommand)
    WriteCommand                             0x0000362d   Thumb Code    10  kentec320x240x16_ssd2119.o(i.WriteCommand)
    i.WriteData                              0x0000363c   Section        0  kentec320x240x16_ssd2119.o(i.WriteData)
    WriteData                                0x0000363d   Thumb Code    30  kentec320x240x16_ssd2119.o(i.WriteData)
    i.__scatterload_copy                     0x00003660   Section       14  handlers.o(i.__scatterload_copy)
    i.__scatterload_null                     0x0000366e   Section        2  handlers.o(i.__scatterload_null)
    i.__scatterload_zeroinit                 0x00003670   Section       14  handlers.o(i.__scatterload_zeroinit)
    i.check_fs                               0x00003680   Section        0  ff.o(i.check_fs)
    check_fs                                 0x00003681   Thumb Code    86  ff.o(i.check_fs)
    i.chk_chr                                0x000036dc   Section        0  ff.o(i.chk_chr)
    chk_chr                                  0x000036dd   Thumb Code    16  ff.o(i.chk_chr)
    i.chk_mounted                            0x000036ec   Section        0  ff.o(i.chk_mounted)
    chk_mounted                              0x000036ed   Thumb Code   518  ff.o(i.chk_mounted)
    i.clust2sect                             0x00003900   Section        0  ff.o(i.clust2sect)
    i.create_chain                           0x00003918   Section        0  ff.o(i.create_chain)
    create_chain                             0x00003919   Thumb Code   150  ff.o(i.create_chain)
    i.create_name                            0x000039b0   Section        0  ff.o(i.create_name)
    create_name                              0x000039b1   Thumb Code   520  ff.o(i.create_name)
    i.dir_find                               0x00003bcc   Section        0  ff.o(i.dir_find)
    dir_find                                 0x00003bcd   Thumb Code   290  ff.o(i.dir_find)
    i.dir_next                               0x00003cf4   Section        0  ff.o(i.dir_next)
    dir_next                                 0x00003cf5   Thumb Code   232  ff.o(i.dir_next)
    i.dir_read                               0x00003ddc   Section        0  ff.o(i.dir_read)
    dir_read                                 0x00003ddd   Thumb Code   248  ff.o(i.dir_read)
    i.dir_register                           0x00003ed8   Section        0  ff.o(i.dir_register)
    dir_register                             0x00003ed9   Thumb Code   416  ff.o(i.dir_register)
    i.dir_sdi                                0x0000407c   Section        0  ff.o(i.dir_sdi)
    dir_sdi                                  0x0000407d   Thumb Code   126  ff.o(i.dir_sdi)
    i.disk_initialize                        0x000040fc   Section        0  mmc-dk-tm4c129x.o(i.disk_initialize)
    i.disk_read                              0x00004264   Section        0  mmc-dk-tm4c129x.o(i.disk_read)
    i.disk_status                            0x0000431c   Section        0  mmc-dk-tm4c129x.o(i.disk_status)
    i.disk_timerproc                         0x0000432c   Section        0  mmc-dk-tm4c129x.o(i.disk_timerproc)
    i.disk_write                             0x00004348   Section        0  mmc-dk-tm4c129x.o(i.disk_write)
    i.f_getfree                              0x000043f4   Section        0  ff.o(i.f_getfree)
    i.f_mount                                0x000044b8   Section        0  ff.o(i.f_mount)
    i.f_open                                 0x000044d8   Section        0  ff.o(i.f_open)
    i.f_opendir                              0x00004618   Section        0  ff.o(i.f_opendir)
    i.f_read                                 0x0000467c   Section        0  ff.o(i.f_read)
    i.f_readdir                              0x000047bc   Section        0  ff.o(i.f_readdir)
    i.ff_convert                             0x00004814   Section        0  cc932.o(i.ff_convert)
    i.ff_wtoupper                            0x0000486c   Section        0  cc932.o(i.ff_wtoupper)
    i.follow_path                            0x00004890   Section        0  ff.o(i.follow_path)
    follow_path                              0x00004891   Thumb Code   102  ff.o(i.follow_path)
    i.gen_numname                            0x000048f6   Section        0  ff.o(i.gen_numname)
    i.get_fat                                0x00004974   Section        0  ff.o(i.get_fat)
    i.get_fattime                            0x00004a2c   Section        0  mmc-dk-tm4c129x.o(i.get_fattime)
    i.get_fileinfo                           0x00004a34   Section        0  ff.o(i.get_fileinfo)
    get_fileinfo                             0x00004a35   Thumb Code   218  ff.o(i.get_fileinfo)
    i.ld_clust                               0x00004b0e   Section        0  ff.o(i.ld_clust)
    ld_clust                                 0x00004b0f   Thumb Code    18  ff.o(i.ld_clust)
    i.main                                   0x00004b20   Section        0  sd_card.o(i.main)
    i.mem_cpy                                0x00004c94   Section        0  ff.o(i.mem_cpy)
    mem_cpy                                  0x00004c95   Thumb Code    16  ff.o(i.mem_cpy)
    i.mem_set                                0x00004ca4   Section        0  ff.o(i.mem_set)
    mem_set                                  0x00004ca5   Thumb Code    14  ff.o(i.mem_set)
    i.move_window                            0x00004cb2   Section        0  ff.o(i.move_window)
    move_window                              0x00004cb3   Thumb Code    46  ff.o(i.move_window)
    i.power_on                               0x00004ce0   Section        0  mmc-dk-tm4c129x.o(i.power_on)
    power_on                                 0x00004ce1   Thumb Code   186  mmc-dk-tm4c129x.o(i.power_on)
    i.put_fat                                0x00004dc0   Section        0  ff.o(i.put_fat)
    i.rcvr_datablock                         0x00004eb8   Section        0  mmc-dk-tm4c129x.o(i.rcvr_datablock)
    rcvr_datablock                           0x00004eb9   Thumb Code    68  mmc-dk-tm4c129x.o(i.rcvr_datablock)
    i.rcvr_spi                               0x00004f00   Section        0  mmc-dk-tm4c129x.o(i.rcvr_spi)
    rcvr_spi                                 0x00004f01   Thumb Code    34  mmc-dk-tm4c129x.o(i.rcvr_spi)
    i.remove_chain                           0x00004f28   Section        0  ff.o(i.remove_chain)
    remove_chain                             0x00004f29   Thumb Code    98  ff.o(i.remove_chain)
    i.send_cmd                               0x00004f8a   Section        0  mmc-dk-tm4c129x.o(i.send_cmd)
    send_cmd                                 0x00004f8b   Thumb Code   102  mmc-dk-tm4c129x.o(i.send_cmd)
    i.send_initial_clock_train               0x00004ff0   Section        0  mmc-dk-tm4c129x.o(i.send_initial_clock_train)
    send_initial_clock_train                 0x00004ff1   Thumb Code    76  mmc-dk-tm4c129x.o(i.send_initial_clock_train)
    i.st_clust                               0x00005044   Section        0  ff.o(i.st_clust)
    st_clust                                 0x00005045   Thumb Code    16  ff.o(i.st_clust)
    i.sum_sfn                                0x00005054   Section        0  ff.o(i.sum_sfn)
    sum_sfn                                  0x00005055   Thumb Code    26  ff.o(i.sum_sfn)
    i.sync_window                            0x0000506e   Section        0  ff.o(i.sync_window)
    sync_window                              0x0000506f   Thumb Code    84  ff.o(i.sync_window)
    i.usnprintf                              0x000050c2   Section        0  ustdlib.o(i.usnprintf)
    i.usprintf                               0x000050d4   Section        0  ustdlib.o(i.usprintf)
    i.ustrncpy                               0x000050ea   Section        0  ustdlib.o(i.ustrncpy)
    i.uvsnprintf                             0x00005110   Section        0  ustdlib.o(i.uvsnprintf)
    i.validate                               0x00005360   Section        0  ff.o(i.validate)
    validate                                 0x00005361   Thumb Code    38  ff.o(i.validate)
    i.wait_ready                             0x00005388   Section        0  mmc-dk-tm4c129x.o(i.wait_ready)
    wait_ready                               0x00005389   Thumb Code    28  mmc-dk-tm4c129x.o(i.wait_ready)
    i.xmit_datablock                         0x000053a8   Section        0  mmc-dk-tm4c129x.o(i.xmit_datablock)
    xmit_datablock                           0x000053a9   Thumb Code    80  mmc-dk-tm4c129x.o(i.xmit_datablock)
    i.xmit_spi                               0x000053f8   Section        0  mmc-dk-tm4c129x.o(i.xmit_spi)
    xmit_spi                                 0x000053f9   Thumb Code    30  mmc-dk-tm4c129x.o(i.xmit_spi)
    .constdata                               0x0000541c   Section    30520  cc932.o(.constdata)
    uni2sjis                                 0x0000541c   Data       29560  cc932.o(.constdata)
    tbl_lower                                0x0000c794   Data         480  cc932.o(.constdata)
    tbl_upper                                0x0000c974   Data         480  cc932.o(.constdata)
    .constdata                               0x0000cb54   Section       13  ff.o(.constdata)
    LfnOfs                                   0x0000cb54   Data          13  ff.o(.constdata)
    .constdata                               0x0000cb64   Section       40  kentec320x240x16_ssd2119.o(.constdata)
    .constdata                               0x0000cb8c   Section       40  uartstdio.o(.constdata)
    g_pcHex                                  0x0000cb8c   Data           4  uartstdio.o(.constdata)
    g_ui32UARTBase                           0x0000cb90   Data          12  uartstdio.o(.constdata)
    g_ui32UARTInt                            0x0000cb9c   Data          12  uartstdio.o(.constdata)
    g_ui32UARTPeriph                         0x0000cba8   Data          12  uartstdio.o(.constdata)
    .constdata                               0x0000cbb4   Section       76  ustdlib.o(.constdata)
    g_pcHex                                  0x0000cbb4   Data           4  ustdlib.o(.constdata)
    g_psDaysToMonth                          0x0000cbb8   Data          48  ustdlib.o(.constdata)
    g_pfExponents                            0x0000cbe8   Data          24  ustdlib.o(.constdata)
    .constdata                               0x0000cc00   Section      596  sysctl.o(.constdata)
    g_pui32VCOFrequencies                    0x0000cc00   Data           8  sysctl.o(.constdata)
    g_pui32Xtals                             0x0000cc08   Data         108  sysctl.o(.constdata)
    g_pppui32XTALtoVCO                       0x0000cc74   Data         432  sysctl.o(.constdata)
    g_sXTALtoMEMTIM                          0x0000ce24   Data          48  sysctl.o(.constdata)
    .constdata                               0x0000ce54   Section       16  context.o(.constdata)
    .constdata                               0x0000ce64   Section     2398  fontcm20.o(.constdata)
    g_pui8Cm20Data                           0x0000ce64   Data        2398  fontcm20.o(.constdata)
    .constdata                               0x0000d7c4   Section      200  fontcm20.o(.constdata)
    .constdata                               0x0000d88c   Section     1300  fontcmss12.o(.constdata)
    g_pui8Cmss12Data                         0x0000d88c   Data        1300  fontcmss12.o(.constdata)
    .constdata                               0x0000dda0   Section      200  fontcmss12.o(.constdata)
    .constdata                               0x0000de68   Section      760  fontfixed6x8.o(.constdata)
    g_pui8FontFixed6x8Data                   0x0000de68   Data         760  fontfixed6x8.o(.constdata)
    .constdata                               0x0000e160   Section      200  fontfixed6x8.o(.constdata)
    .conststring                             0x0000e228   Section      531  sd_card.o(.conststring)
    .conststring                             0x0000e43c   Section        5  sd_card.o(.conststring)
    .conststring                             0x0000e444   Section       17  uartstdio.o(.conststring)
    .data                                    0x20000000   Section        8  ff.o(.data)
    Fsid                                     0x20000000   Data           2  ff.o(.data)
    FatFs                                    0x20000004   Data           4  ff.o(.data)
    .data                                    0x20000008   Section        5  mmc-dk-tm4c129x.o(.data)
    Stat                                     0x20000008   Data           1  mmc-dk-tm4c129x.o(.data)
    PowerFlag                                0x20000009   Data           1  mmc-dk-tm4c129x.o(.data)
    Timer1                                   0x2000000a   Data           1  mmc-dk-tm4c129x.o(.data)
    Timer2                                   0x2000000b   Data           1  mmc-dk-tm4c129x.o(.data)
    CardType                                 0x2000000c   Data           1  mmc-dk-tm4c129x.o(.data)
    .data                                    0x20000010   Section      876  sd_card.o(.data)
    g_pcCwdBuf                               0x20000018   Data          80  sd_card.o(.data)
    .data                                    0x2000037c   Section       24  sd_card.o(.data)
    .data                                    0x20000394   Section       64  sd_card.o(.data)
    .data                                    0x200003d4   Section       64  sd_card.o(.data)
    .data                                    0x20000414   Section       16  touch.o(.data)
    g_ui8State                               0x20000414   Data           1  touch.o(.data)
    g_i8Index                                0x20000415   Data           1  touch.o(.data)
    g_ui32TSState                            0x2000041c   Data           4  touch.o(.data)
    g_pfnTSHandler                           0x20000420   Data           4  touch.o(.data)
    .data                                    0x20000424   Section       28  uartstdio.o(.data)
    bLastWasCR                               0x20000424   Data           1  uartstdio.o(.data)
    g_bDisableEcho                           0x20000425   Data           1  uartstdio.o(.data)
    g_ui32UARTTxWriteIndex                   0x20000428   Data           4  uartstdio.o(.data)
    g_ui32UARTTxReadIndex                    0x2000042c   Data           4  uartstdio.o(.data)
    g_ui32UARTRxWriteIndex                   0x20000430   Data           4  uartstdio.o(.data)
    g_ui32UARTRxReadIndex                    0x20000434   Data           4  uartstdio.o(.data)
    g_ui32Base                               0x20000438   Data           4  uartstdio.o(.data)
    g_ui32PortNum                            0x2000043c   Data           4  uartstdio.o(.data)
    .data                                    0x20000440   Section        4  context.o(.data)
    g_psGrLibDefaults                        0x20000440   Data           4  context.o(.data)
    .data                                    0x20000444   Section       48  widget.o(.data)
    g_ui8MQMutex                             0x20000444   Data           1  widget.o(.data)
    g_psPointerWidget                        0x20000448   Data           4  widget.o(.data)
    g_ui32MQRead                             0x2000044c   Data           4  widget.o(.data)
    g_ui32MQWrite                            0x20000450   Data           4  widget.o(.data)
    .bss                                     0x20000474   Section       36  cmdline.o(.bss)
    g_ppcArgv                                0x20000474   Data          36  cmdline.o(.bss)
    .bss                                     0x20000498   Section      512  ff.o(.bss)
    LfnBuf                                   0x20000498   Data         512  ff.o(.bss)
    .bss                                     0x20000698   Section     2362  sd_card.o(.bss)
    g_pcTmpBuf                               0x20000698   Data          80  sd_card.o(.bss)
    g_pcCmdBuf                               0x200006e8   Data          64  sd_card.o(.bss)
    g_sFatFs                                 0x20000728   Data         564  sd_card.o(.bss)
    g_sDirObject                             0x2000095c   Data          36  sd_card.o(.bss)
    g_sFileInfo                              0x20000980   Data          32  sd_card.o(.bss)
    g_sFileObject                            0x200009a0   Data         548  sd_card.o(.bss)
    .bss                                     0x20000fd4   Section      192  sd_card.o(.bss)
    .bss                                     0x20001094   Section       16  touch.o(.bss)
    g_pi16Samples                            0x20001094   Data          16  touch.o(.bss)
    .bss                                     0x200010a4   Section     1152  uartstdio.o(.bss)
    g_pcUARTTxBuffer                         0x200010a4   Data        1024  uartstdio.o(.bss)
    g_pcUARTRxBuffer                         0x200014a4   Data         128  uartstdio.o(.bss)
    .bss                                     0x20001524   Section       32  image.o(.bss)
    g_pui8Dictionary                         0x20001524   Data          32  image.o(.bss)
    .bss                                     0x20001544   Section      320  widget.o(.bss)
    g_psMQ                                   0x20001544   Data         320  widget.o(.bss)
    STACK                                    0x20001688   Section     1024  startup_rvmdk.o(STACK)
    StackMem                                 0x20001688   Data           0  startup_rvmdk.o(STACK)

    Global Symbols

    Symbol Name                              Value     Ov Type        Size  Object(Section)

    BuildAttributes$$THM_ISAv4$E$P$D$K$B$S$7EM$VFPi3$EXTD16$VFPS$VFMA$PE$A:L22UL41UL21$X:L11$S22US41US21$IEEE1$IW$USESV6$~STKCKD$USESV7$~SHL$OTIME$EBA8$MICROLIB$REQ8$PRES8$EABIv2 0x00000000   Number         0  anon$$obj.o ABSOLUTE
    __ARM_use_no_argv                        0x00000000   Number         0  sd_card.o ABSOLUTE
    __Vectors                                0x00000000   Data           0  startup_rvmdk.o(RESET)
    __cpp_initialize__aeabi_                  - Undefined Weak Reference
    __cxa_finalize                            - Undefined Weak Reference
    _clock_init                               - Undefined Weak Reference
    _microlib_exit                            - Undefined Weak Reference
    Reset_Handler                            0x00000201   Thumb Code     0  startup_rvmdk.o(RESET)
    __main                                   0x0000021d   Thumb Code     0  entry.o(.ARM.Collect$$$$00000000)
    _main_stk                                0x0000021d   Thumb Code     0  entry2.o(.ARM.Collect$$$$00000001)
    _main_scatterload                        0x00000221   Thumb Code     0  entry5.o(.ARM.Collect$$$$00000004)
    __main_after_scatterload                 0x00000225   Thumb Code     0  entry5.o(.ARM.Collect$$$$00000004)
    _main_clock                              0x00000225   Thumb Code     0  entry7b.o(.ARM.Collect$$$$00000008)
    _main_cpp_init                           0x00000225   Thumb Code     0  entry8b.o(.ARM.Collect$$$$0000000A)
    _main_init                               0x00000225   Thumb Code     0  entry9a.o(.ARM.Collect$$$$0000000B)
    __rt_final_cpp                           0x0000022d   Thumb Code     0  entry10a.o(.ARM.Collect$$$$0000000D)
    __rt_final_exit                          0x0000022d   Thumb Code     0  entry11a.o(.ARM.Collect$$$$0000000F)
    WidgetMutexGet                           0x00000231   Thumb Code    20  widget.o(.emb_text)
    strcat                                   0x00000245   Thumb Code    24  strcat.o(.text)
    strncpy                                  0x0000025d   Thumb Code    24  strncpy.o(.text)
    strlen                                   0x00000275   Thumb Code    14  strlen.o(.text)
    strcmp                                   0x00000283   Thumb Code    28  strcmp.o(.text)
    strcpy                                   0x0000029f   Thumb Code    18  strcpy.o(.text)
    __scatterload                            0x000002b1   Thumb Code    28  init.o(.text)
    __scatterload_rt2                        0x000002b1   Thumb Code     0  init.o(.text)
    __decompress                             0x000002d5   Thumb Code     0  __dczerorl2.o(.text)
    __decompress1                            0x000002d5   Thumb Code    86  __dczerorl2.o(.text)
    CanvasMsgProc                            0x0000032b   Thumb Code   448  canvas.o(i.CanvasMsgProc)
    CmdLineProcess                           0x000005ad   Thumb Code    90  cmdline.o(i.CmdLineProcess)
    Cmd_cat                                  0x00000611   Thumb Code   144  sd_card.o(i.Cmd_cat)
    Cmd_cd                                   0x000006d9   Thumb Code   144  sd_card.o(i.Cmd_cd)
    Cmd_help                                 0x000007f1   Thumb Code    44  sd_card.o(i.Cmd_help)
    Cmd_ls                                   0x00000859   Thumb Code   392  sd_card.o(i.Cmd_ls)
    Cmd_pwd                                  0x00000a85   Thumb Code    20  sd_card.o(i.Cmd_pwd)
    GPIOPadConfigSet                         0x00000ab5   Thumb Code   312  gpio.o(i.GPIOPadConfigSet)
    GrContextClipRegionSet                   0x00000bff   Thumb Code   112  context.o(i.GrContextClipRegionSet)
    GrContextFontSet                         0x00000c6f   Thumb Code     6  string.o(i.GrContextFontSet)
    GrContextInit                            0x00000c75   Thumb Code    88  context.o(i.GrContextInit)
    GrDefaultStringRenderer                  0x00000cd9   Thumb Code   280  string.o(i.GrDefaultStringRenderer)
    GrFontBaselineGet                        0x00000df1   Thumb Code    44  string.o(i.GrFontBaselineGet)
    GrFontGlyphDataGet                       0x00000e1d   Thumb Code   166  string.o(i.GrFontGlyphDataGet)
    GrFontGlyphRender                        0x00000ec3   Thumb Code   646  string.o(i.GrFontGlyphRender)
    GrFontHeightGet                          0x00001149   Thumb Code    44  string.o(i.GrFontHeightGet)
    GrImageDraw                              0x00001175   Thumb Code    24  image.o(i.GrImageDraw)
    GrLineDrawH                              0x0000118d   Thumb Code    76  line.o(i.GrLineDrawH)
    GrLineDrawV                              0x000011d9   Thumb Code    76  line.o(i.GrLineDrawV)
    GrMapISO8859_1_Unicode                   0x00001225   Thumb Code     8  charmap.o(i.GrMapISO8859_1_Unicode)
    GrRectDraw                               0x0000122d   Thumb Code   108  rectangle.o(i.GrRectDraw)
    GrRectFill                               0x00001299   Thumb Code   180  rectangle.o(i.GrRectFill)
    GrStringDraw                             0x0000134d   Thumb Code    32  string.o(i.GrStringDraw)
    GrStringWidthGet                         0x0000136d   Thumb Code   192  string.o(i.GrStringWidthGet)
    LCDIDDCommandWrite                       0x00001a81   Thumb Code    12  lcd.o(i.LCDIDDCommandWrite)
    LCDIDDDataWrite                          0x00001a8d   Thumb Code    12  lcd.o(i.LCDIDDDataWrite)
    ListBoxMsgProc                           0x00001a99   Thumb Code   888  listbox.o(i.ListBoxMsgProc)
    ListBoxTextAdd                           0x00001e11   Thumb Code   106  listbox.o(i.ListBoxTextAdd)
    OnBtnCD                                  0x00001e7d   Thumb Code   144  sd_card.o(i.OnBtnCD)
    OnBtnUp                                  0x00001f49   Thumb Code   148  sd_card.o(i.OnBtnUp)
    OnListBoxChange                          0x00002019   Thumb Code    96  sd_card.o(i.OnListBoxChange)
    PinoutSet                                0x0000209d   Thumb Code    12  pinout.o(i.PinoutSet)
    RectangularButtonMsgProc                 0x00002481   Thumb Code   304  pushbutton.o(i.RectangularButtonMsgProc)
    SysCtlClockFreqSet                       0x000027a1   Thumb Code   700  sysctl.o(i.SysCtlClockFreqSet)
    SysTickHandler                           0x00002a85   Thumb Code     4  sd_card.o(i.SysTickHandler)
    TouchScreenIntHandler                    0x00002be5   Thumb Code   290  touch.o(i.TouchScreenIntHandler)
    UARTFlushRx                              0x00002d31   Thumb Code    36  uartstdio.o(i.UARTFlushRx)
    UARTFlushTx                              0x00002d59   Thumb Code    52  uartstdio.o(i.UARTFlushTx)
    UARTPeek                                 0x00002d91   Thumb Code    52  uartstdio.o(i.UARTPeek)
    UARTStdioConfig                          0x00002e45   Thumb Code   142  uartstdio.o(i.UARTStdioConfig)
    UARTStdioIntHandler                      0x00002edd   Thumb Code   248  uartstdio.o(i.UARTStdioIntHandler)
    UARTgets                                 0x00002fe5   Thumb Code    78  uartstdio.o(i.UARTgets)
    UARTprintf                               0x0000303d   Thumb Code    18  uartstdio.o(i.UARTprintf)
    UARTvprintf                              0x00003051   Thumb Code   420  uartstdio.o(i.UARTvprintf)
    UARTwrite                                0x00003205   Thumb Code   134  uartstdio.o(i.UARTwrite)
    WidgetAdd                                0x00003301   Thumb Code    38  widget.o(i.WidgetAdd)
    WidgetDefaultMsgProc                     0x00003327   Thumb Code     4  widget.o(i.WidgetDefaultMsgProc)
    WidgetMessageQueueAdd                    0x0000332d   Thumb Code   210  widget.o(i.WidgetMessageQueueAdd)
    WidgetMessageQueueProcess                0x00003409   Thumb Code   168  widget.o(i.WidgetMessageQueueProcess)
    WidgetMessageSendPostOrder               0x000034b9   Thumb Code   208  widget.o(i.WidgetMessageSendPostOrder)
    WidgetRemove                             0x00003591   Thumb Code   150  widget.o(i.WidgetRemove)
    __scatterload_copy                       0x00003661   Thumb Code    14  handlers.o(i.__scatterload_copy)
    __scatterload_null                       0x0000366f   Thumb Code     2  handlers.o(i.__scatterload_null)
    __scatterload_zeroinit                   0x00003671   Thumb Code    14  handlers.o(i.__scatterload_zeroinit)
    clust2sect                               0x00003901   Thumb Code    24  ff.o(i.clust2sect)
    disk_initialize                          0x000040fd   Thumb Code   344  mmc-dk-tm4c129x.o(i.disk_initialize)
    disk_read                                0x00004265   Thumb Code   178  mmc-dk-tm4c129x.o(i.disk_read)
    disk_status                              0x0000431d   Thumb Code    12  mmc-dk-tm4c129x.o(i.disk_status)
    disk_timerproc                           0x0000432d   Thumb Code    22  mmc-dk-tm4c129x.o(i.disk_timerproc)
    disk_write                               0x00004349   Thumb Code   168  mmc-dk-tm4c129x.o(i.disk_write)
    f_getfree                                0x000043f5   Thumb Code   194  ff.o(i.f_getfree)
    f_mount                                  0x000044b9   Thumb Code    26  ff.o(i.f_mount)
    f_open                                   0x000044d9   Thumb Code   314  ff.o(i.f_open)
    f_opendir                                0x00004619   Thumb Code    96  ff.o(i.f_opendir)
    f_read                                   0x0000467d   Thumb Code   320  ff.o(i.f_read)
    f_readdir                                0x000047bd   Thumb Code    82  ff.o(i.f_readdir)
    ff_convert                               0x00004815   Thumb Code    82  cc932.o(i.ff_convert)
    ff_wtoupper                              0x0000486d   Thumb Code    28  cc932.o(i.ff_wtoupper)
    gen_numname                              0x000048f7   Thumb Code   126  ff.o(i.gen_numname)
    get_fat                                  0x00004975   Thumb Code   184  ff.o(i.get_fat)
    get_fattime                              0x00004a2d   Thumb Code     4  mmc-dk-tm4c129x.o(i.get_fattime)
    main                                     0x00004b21   Thumb Code   182  sd_card.o(i.main)
    put_fat                                  0x00004dc1   Thumb Code   248  ff.o(i.put_fat)
    usnprintf                                0x000050c3   Thumb Code    18  ustdlib.o(i.usnprintf)
    usprintf                                 0x000050d5   Thumb Code    22  ustdlib.o(i.usprintf)
    ustrncpy                                 0x000050eb   Thumb Code    36  ustdlib.o(i.ustrncpy)
    uvsnprintf                               0x00005111   Thumb Code   580  ustdlib.o(i.uvsnprintf)
    g_sKentec320x240x16_SSD2119              0x0000cb64   Data          40  kentec320x240x16_ssd2119.o(.constdata)
    g_psDefaultCodePointMapTable             0x0000ce54   Data          16  context.o(.constdata)
    g_sFontCm20                              0x0000d7c4   Data         200  fontcm20.o(.constdata)
    g_sFontCmss12                            0x0000dda0   Data         200  fontcmss12.o(.constdata)
    g_sFontFixed6x8                          0x0000e160   Data         200  fontfixed6x8.o(.constdata)
    Region$$Table$$Base                      0x0000e458   Number         0  anon$$obj.o(Region$$Table)
    Region$$Table$$Limit                     0x0000e478   Number         0  anon$$obj.o(Region$$Table)
    g_ui32StatusStringIndex                  0x20000010   Data           4  sd_card.o(.data)
    g_ui32SysClock                           0x20000014   Data           4  sd_card.o(.data)
    g_psFResultStrings                       0x20000068   Data         160  sd_card.o(.data)
    g_sStatusList                            0x20000108   Data          84  sd_card.o(.data)
    g_sDirList                               0x2000015c   Data          84  sd_card.o(.data)
    g_sPWD                                   0x200001b0   Data          64  sd_card.o(.data)
    g_sCDBtn                                 0x200001f0   Data          80  sd_card.o(.data)
    g_sCDBackground                          0x20000240   Data          64  sd_card.o(.data)
    g_sUpBtn                                 0x20000280   Data          80  sd_card.o(.data)
    g_sUpBackground                          0x200002d0   Data          64  sd_card.o(.data)
    g_psCmdTable                             0x20000310   Data         108  sd_card.o(.data)
    g_ppcStatusStrings                       0x2000037c   Data          24  sd_card.o(.data)
    g_sPWDTitle                              0x20000394   Data          64  sd_card.o(.data)
    g_sBackground                            0x200003d4   Data          64  sd_card.o(.data)
    g_i16TouchMin                            0x20000416   Data           2  touch.o(.data)
    g_i16TouchX                              0x20000418   Data           2  touch.o(.data)
    g_i16TouchY                              0x2000041a   Data           2  touch.o(.data)
    g_sRoot                                  0x20000454   Data          32  widget.o(.data)
    g_pcFilenames                            0x20000bc4   Data         816  sd_card.o(.bss)
    g_pcStatus                               0x20000ef4   Data         222  sd_card.o(.bss)
    g_ppcDirListStrings                      0x20000fd4   Data         192  sd_card.o(.bss)
    __initial_sp                             0x20001a88   Data           0  startup_rvmdk.o(STACK)



==============================================================================

Memory Map of the image

  Image Entry point : 0x00000201

  Load Region LR_IROM (Base: 0x00000000, Size: 0x0000e8ec, Max: 0x00100000, ABSOLUTE, COMPRESSED[0x0000e628])

    Execution Region ER_IROM (Exec base: 0x00000000, Load base: 0x00000000, Size: 0x0000e478, Max: 0x00100000, ABSOLUTE)

    Exec Addr    Load Addr    Size         Type   Attr      Idx    E Section Name        Object

    0x00000000   0x00000000   0x0000021c   Code   RO          720  * RESET               startup_rvmdk.o
    0x0000021c   0x0000021c   0x00000000   Code   RO         2890  * .ARM.Collect$$$$00000000  mc_w.l(entry.o)
    0x0000021c   0x0000021c   0x00000004   Code   RO         2903    .ARM.Collect$$$$00000001  mc_w.l(entry2.o)
    0x00000220   0x00000220   0x00000004   Code   RO         2906    .ARM.Collect$$$$00000004  mc_w.l(entry5.o)
    0x00000224   0x00000224   0x00000000   Code   RO         2908    .ARM.Collect$$$$00000008  mc_w.l(entry7b.o)
    0x00000224   0x00000224   0x00000000   Code   RO         2910    .ARM.Collect$$$$0000000A  mc_w.l(entry8b.o)
    0x00000224   0x00000224   0x00000008   Code   RO         2911    .ARM.Collect$$$$0000000B  mc_w.l(entry9a.o)
    0x0000022c   0x0000022c   0x00000000   Code   RO         2913    .ARM.Collect$$$$0000000D  mc_w.l(entry10a.o)
    0x0000022c   0x0000022c   0x00000000   Code   RO         2915    .ARM.Collect$$$$0000000F  mc_w.l(entry11a.o)
    0x0000022c   0x0000022c   0x00000004   Code   RO         2904    .ARM.Collect$$$$00002712  mc_w.l(entry2.o)
    0x00000230   0x00000230   0x00000014   Code   RO         2465    .emb_text           grlib.lib(widget.o)
    0x00000244   0x00000244   0x00000018   Code   RO         2893    .text               mc_w.l(strcat.o)
    0x0000025c   0x0000025c   0x00000018   Code   RO         2895    .text               mc_w.l(strncpy.o)
    0x00000274   0x00000274   0x0000000e   Code   RO         2897    .text               mc_w.l(strlen.o)
    0x00000282   0x00000282   0x0000001c   Code   RO         2899    .text               mc_w.l(strcmp.o)
    0x0000029e   0x0000029e   0x00000012   Code   RO         2901    .text               mc_w.l(strcpy.o)
    0x000002b0   0x000002b0   0x00000024   Code   RO         2917    .text               mc_w.l(init.o)
    0x000002d4   0x000002d4   0x00000056   Code   RO         2927    .text               mc_w.l(__dczerorl2.o)
    0x0000032a   0x0000032a   0x000001c0   Code   RO         2122    i.CanvasMsgProc     grlib.lib(canvas.o)
    0x000004ea   0x000004ea   0x00000002   PAD
    0x000004ec   0x000004ec   0x000000c0   Code   RO          570    i.ChangeToDirectory  sd_card.o
    0x000005ac   0x000005ac   0x00000064   Code   RO           32    i.CmdLineProcess    cmdline.o
    0x00000610   0x00000610   0x000000c8   Code   RO          571    i.Cmd_cat           sd_card.o
    0x000006d8   0x000006d8   0x00000118   Code   RO          572    i.Cmd_cd            sd_card.o
    0x000007f0   0x000007f0   0x00000068   Code   RO          573    i.Cmd_help          sd_card.o
    0x00000858   0x00000858   0x0000022c   Code   RO          574    i.Cmd_ls            sd_card.o
    0x00000a84   0x00000a84   0x0000001c   Code   RO          575    i.Cmd_pwd           sd_card.o
    0x00000aa0   0x00000aa0   0x00000014   Code   RO          439    i.DESELECT          mmc-dk-tm4c129x.o
    0x00000ab4   0x00000ab4   0x00000138   Code   RO         1019    i.GPIOPadConfigSet  driverlib.lib(gpio.o)
    0x00000bec   0x00000bec   0x00000012   Code   RO          771    i.GetBufferCount    uartstdio.o
    0x00000bfe   0x00000bfe   0x00000070   Code   RO         2153    i.GrContextClipRegionSet  grlib.lib(context.o)
    0x00000c6e   0x00000c6e   0x00000006   Code   RO         2341    i.GrContextFontSet  grlib.lib(string.o)
    0x00000c74   0x00000c74   0x00000064   Code   RO         2154    i.GrContextInit     grlib.lib(context.o)
    0x00000cd8   0x00000cd8   0x00000118   Code   RO         2342    i.GrDefaultStringRenderer  grlib.lib(string.o)
    0x00000df0   0x00000df0   0x0000002c   Code   RO         2343    i.GrFontBaselineGet  grlib.lib(string.o)
    0x00000e1c   0x00000e1c   0x000000a6   Code   RO         2346    i.GrFontGlyphDataGet  grlib.lib(string.o)
    0x00000ec2   0x00000ec2   0x00000286   Code   RO         2347    i.GrFontGlyphRender  grlib.lib(string.o)
    0x00001148   0x00001148   0x0000002c   Code   RO         2348    i.GrFontHeightGet   grlib.lib(string.o)
    0x00001174   0x00001174   0x00000018   Code   RO         2237    i.GrImageDraw       grlib.lib(image.o)
    0x0000118c   0x0000118c   0x0000004c   Code   RO         2868    i.GrLineDrawH       grlib.lib(line.o)
    0x000011d8   0x000011d8   0x0000004c   Code   RO         2869    i.GrLineDrawV       grlib.lib(line.o)
    0x00001224   0x00001224   0x00000008   Code   RO         2667    i.GrMapISO8859_1_Unicode  grlib.lib(charmap.o)
    0x0000122c   0x0000122c   0x0000006c   Code   RO         2837    i.GrRectDraw        grlib.lib(rectangle.o)
    0x00001298   0x00001298   0x000000b4   Code   RO         2838    i.GrRectFill        grlib.lib(rectangle.o)
    0x0000134c   0x0000134c   0x00000020   Code   RO         2353    i.GrStringDraw      grlib.lib(string.o)
    0x0000136c   0x0000136c   0x000000c0   Code   RO         2358    i.GrStringWidthGet  grlib.lib(string.o)
    0x0000142c   0x0000142c   0x00000380   Code   RO         2239    i.InternalImageDraw  grlib.lib(image.o)
    0x000017ac   0x000017ac   0x00000010   Code   RO          772    i.IsBufferEmpty     uartstdio.o
    0x000017bc   0x000017bc   0x0000001a   Code   RO          773    i.IsBufferFull      uartstdio.o
    0x000017d6   0x000017d6   0x0000001a   Code   RO          343    i.Kentec320x240x16_SSD2119ColorTranslate  kentec320x240x16_ssd2119.o
    0x000017f0   0x000017f0   0x00000002   Code   RO          344    i.Kentec320x240x16_SSD2119Flush  kentec320x240x16_ssd2119.o
    0x000017f2   0x000017f2   0x0000004c   Code   RO          346    i.Kentec320x240x16_SSD2119LineDrawH  kentec320x240x16_ssd2119.o
    0x0000183e   0x0000183e   0x0000004c   Code   RO          347    i.Kentec320x240x16_SSD2119LineDrawV  kentec320x240x16_ssd2119.o
    0x0000188a   0x0000188a   0x00000030   Code   RO          348    i.Kentec320x240x16_SSD2119PixelDraw  kentec320x240x16_ssd2119.o
    0x000018ba   0x000018ba   0x00000116   Code   RO          349    i.Kentec320x240x16_SSD2119PixelDrawMultiple  kentec320x240x16_ssd2119.o
    0x000019d0   0x000019d0   0x000000b0   Code   RO          350    i.Kentec320x240x16_SSD2119RectFill  kentec320x240x16_ssd2119.o
    0x00001a80   0x00001a80   0x0000000c   Code   RO         1335    i.LCDIDDCommandWrite  driverlib.lib(lcd.o)
    0x00001a8c   0x00001a8c   0x0000000c   Code   RO         1340    i.LCDIDDDataWrite   driverlib.lib(lcd.o)
    0x00001a98   0x00001a98   0x00000378   Code   RO         2271    i.ListBoxMsgProc    grlib.lib(listbox.o)
    0x00001e10   0x00001e10   0x0000006a   Code   RO         2272    i.ListBoxTextAdd    grlib.lib(listbox.o)
    0x00001e7a   0x00001e7a   0x00000002   PAD
    0x00001e7c   0x00001e7c   0x000000cc   Code   RO          576    i.OnBtnCD           sd_card.o
    0x00001f48   0x00001f48   0x000000d0   Code   RO          577    i.OnBtnUp           sd_card.o
    0x00002018   0x00002018   0x00000084   Code   RO          578    i.OnListBoxChange   sd_card.o
    0x0000209c   0x0000209c   0x00000010   Code   RO          552    i.PinoutSet         pinout.o
    0x000020ac   0x000020ac   0x00000296   Code   RO         2240    i.PixelTransparentDraw  grlib.lib(image.o)
    0x00002342   0x00002342   0x00000002   PAD
    0x00002344   0x00002344   0x000000d4   Code   RO          579    i.PopulateFileListBox  sd_card.o
    0x00002418   0x00002418   0x00000068   Code   RO          580    i.PrintfStatus      sd_card.o
    0x00002480   0x00002480   0x00000130   Code   RO         2301    i.RectangularButtonMsgProc  grlib.lib(pushbutton.o)
    0x000025b0   0x000025b0   0x000001a2   Code   RO         2302    i.RectangularButtonPaint  grlib.lib(pushbutton.o)
    0x00002752   0x00002752   0x00000002   PAD
    0x00002754   0x00002754   0x00000014   Code   RO          440    i.SELECT            mmc-dk-tm4c129x.o
    0x00002768   0x00002768   0x00000038   Code   RO          581    i.StringFromFResult  sd_card.o
    0x000027a0   0x000027a0   0x000002e4   Code   RO         1530    i.SysCtlClockFreqSet  driverlib.lib(sysctl.o)
    0x00002a84   0x00002a84   0x00000004   Code   RO          582    i.SysTickHandler    sd_card.o
    0x00002a88   0x00002a88   0x0000015c   Code   RO          726    i.TouchScreenDebouncer  touch.o
    0x00002be4   0x00002be4   0x0000014c   Code   RO          728    i.TouchScreenIntHandler  touch.o
    0x00002d30   0x00002d30   0x00000028   Code   RO          775    i.UARTFlushRx       uartstdio.o
    0x00002d58   0x00002d58   0x00000038   Code   RO          776    i.UARTFlushTx       uartstdio.o
    0x00002d90   0x00002d90   0x0000003c   Code   RO          777    i.UARTPeek          uartstdio.o
    0x00002dcc   0x00002dcc   0x00000078   Code   RO          778    i.UARTPrimeTransmit  uartstdio.o
    0x00002e44   0x00002e44   0x00000098   Code   RO          780    i.UARTStdioConfig   uartstdio.o
    0x00002edc   0x00002edc   0x00000108   Code   RO          781    i.UARTStdioIntHandler  uartstdio.o
    0x00002fe4   0x00002fe4   0x00000058   Code   RO          784    i.UARTgets          uartstdio.o
    0x0000303c   0x0000303c   0x00000012   Code   RO          785    i.UARTprintf        uartstdio.o
    0x0000304e   0x0000304e   0x00000002   PAD
    0x00003050   0x00003050   0x000001b4   Code   RO          786    i.UARTvprintf       uartstdio.o
    0x00003204   0x00003204   0x00000090   Code   RO          787    i.UARTwrite         uartstdio.o
    0x00003294   0x00003294   0x0000006c   Code   RO         2359    i.UpdateContextCharMapping  grlib.lib(string.o)
    0x00003300   0x00003300   0x00000026   Code   RO         2466    i.WidgetAdd         grlib.lib(widget.o)
    0x00003326   0x00003326   0x00000004   Code   RO         2467    i.WidgetDefaultMsgProc  grlib.lib(widget.o)
    0x0000332a   0x0000332a   0x00000002   PAD
    0x0000332c   0x0000332c   0x000000dc   Code   RO         2468    i.WidgetMessageQueueAdd  grlib.lib(widget.o)
    0x00003408   0x00003408   0x000000b0   Code   RO         2469    i.WidgetMessageQueueProcess  grlib.lib(widget.o)
    0x000034b8   0x000034b8   0x000000d8   Code   RO         2470    i.WidgetMessageSendPostOrder  grlib.lib(widget.o)
    0x00003590   0x00003590   0x0000009c   Code   RO         2475    i.WidgetRemove      grlib.lib(widget.o)
    0x0000362c   0x0000362c   0x00000010   Code   RO          351    i.WriteCommand      kentec320x240x16_ssd2119.o
    0x0000363c   0x0000363c   0x00000024   Code   RO          352    i.WriteData         kentec320x240x16_ssd2119.o
    0x00003660   0x00003660   0x0000000e   Code   RO         2921    i.__scatterload_copy  mc_w.l(handlers.o)
    0x0000366e   0x0000366e   0x00000002   Code   RO         2922    i.__scatterload_null  mc_w.l(handlers.o)
    0x00003670   0x00003670   0x0000000e   Code   RO         2923    i.__scatterload_zeroinit  mc_w.l(handlers.o)
    0x0000367e   0x0000367e   0x00000002   PAD
    0x00003680   0x00003680   0x0000005c   Code   RO           59    i.check_fs          ff.o
    0x000036dc   0x000036dc   0x00000010   Code   RO           60    i.chk_chr           ff.o
    0x000036ec   0x000036ec   0x00000214   Code   RO           61    i.chk_mounted       ff.o
    0x00003900   0x00003900   0x00000018   Code   RO           62    i.clust2sect        ff.o
    0x00003918   0x00003918   0x00000096   Code   RO           63    i.create_chain      ff.o
    0x000039ae   0x000039ae   0x00000002   PAD
    0x000039b0   0x000039b0   0x0000021c   Code   RO           64    i.create_name       ff.o
    0x00003bcc   0x00003bcc   0x00000128   Code   RO           65    i.dir_find          ff.o
    0x00003cf4   0x00003cf4   0x000000e8   Code   RO           66    i.dir_next          ff.o
    0x00003ddc   0x00003ddc   0x000000fc   Code   RO           67    i.dir_read          ff.o
    0x00003ed8   0x00003ed8   0x000001a4   Code   RO           68    i.dir_register      ff.o
    0x0000407c   0x0000407c   0x0000007e   Code   RO           70    i.dir_sdi           ff.o
    0x000040fa   0x000040fa   0x00000002   PAD
    0x000040fc   0x000040fc   0x00000168   Code   RO          441    i.disk_initialize   mmc-dk-tm4c129x.o
    0x00004264   0x00004264   0x000000b8   Code   RO          443    i.disk_read         mmc-dk-tm4c129x.o
    0x0000431c   0x0000431c   0x00000010   Code   RO          444    i.disk_status       mmc-dk-tm4c129x.o
    0x0000432c   0x0000432c   0x0000001c   Code   RO          445    i.disk_timerproc    mmc-dk-tm4c129x.o
    0x00004348   0x00004348   0x000000ac   Code   RO          446    i.disk_write        mmc-dk-tm4c129x.o
    0x000043f4   0x000043f4   0x000000c2   Code   RO           73    i.f_getfree         ff.o
    0x000044b6   0x000044b6   0x00000002   PAD
    0x000044b8   0x000044b8   0x00000020   Code   RO           76    i.f_mount           ff.o
    0x000044d8   0x000044d8   0x00000140   Code   RO           77    i.f_open            ff.o
    0x00004618   0x00004618   0x00000064   Code   RO           78    i.f_opendir         ff.o
    0x0000467c   0x0000467c   0x00000140   Code   RO           79    i.f_read            ff.o
    0x000047bc   0x000047bc   0x00000058   Code   RO           80    i.f_readdir         ff.o
    0x00004814   0x00004814   0x00000058   Code   RO            1    i.ff_convert        cc932.o
    0x0000486c   0x0000486c   0x00000024   Code   RO            2    i.ff_wtoupper       cc932.o
    0x00004890   0x00004890   0x00000066   Code   RO           88    i.follow_path       ff.o
    0x000048f6   0x000048f6   0x0000007e   Code   RO           89    i.gen_numname       ff.o
    0x00004974   0x00004974   0x000000b8   Code   RO           90    i.get_fat           ff.o
    0x00004a2c   0x00004a2c   0x00000008   Code   RO          447    i.get_fattime       mmc-dk-tm4c129x.o
    0x00004a34   0x00004a34   0x000000da   Code   RO           91    i.get_fileinfo      ff.o
    0x00004b0e   0x00004b0e   0x00000012   Code   RO           92    i.ld_clust          ff.o
    0x00004b20   0x00004b20   0x00000174   Code   RO          583    i.main              sd_card.o
    0x00004c94   0x00004c94   0x00000010   Code   RO           93    i.mem_cpy           ff.o
    0x00004ca4   0x00004ca4   0x0000000e   Code   RO           94    i.mem_set           ff.o
    0x00004cb2   0x00004cb2   0x0000002e   Code   RO           95    i.move_window       ff.o
    0x00004ce0   0x00004ce0   0x000000e0   Code   RO          448    i.power_on          mmc-dk-tm4c129x.o
    0x00004dc0   0x00004dc0   0x000000f8   Code   RO           96    i.put_fat           ff.o
    0x00004eb8   0x00004eb8   0x00000048   Code   RO          449    i.rcvr_datablock    mmc-dk-tm4c129x.o
    0x00004f00   0x00004f00   0x00000028   Code   RO          450    i.rcvr_spi          mmc-dk-tm4c129x.o
    0x00004f28   0x00004f28   0x00000062   Code   RO           97    i.remove_chain      ff.o
    0x00004f8a   0x00004f8a   0x00000066   Code   RO          451    i.send_cmd          mmc-dk-tm4c129x.o
    0x00004ff0   0x00004ff0   0x00000054   Code   RO          452    i.send_initial_clock_train  mmc-dk-tm4c129x.o
    0x00005044   0x00005044   0x00000010   Code   RO           98    i.st_clust          ff.o
    0x00005054   0x00005054   0x0000001a   Code   RO           99    i.sum_sfn           ff.o
    0x0000506e   0x0000506e   0x00000054   Code   RO          101    i.sync_window       ff.o
    0x000050c2   0x000050c2   0x00000012   Code   RO          893    i.usnprintf         ustdlib.o
    0x000050d4   0x000050d4   0x00000016   Code   RO          894    i.usprintf          ustdlib.o
    0x000050ea   0x000050ea   0x00000024   Code   RO          901    i.ustrncpy          ustdlib.o
    0x0000510e   0x0000510e   0x00000002   PAD
    0x00005110   0x00005110   0x00000250   Code   RO          905    i.uvsnprintf        ustdlib.o
    0x00005360   0x00005360   0x00000026   Code   RO          102    i.validate          ff.o
    0x00005386   0x00005386   0x00000002   PAD
    0x00005388   0x00005388   0x00000020   Code   RO          453    i.wait_ready        mmc-dk-tm4c129x.o
    0x000053a8   0x000053a8   0x00000050   Code   RO          454    i.xmit_datablock    mmc-dk-tm4c129x.o
    0x000053f8   0x000053f8   0x00000024   Code   RO          455    i.xmit_spi          mmc-dk-tm4c129x.o
    0x0000541c   0x0000541c   0x00007738   Data   RO            3    .constdata          cc932.o
    0x0000cb54   0x0000cb54   0x0000000d   Data   RO          104    .constdata          ff.o
    0x0000cb61   0x0000cb61   0x00000003   PAD
    0x0000cb64   0x0000cb64   0x00000028   Data   RO          353    .constdata          kentec320x240x16_ssd2119.o
    0x0000cb8c   0x0000cb8c   0x00000028   Data   RO          789    .constdata          uartstdio.o
    0x0000cbb4   0x0000cbb4   0x0000004c   Data   RO          906    .constdata          ustdlib.o
    0x0000cc00   0x0000cc00   0x00000254   Data   RO         1584    .constdata          driverlib.lib(sysctl.o)
    0x0000ce54   0x0000ce54   0x00000010   Data   RO         2156    .constdata          grlib.lib(context.o)
    0x0000ce64   0x0000ce64   0x0000095e   Data   RO         2181    .constdata          grlib.lib(fontcm20.o)
    0x0000d7c2   0x0000d7c2   0x00000002   PAD
    0x0000d7c4   0x0000d7c4   0x000000c8   Data   RO         2182    .constdata          grlib.lib(fontcm20.o)
    0x0000d88c   0x0000d88c   0x00000514   Data   RO         2195    .constdata          grlib.lib(fontcmss12.o)
    0x0000dda0   0x0000dda0   0x000000c8   Data   RO         2196    .constdata          grlib.lib(fontcmss12.o)
    0x0000de68   0x0000de68   0x000002f8   Data   RO         2223    .constdata          grlib.lib(fontfixed6x8.o)
    0x0000e160   0x0000e160   0x000000c8   Data   RO         2224    .constdata          grlib.lib(fontfixed6x8.o)
    0x0000e228   0x0000e228   0x00000213   Data   RO          587    .conststring        sd_card.o
    0x0000e43b   0x0000e43b   0x00000001   PAD
    0x0000e43c   0x0000e43c   0x00000005   Data   RO          588    .conststring        sd_card.o
    0x0000e441   0x0000e441   0x00000003   PAD
    0x0000e444   0x0000e444   0x00000011   Data   RO          790    .conststring        uartstdio.o
    0x0000e455   0x0000e455   0x00000003   PAD
    0x0000e458   0x0000e458   0x00000020   Data   RO         2919    Region$$Table       anon$$obj.o


    Execution Region RW_IRAM (Exec base: 0x20000000, Load base: 0x0000e478, Size: 0x00001a88, Max: 0x00040000, ABSOLUTE, COMPRESSED[0x000001b0])

    Exec Addr    Load Addr    Size         Type   Attr      Idx    E Section Name        Object

    0x20000000   COMPRESSED   0x00000008   Data   RW          105    .data               ff.o
    0x20000008   COMPRESSED   0x00000005   Data   RW          456    .data               mmc-dk-tm4c129x.o
    0x2000000d   COMPRESSED   0x00000003   PAD
    0x20000010   COMPRESSED   0x0000036c   Data   RW          589    .data               sd_card.o
    0x2000037c   COMPRESSED   0x00000018   Data   RW          590    .data               sd_card.o
    0x20000394   COMPRESSED   0x00000040   Data   RW          591    .data               sd_card.o
    0x200003d4   COMPRESSED   0x00000040   Data   RW          592    .data               sd_card.o
    0x20000414   COMPRESSED   0x00000010   Data   RW          731    .data               touch.o
    0x20000424   COMPRESSED   0x0000001c   Data   RW          791    .data               uartstdio.o
    0x20000440   COMPRESSED   0x00000004   Data   RW         2157    .data               grlib.lib(context.o)
    0x20000444   COMPRESSED   0x00000030   Data   RW         2477    .data               grlib.lib(widget.o)
    0x20000474        -       0x00000024   Zero   RW           33    .bss                cmdline.o
    0x20000498        -       0x00000200   Zero   RW          103    .bss                ff.o
    0x20000698        -       0x0000093a   Zero   RW          584    .bss                sd_card.o
    0x20000fd2   COMPRESSED   0x00000002   PAD
    0x20000fd4        -       0x000000c0   Zero   RW          585    .bss                sd_card.o
    0x20001094        -       0x00000010   Zero   RW          729    .bss                touch.o
    0x200010a4        -       0x00000480   Zero   RW          788    .bss                uartstdio.o
    0x20001524        -       0x00000020   Zero   RW         2241    .bss                grlib.lib(image.o)
    0x20001544        -       0x00000140   Zero   RW         2476    .bss                grlib.lib(widget.o)
    0x20001684   COMPRESSED   0x00000004   PAD
    0x20001688        -       0x00000400   Zero   RW          718    STACK               startup_rvmdk.o


==============================================================================

Image component sizes


      Code (inc. data)   RO Data    RW Data    ZI Data      Debug   Object Name

       124         14      30520          0          0       4491   cc932.o
       100         10          0          0         36       5324   cmdline.o
      4968         76         13          8        512      38275   ff.o
         0          0          0          0          0      25112   frame.o
       734         12         40          0          0       9326   kentec320x240x16_ssd2119.o
      1478        114          0          5          0      15189   mmc-dk-tm4c129x.o
        16          4          0          0          0        476   pinout.o
      2652        866        536       1028       2554      33493   sd_card.o
       540        514          0          0       1024        308   startup_rvmdk.o
       680         70          0         16         16       3490   touch.o
      1438         90         57         28       1152      12617   uartstdio.o
       668         12         76          0          0       5795   ustdlib.o

    ----------------------------------------------------------------------
     13410       1782      31284       1088       5296     153896   Object Totals
         0          0         32          0          0          0   (incl. Generated)
        12          0         10          3          2          0   (incl. Padding)

    ----------------------------------------------------------------------

      Code (inc. data)   RO Data    RW Data    ZI Data      Debug   Library Member Name

       312          0          0          0          0       3939   gpio.o
        24          0          0          0          0       1051   lcd.o
       740         40        596          0          0       3469   sysctl.o
       448          0          0          0          0      32190   canvas.o
         8          0          0          0          0       1418   charmap.o
       212         12         16          4          0       1988   context.o
         0          0       2598          0          0      25638   fontcm20.o
         0          0       1500          0          0      25646   fontcmss12.o
         0          0        960          0          0      25658   fontfixed6x8.o
      1582          6          0          0         32       5070   image.o
       152          0          0          0          0       1950   line.o
       994          0          0          0          0       7662   listbox.o
       722          0          0          0          0       8947   pushbutton.o
       288          0          0          0          0       2039   rectangle.o
      1518          0          0          0          0       9916   string.o
       830         32          0         48        320       7460   widget.o
        86          0          0          0          0          0   __dczerorl2.o
         0          0          0          0          0          0   entry.o
         0          0          0          0          0          0   entry10a.o
         0          0          0          0          0          0   entry11a.o
         8          4          0          0          0          0   entry2.o
         4          0          0          0          0          0   entry5.o
         0          0          0          0          0          0   entry7b.o
         0          0          0          0          0          0   entry8b.o
         8          4          0          0          0          0   entry9a.o
        30          0          0          0          0          0   handlers.o
        36          8          0          0          0         68   init.o
        24          0          0          0          0         68   strcat.o
        28          0          0          0          0         76   strcmp.o
        18          0          0          0          0         68   strcpy.o
        14          0          0          0          0         68   strlen.o
        24          0          0          0          0         76   strncpy.o

    ----------------------------------------------------------------------
      8122        106       5672         52        356     164465   Library Totals
        12          0          2          0          4          0   (incl. Padding)

    ----------------------------------------------------------------------

      Code (inc. data)   RO Data    RW Data    ZI Data      Debug   Library Name

      1076         40        596          0          0       8459   driverlib.lib
      6754         50       5074         52        352     155582   grlib.lib
       280         16          0          0          0        424   mc_w.l

    ----------------------------------------------------------------------
      8122        106       5672         52        356     164465   Library Totals

    ----------------------------------------------------------------------

==============================================================================


      Code (inc. data)   RO Data    RW Data    ZI Data      Debug   

     21532       1888      36956       1140       5652     306389   Grand Totals
     21532       1888      36956        432       5652     306389   ELF Image Totals (compressed)
     21532       1888      36956        432          0          0   ROM Totals

==============================================================================

    Total RO  Size (Code + RO Data)                58488 (  57.12kB)
    Total RW  Size (RW Data + ZI Data)              6792 (   6.63kB)
    Total ROM Size (Code + RO Data + RW Data)      58920 (  57.54kB)

==============================================================================

